Component: ARM Compiler 5.06 update 7 (build 960) Tool: armlink [4d3601]

==============================================================================

Section Cross References

    startup_stm32f10x_md.o(RESET) refers to startup_stm32f10x_md.o(STACK) for __initial_sp
    startup_stm32f10x_md.o(RESET) refers to startup_stm32f10x_md.o(.text) for Reset_Handler
    startup_stm32f10x_md.o(RESET) refers to stm32f10x_it.o(i.NMI_Handler) for NMI_Handler
    startup_stm32f10x_md.o(RESET) refers to stm32f10x_it.o(i.HardFault_Handler) for HardFault_Handler
    startup_stm32f10x_md.o(RESET) refers to stm32f10x_it.o(i.MemManage_Handler) for MemManage_Handler
    startup_stm32f10x_md.o(RESET) refers to stm32f10x_it.o(i.BusFault_Handler) for BusFault_Handler
    startup_stm32f10x_md.o(RESET) refers to stm32f10x_it.o(i.UsageFault_Handler) for UsageFault_Handler
    startup_stm32f10x_md.o(RESET) refers to stm32f10x_it.o(i.SVC_Handler) for SVC_Handler
    startup_stm32f10x_md.o(RESET) refers to stm32f10x_it.o(i.DebugMon_Handler) for DebugMon_Handler
    startup_stm32f10x_md.o(RESET) refers to stm32f10x_it.o(i.PendSV_Handler) for PendSV_Handler
    startup_stm32f10x_md.o(RESET) refers to stm32f10x_it.o(i.SysTick_Handler) for SysTick_Handler
    startup_stm32f10x_md.o(RESET) refers to lora.o(i.EXTI1_IRQHandler) for EXTI1_IRQHandler
    startup_stm32f10x_md.o(RESET) refers to time1.o(i.TIM1_UP_IRQHandler) for TIM1_UP_IRQHandler
    startup_stm32f10x_md.o(RESET) refers to time2.o(i.TIM2_IRQHandler) for TIM2_IRQHandler
    startup_stm32f10x_md.o(RESET) refers to time3.o(i.TIM3_IRQHandler) for TIM3_IRQHandler
    startup_stm32f10x_md.o(RESET) refers to usart1.o(i.USART1_IRQHandler) for USART1_IRQHandler
    startup_stm32f10x_md.o(RESET) refers to usart3.o(i.USART3_IRQHandler) for USART3_IRQHandler
    startup_stm32f10x_md.o(.text) refers to system_stm32f10x.o(i.SystemInit) for SystemInit
    startup_stm32f10x_md.o(.text) refers to entry.o(.ARM.Collect$$$$00000000) for __main
    system_stm32f10x.o(i.SetSysClock) refers to system_stm32f10x.o(i.SetSysClockTo72) for SetSysClockTo72
    system_stm32f10x.o(i.SystemCoreClockUpdate) refers to system_stm32f10x.o(.data) for SystemCoreClock
    system_stm32f10x.o(i.SystemInit) refers to system_stm32f10x.o(i.SetSysClock) for SetSysClock
    stm32f10x_adc.o(i.ADC_DeInit) refers to stm32f10x_rcc.o(i.RCC_APB2PeriphResetCmd) for RCC_APB2PeriphResetCmd
    stm32f10x_bkp.o(i.BKP_DeInit) refers to stm32f10x_rcc.o(i.RCC_BackupResetCmd) for RCC_BackupResetCmd
    stm32f10x_can.o(i.CAN_DeInit) refers to stm32f10x_rcc.o(i.RCC_APB1PeriphResetCmd) for RCC_APB1PeriphResetCmd
    stm32f10x_can.o(i.CAN_GetITStatus) refers to stm32f10x_can.o(i.CheckITStatus) for CheckITStatus
    stm32f10x_cec.o(i.CEC_DeInit) refers to stm32f10x_rcc.o(i.RCC_APB1PeriphResetCmd) for RCC_APB1PeriphResetCmd
    stm32f10x_dac.o(i.DAC_DeInit) refers to stm32f10x_rcc.o(i.RCC_APB1PeriphResetCmd) for RCC_APB1PeriphResetCmd
    stm32f10x_flash.o(i.FLASH_EnableWriteProtection) refers to stm32f10x_flash.o(i.FLASH_WaitForLastOperation) for FLASH_WaitForLastOperation
    stm32f10x_flash.o(i.FLASH_EraseAllBank1Pages) refers to stm32f10x_flash.o(i.FLASH_WaitForLastBank1Operation) for FLASH_WaitForLastBank1Operation
    stm32f10x_flash.o(i.FLASH_EraseAllPages) refers to stm32f10x_flash.o(i.FLASH_WaitForLastOperation) for FLASH_WaitForLastOperation
    stm32f10x_flash.o(i.FLASH_EraseOptionBytes) refers to stm32f10x_flash.o(i.FLASH_GetReadOutProtectionStatus) for FLASH_GetReadOutProtectionStatus
    stm32f10x_flash.o(i.FLASH_EraseOptionBytes) refers to stm32f10x_flash.o(i.FLASH_WaitForLastOperation) for FLASH_WaitForLastOperation
    stm32f10x_flash.o(i.FLASH_ErasePage) refers to stm32f10x_flash.o(i.FLASH_WaitForLastOperation) for FLASH_WaitForLastOperation
    stm32f10x_flash.o(i.FLASH_ProgramHalfWord) refers to stm32f10x_flash.o(i.FLASH_WaitForLastOperation) for FLASH_WaitForLastOperation
    stm32f10x_flash.o(i.FLASH_ProgramOptionByteData) refers to stm32f10x_flash.o(i.FLASH_WaitForLastOperation) for FLASH_WaitForLastOperation
    stm32f10x_flash.o(i.FLASH_ProgramWord) refers to stm32f10x_flash.o(i.FLASH_WaitForLastOperation) for FLASH_WaitForLastOperation
    stm32f10x_flash.o(i.FLASH_ReadOutProtection) refers to stm32f10x_flash.o(i.FLASH_WaitForLastOperation) for FLASH_WaitForLastOperation
    stm32f10x_flash.o(i.FLASH_UserOptionByteConfig) refers to stm32f10x_flash.o(i.FLASH_WaitForLastOperation) for FLASH_WaitForLastOperation
    stm32f10x_flash.o(i.FLASH_WaitForLastBank1Operation) refers to stm32f10x_flash.o(i.FLASH_GetBank1Status) for FLASH_GetBank1Status
    stm32f10x_flash.o(i.FLASH_WaitForLastOperation) refers to stm32f10x_flash.o(i.FLASH_GetBank1Status) for FLASH_GetBank1Status
    stm32f10x_gpio.o(i.GPIO_AFIODeInit) refers to stm32f10x_rcc.o(i.RCC_APB2PeriphResetCmd) for RCC_APB2PeriphResetCmd
    stm32f10x_gpio.o(i.GPIO_DeInit) refers to stm32f10x_rcc.o(i.RCC_APB2PeriphResetCmd) for RCC_APB2PeriphResetCmd
[...]
    cdcmple.s                                0x00000000   Number         0  cdcmple.o ABSOLUTE
    cdrcmple.s                               0x00000000   Number         0  cdrcmple.o ABSOLUTE
    dc.s                                     0x00000000   Number         0  dc.o ABSOLUTE
    handlers.s                               0x00000000   Number         0  handlers.o ABSOLUTE
    init.s                                   0x00000000   Number         0  init.o ABSOLUTE
    RESET                                    0x08000000   Section      236  startup_stm32f10x_md.o(RESET)
    .ARM.Collect$$$$00000000                 0x080000ec   Section        0  entry.o(.ARM.Collect$$$$00000000)
    .ARM.Collect$$$$00000001                 0x080000ec   Section        4  entry2.o(.ARM.Collect$$$$00000001)
    .ARM.Collect$$$$00000004                 0x080000f0   Section        4  entry5.o(.ARM.Collect$$$$00000004)
    .ARM.Collect$$$$00000008                 0x080000f4   Section        0  entry7b.o(.ARM.Collect$$$$00000008)
    .ARM.Collect$$$$0000000A                 0x080000f4   Section        0  entry8b.o(.ARM.Collect$$$$0000000A)
    .ARM.Collect$$$$0000000B                 0x080000f4   Section        8  entry9a.o(.ARM.Collect$$$$0000000B)
    .ARM.Collect$$$$0000000E                 0x080000fc   Section        4  entry12b.o(.ARM.Collect$$$$0000000E)
    .ARM.Collect$$$$0000000F                 0x08000100   Section        0  entry10a.o(.ARM.Collect$$$$0000000F)
    .ARM.Collect$$$$00000011                 0x08000100   Section        0  entry11a.o(.ARM.Collect$$$$00000011)
    .ARM.Collect$$$$00002712                 0x08000100   Section        4  entry2.o(.ARM.Collect$$$$00002712)
    __lit__00000000                          0x08000100   Data           4  entry2.o(.ARM.Collect$$$$00002712)
    .text                                    0x08000104   Section       36  startup_stm32f10x_md.o(.text)
    .text                                    0x08000128   Section        0  strstr.o(.text)
    .text                                    0x0800014c   Section        0  strlen.o(.text)
    .text                                    0x0800015a   Section        0  strcpy.o(.text)
    .text                                    0x0800016c   Section        0  strncmp.o(.text)
    .text                                    0x0800018a   Section        0  fadd.o(.text)
    .text                                    0x0800023a   Section        0  fmul.o(.text)
    .text                                    0x0800029e   Section        0  fdiv.o(.text)
    .text                                    0x0800031a   Section        0  dmul.o(.text)
    .text                                    0x080003fe   Section        0  ddiv.o(.text)
    .text                                    0x080004dc   Section        0  fflti.o(.text)
    .text                                    0x080004ee   Section        0  ffltui.o(.text)
    .text                                    0x080004f8   Section        0  dfltui.o(.text)
    .text                                    0x08000512   Section        0  ffixui.o(.text)
    .text                                    0x0800053a   Section        0  dfixui.o(.text)
    .text                                    0x0800056c   Section        0  f2d.o(.text)
    .text                                    0x08000592   Section        0  d2f.o(.text)
    .text                                    0x080005ca   Section        0  uidiv.o(.text)
    .text                                    0x080005f6   Section        0  uldiv.o(.text)
    .text                                    0x08000658   Section        0  llushr.o(.text)
    .text                                    0x08000678   Section        0  iusefp.o(.text)
    .text                                    0x08000678   Section        0  fepilogue.o(.text)
    .text                                    0x080006e6   Section        0  depilogue.o(.text)
    .text                                    0x080007a0   Section        0  dadd.o(.text)
    .text                                    0x080008ee   Section        0  dscalb.o(.text)
    .text                                    0x0800091c   Section        0  dflti.o(.text)
    .text                                    0x0800093e   Section        0  dfixul.o(.text)
    .text                                    0x08000970   Section       48  cdrcmple.o(.text)
    .text                                    0x080009a0   Section       36  init.o(.text)
    .text                                    0x080009c4   Section        0  llshl.o(.text)
    .text                                    0x080009e2   Section        0  llsshr.o(.text)
    .text                                    0x08000a06   Section        0  dsqrt.o(.text)
    i.ADC_Cmd                                0x08000aa8   Section        0  stm32f10x_adc.o(i.ADC_Cmd)
    i.ADC_GetCalibrationStatus               0x08000abe   Section        0  stm32f10x_adc.o(i.ADC_GetCalibrationStatus)
    i.ADC_GetConversionValue                 0x08000ad2   Section        0  stm32f10x_adc.o(i.ADC_GetConversionValue)
    i.ADC_GetFlagStatus                      0x08000ada   Section        0  stm32f10x_adc.o(i.ADC_GetFlagStatus)
    i.ADC_GetResetCalibrationStatus          0x08000aec   Section        0  stm32f10x_adc.o(i.ADC_GetResetCalibrationStatus)
    i.ADC_Init                               0x08000b00   Section        0  stm32f10x_adc.o(i.ADC_Init)
    i.ADC_RegularChannelConfig               0x08000b50   Section        0  stm32f10x_adc.o(i.ADC_RegularChannelConfig)
    i.ADC_ResetCalibration                   0x08000c08   Section        0  stm32f10x_adc.o(i.ADC_ResetCalibration)
    i.ADC_SoftwareStartConvCmd               0x08000c12   Section        0  stm32f10x_adc.o(i.ADC_SoftwareStartConvCmd)
    i.ADC_StartCalibration                   0x08000c28   Section        0  stm32f10x_adc.o(i.ADC_StartCalibration)
    i.AD_Average_Data                        0x08000c32   Section        0  mq-2.o(i.AD_Average_Data)
    i.AD_GetValue                            0x08000c5c   Section        0  soil_sensor.o(i.AD_GetValue)
    i.AD_GetValue_MQ2                        0x08000c78   Section        0  mq-2.o(i.AD_GetValue_MQ2)
    i.Aux_Int                                0x08000c94   Section        0  lora.o(i.Aux_Int)
    i.BH1750_FluxValue                       0x08000ce4   Section        0  bh1750.o(i.BH1750_FluxValue)
    i.BH1750_I2C_GPIOInit                    0x08000d14   Section        0  bh1750.o(i.BH1750_I2C_GPIOInit)
    BH1750_I2C_GPIOInit                      0x08000d15   Thumb Code    58  bh1750.o(i.BH1750_I2C_GPIOInit)
    i.BH1750_I2C_ReadByte                    0x08000d54   Section        0  bh1750.o(i.BH1750_I2C_ReadByte)
    i.BH1750_I2C_SendAck                     0x08000dac   Section        0  bh1750.o(i.BH1750_I2C_SendAck)
    i.BH1750_I2C_SendByte                    0x08000de4   Section        0  bh1750.o(i.BH1750_I2C_SendByte)
    i.BH1750_I2C_SendNAck                    0x08000e34   Section        0  bh1750.o(i.BH1750_I2C_SendNAck)
    i.BH1750_I2C_Start                       0x08000e6c   Section        0  bh1750.o(i.BH1750_I2C_Start)
    i.BH1750_I2C_Stop                        0x08000eb0   Section        0  bh1750.o(i.BH1750_I2C_Stop)
    i.BH1750_I2C_WaitAck                     0x08000ef4   Section        0  bh1750.o(i.BH1750_I2C_WaitAck)
    i.BH1750_Init                            0x08000f38   Section        0  bh1750.o(i.BH1750_Init)
    i.BH1750_ReadData                        0x08000f4c   Section        0  bh1750.o(i.BH1750_ReadData)
    i.BH1750_SendData                        0x08000f84   Section        0  bh1750.o(i.BH1750_SendData)
    i.BusFault_Handler                       0x08000fbc   Section        0  stm32f10x_it.o(i.BusFault_Handler)
    i.DH11_GPIOMode_INPUT                    0x08000fc0   Section        0  dht11.o(i.DH11_GPIOMode_INPUT)
    i.DH11_GPIOMode_OUTPUT                   0x08000fec   Section        0  dht11.o(i.DH11_GPIOMode_OUTPUT)
    i.DH11_ReadByte                          0x08001018   Section        0  dht11.o(i.DH11_ReadByte)
    i.DH11_ReadValue                         0x0800106c   Section        0  dht11.o(i.DH11_ReadValue)
    i.DH11_Srart                             0x0800110c   Section        0  dht11.o(i.DH11_Srart)
    i.DebugMon_Handler                       0x08001150   Section        0  stm32f10x_it.o(i.DebugMon_Handler)
    i.EXTI1_IRQHandler                       0x08001154   Section        0  lora.o(i.EXTI1_IRQHandler)
    i.EXTI_ClearITPendingBit                 0x080011cc   Section        0  stm32f10x_exti.o(i.EXTI_ClearITPendingBit)
    i.EXTI_GetITStatus                       0x080011d8   Section        0  stm32f10x_exti.o(i.EXTI_GetITStatus)
    i.EXTI_Init                              0x08001200   Section        0  stm32f10x_exti.o(i.EXTI_Init)
    i.GPIO_EXTILineConfig                    0x08001294   Section        0  stm32f10x_gpio.o(i.GPIO_EXTILineConfig)
    i.GPIO_Init                              0x080012d4   Section        0  stm32f10x_gpio.o(i.GPIO_Init)
    i.GPIO_ReadInputDataBit                  0x080013ea   Section        0  stm32f10x_gpio.o(i.GPIO_ReadInputDataBit)
    i.GPIO_ReadOutputDataBit                 0x080013fc   Section        0  stm32f10x_gpio.o(i.GPIO_ReadOutputDataBit)
    i.GPIO_ResetBits                         0x0800140e   Section        0  stm32f10x_gpio.o(i.GPIO_ResetBits)
    i.GPIO_SetBits                           0x08001412   Section        0  stm32f10x_gpio.o(i.GPIO_SetBits)
    i.GPIO_WriteBit                          0x08001416   Section        0  stm32f10x_gpio.o(i.GPIO_WriteBit)
    i.GetPPM                                 0x08001420   Section        0  mq-2.o(i.GetPPM)
    i.Get_Vol                                0x08001490   Section        0  mq-2.o(i.Get_Vol)
    i.HardFault_Handler                      0x080014c8   Section        0  stm32f10x_it.o(i.HardFault_Handler)
    i.InitSystem                             0x080014cc   Section        0  sensor.o(i.InitSystem)
    i.Key_Init                               0x080014e4   Section        0  key.o(i.Key_Init)
    i.LoRa_Init                              0x08001510   Section        0  lora.o(i.LoRa_Init)
    i.LoRa_ReceData                          0x0800160c   Section        0  lora.o(i.LoRa_ReceData)
    i.LoRa_SendData                          0x0800172c   Section        0  lora.o(i.LoRa_SendData)
    i.Lora_set                               0x0800188c   Section        0  lora.o(i.Lora_set)
    i.MQ2_Init                               0x080019a0   Section        0  mq-2.o(i.MQ2_Init)
    i.MY_USART3                              0x08001a4c   Section        0  usart3.o(i.MY_USART3)
    i.MemManage_Handler                      0x08001af8   Section        0  stm32f10x_it.o(i.MemManage_Handler)
    i.Motor_Init                             0x08001afc   Section        0  motor.o(i.Motor_Init)
    i.Motor_SetSpeed1                        0x08001b58   Section        0  motor.o(i.Motor_SetSpeed1)
    i.Motor_SetSpeed2                        0x08001b9c   Section        0  motor.o(i.Motor_SetSpeed2)
    i.NMI_Handler                            0x08001be4   Section        0  stm32f10x_it.o(i.NMI_Handler)
    i.NVIC_Init                              0x08001be8   Section        0  misc.o(i.NVIC_Init)
    i.NVIC_PriorityGroupConfig               0x08001c58   Section        0  misc.o(i.NVIC_PriorityGroupConfig)
    i.OLED_Clear                             0x08001c6c   Section        0  oled.o(i.OLED_Clear)
    i.OLED_I2C_Init                          0x08001c98   Section        0  oled.o(i.OLED_I2C_Init)
    i.OLED_I2C_SendByte                      0x08001ce4   Section        0  oled.o(i.OLED_I2C_SendByte)
    i.OLED_I2C_Start                         0x08001d34   Section        0  oled.o(i.OLED_I2C_Start)
    i.OLED_I2C_Stop                          0x08001d64   Section        0  oled.o(i.OLED_I2C_Stop)
    i.OLED_Init                              0x08001d8c   Section        0  oled.o(i.OLED_Init)
    i.OLED_Pow                               0x08001e3a   Section        0  oled.o(i.OLED_Pow)
    i.OLED_SetCursor                         0x08001e4e   Section        0  oled.o(i.OLED_SetCursor)
    i.OLED_ShowChar                          0x08001e70   Section        0  oled.o(i.OLED_ShowChar)
    i.OLED_ShowNum                           0x08001ee4   Section        0  oled.o(i.OLED_ShowNum)
    i.OLED_ShowString                        0x08001f28   Section        0  oled.o(i.OLED_ShowString)
    i.OLED_WriteCommand                      0x08001f50   Section        0  oled.o(i.OLED_WriteCommand)
    i.OLED_WriteData                         0x08001f70   Section        0  oled.o(i.OLED_WriteData)
    i.PWM_Init1                              0x08001f90   Section        0  pwm.o(i.PWM_Init1)
    i.PWM_Init2                              0x08002024   Section        0  pwm.o(i.PWM_Init2)
    i.PWM_SetCompare3                        0x080020b8   Section        0  pwm.o(i.PWM_SetCompare3)
    i.PWM_SetCompare4                        0x080020cc   Section        0  pwm.o(i.PWM_SetCompare4)
    i.PendSV_Handler                         0x080020e0   Section        0  stm32f10x_it.o(i.PendSV_Handler)
    i.RCC_ADCCLKConfig                       0x080020e4   Section        0  stm32f10x_rcc.o(i.RCC_ADCCLKConfig)
    i.RCC_APB1PeriphClockCmd                 0x080020fc   Section        0  stm32f10x_rcc.o(i.RCC_APB1PeriphClockCmd)
    i.RCC_APB1PeriphResetCmd                 0x0800211c   Section        0  stm32f10x_rcc.o(i.RCC_APB1PeriphResetCmd)
    i.RCC_APB2PeriphClockCmd                 0x0800213c   Section        0  stm32f10x_rcc.o(i.RCC_APB2PeriphClockCmd)
    i.RCC_APB2PeriphResetCmd                 0x0800215c   Section        0  stm32f10x_rcc.o(i.RCC_APB2PeriphResetCmd)
    i.RCC_GetClocksFreq                      0x0800217c   Section        0  stm32f10x_rcc.o(i.RCC_GetClocksFreq)
    i.ReadSGP30Data                          0x08002250   Section        0  sensor.o(i.ReadSGP30Data)
    i.SDA_IN                                 0x08002284   Section        0  sgp30.o(i.SDA_IN)
    i.SDA_OUT                                0x080022a8   Section        0  sgp30.o(i.SDA_OUT)
    i.SGP30_GPIO_Init                        0x080022cc   Section        0  sgp30.o(i.SGP30_GPIO_Init)
    i.SGP30_IIC_Ack                          0x08002308   Section        0  sgp30.o(i.SGP30_IIC_Ack)
    i.SGP30_IIC_NAck                         0x08002340   Section        0  sgp30.o(i.SGP30_IIC_NAck)
    i.SGP30_IIC_Read_Byte                    0x08002378   Section        0  sgp30.o(i.SGP30_IIC_Read_Byte)
    i.SGP30_IIC_Send_Byte                    0x080023dc   Section        0  sgp30.o(i.SGP30_IIC_Send_Byte)
    i.SGP30_IIC_Start                        0x08002440   Section        0  sgp30.o(i.SGP30_IIC_Start)
    i.SGP30_IIC_Stop                         0x08002478   Section        0  sgp30.o(i.SGP30_IIC_Stop)
    i.SGP30_IIC_Wait_Ack                     0x080024ac   Section        0  sgp30.o(i.SGP30_IIC_Wait_Ack)
    i.SGP30_Init                             0x08002504   Section        0  sgp30.o(i.SGP30_Init)
    i.SGP30_Read                             0x08002514   Section        0  sgp30.o(i.SGP30_Read)
    i.SGP30_Write                            0x0800255c   Section        0  sgp30.o(i.SGP30_Write)
    i.SVC_Handler                            0x08002590   Section        0  stm32f10x_it.o(i.SVC_Handler)
    i.SetSysClock                            0x08002592   Section        0  system_stm32f10x.o(i.SetSysClock)
    SetSysClock                              0x08002593   Thumb Code     8  system_stm32f10x.o(i.SetSysClock)
    i.SetSysClockTo72                        0x0800259c   Section        0  system_stm32f10x.o(i.SetSysClockTo72)
    SetSysClockTo72                          0x0800259d   Thumb Code   214  system_stm32f10x.o(i.SetSysClockTo72)
    i.Soil_ADValue                           0x0800267c   Section        0  soil_sensor.o(i.Soil_ADValue)
    i.Soil_Init                              0x080026f0   Section        0  soil_sensor.o(i.Soil_Init)
    i.SysTick_CLKSourceConfig                0x08002794   Section        0  misc.o(i.SysTick_CLKSourceConfig)
    i.SysTick_Handler                        0x080027bc   Section        0  stm32f10x_it.o(i.SysTick_Handler)
    i.SystemInit                             0x080027c0   Section        0  system_stm32f10x.o(i.SystemInit)
    i.TIM1_Init                              0x08002820   Section        0  time1.o(i.TIM1_Init)
    i.TIM1_UP_IRQHandler                     0x08002880   Section        0  time1.o(i.TIM1_UP_IRQHandler)
    i.TIM2_IRQHandler                        0x080028a4   Section        0  time2.o(i.TIM2_IRQHandler)
    i.TIM2_Init                              0x080028d4   Section        0  time2.o(i.TIM2_Init)
    i.TIM3_IRQHandler                        0x08002930   Section        0  time3.o(i.TIM3_IRQHandler)
    i.TIM3_Init                              0x08002964   Section        0  time3.o(i.TIM3_Init)
    i.TIM_ClearITPendingBit                  0x080029c4   Section        0  stm32f10x_tim.o(i.TIM_ClearITPendingBit)
    i.TIM_Cmd                                0x080029ca   Section        0  stm32f10x_tim.o(i.TIM_Cmd)
    i.TIM_GetITStatus                        0x080029e2   Section        0  stm32f10x_tim.o(i.TIM_GetITStatus)
    i.TIM_ITConfig                           0x08002a04   Section        0  stm32f10x_tim.o(i.TIM_ITConfig)
    i.TIM_InternalClockConfig                0x08002a16   Section        0  stm32f10x_tim.o(i.TIM_InternalClockConfig)
    i.TIM_OC3Init                            0x08002a24   Section        0  stm32f10x_tim.o(i.TIM_OC3Init)
    i.TIM_OC4Init                            0x08002ac4   Section        0  stm32f10x_tim.o(i.TIM_OC4Init)
    i.TIM_OCStructInit                       0x08002b40   Section        0  stm32f10x_tim.o(i.TIM_OCStructInit)
    i.TIM_SetCompare3                        0x08002b54   Section        0  stm32f10x_tim.o(i.TIM_SetCompare3)
    i.TIM_SetCompare4                        0x08002b58   Section        0  stm32f10x_tim.o(i.TIM_SetCompare4)
    i.TIM_SetCounter                         0x08002b5e   Section        0  stm32f10x_tim.o(i.TIM_SetCounter)
    i.TIM_TimeBaseInit                       0x08002b64   Section        0  stm32f10x_tim.o(i.TIM_TimeBaseInit)
    i.USART1_IRQHandler                      0x08002c08   Section        0  usart1.o(i.USART1_IRQHandler)
    i.USART3_IRQHandler                      0x08002c80   Section        0  usart3.o(i.USART3_IRQHandler)
    i.USART_Cmd                              0x08002ca4   Section        0  stm32f10x_usart.o(i.USART_Cmd)
    i.USART_DeInit                           0x08002cbc   Section        0  stm32f10x_usart.o(i.USART_DeInit)
    i.USART_GetFlagStatus                    0x08002d58   Section        0  stm32f10x_usart.o(i.USART_GetFlagStatus)
    i.USART_GetITStatus                      0x08002d72   Section        0  stm32f10x_usart.o(i.USART_GetITStatus)
    i.USART_ITConfig                         0x08002dc6   Section        0  stm32f10x_usart.o(i.USART_ITConfig)
    i.USART_Init                             0x08002e10   Section        0  stm32f10x_usart.o(i.USART_Init)
    i.USART_ReceiveData                      0x08002ee8   Section        0  stm32f10x_usart.o(i.USART_ReceiveData)
    i.USART_SendByte                         0x08002ef2   Section        0  usart3.o(i.USART_SendByte)
    i.USART_SendData                         0x08002f0e   Section        0  stm32f10x_usart.o(i.USART_SendData)
    i.UsageFault_Handler                     0x08002f16   Section        0  stm32f10x_it.o(i.UsageFault_Handler)
    i.WaitForSGP30Stable                     0x08002f1c   Section        0  sensor.o(i.WaitForSGP30Stable)
    i.__0sprintf                             0x08002fd4   Section        0  printfa.o(i.__0sprintf)
    i.__0vsprintf                            0x08002ffc   Section        0  printfa.o(i.__0vsprintf)
    i.__ARM_fpclassify                       0x08003020   Section        0  fpclassify.o(i.__ARM_fpclassify)
    i.__kernel_poly                          0x08003048   Section        0  poly.o(i.__kernel_poly)
    i.__mathlib_dbl_divzero                  0x080030f4   Section        0  dunder.o(i.__mathlib_dbl_divzero)
    i.__mathlib_dbl_infnan2                  0x08003104   Section        0  dunder.o(i.__mathlib_dbl_infnan2)
    i.__mathlib_dbl_invalid                  0x08003108   Section        0  dunder.o(i.__mathlib_dbl_invalid)
    i.__mathlib_dbl_overflow                 0x08003114   Section        0  dunder.o(i.__mathlib_dbl_overflow)
    i.__mathlib_dbl_underflow                0x08003124   Section        0  dunder.o(i.__mathlib_dbl_underflow)
    i.__scatterload_copy                     0x08003134   Section       14  handlers.o(i.__scatterload_copy)
    i.__scatterload_null                     0x08003142   Section        2  handlers.o(i.__scatterload_null)
    i.__scatterload_zeroinit                 0x08003144   Section       14  handlers.o(i.__scatterload_zeroinit)
    i.__set_errno                            0x08003154   Section        0  errno.o(i.__set_errno)
    i._fp_digits                             0x08003160   Section        0  printfa.o(i._fp_digits)
    _fp_digits                               0x08003161   Thumb Code   366  printfa.o(i._fp_digits)
    i._printf_core                           0x080032e4   Section        0  printfa.o(i._printf_core)
    _printf_core                             0x080032e5   Thumb Code  1704  printfa.o(i._printf_core)
    i._printf_post_padding                   0x08003998   Section        0  printfa.o(i._printf_post_padding)
    _printf_post_padding                     0x08003999   Thumb Code    36  printfa.o(i._printf_post_padding)
    i._printf_pre_padding                    0x080039bc   Section        0  printfa.o(i._printf_pre_padding)
    _printf_pre_padding                      0x080039bd   Thumb Code    46  printfa.o(i._printf_pre_padding)
    i._sputc                                 0x080039ea   Section        0  printfa.o(i._sputc)
    _sputc                                   0x080039eb   Thumb Code    10  printfa.o(i._sputc)
    i.buzzer_init                            0x080039f4   Section        0  buzzer.o(i.buzzer_init)
    i.buzzer_turn                            0x08003a28   Section        0  buzzer.o(i.buzzer_turn)
    i.delay_init                             0x08003a58   Section        0  delay.o(i.delay_init)
    i.delay_ms                               0x08003a9c   Section        0  delay.o(i.delay_ms)
    i.delay_us                               0x08003ae8   Section        0  delay.o(i.delay_us)
    i.lora_check_cmd                         0x08003b34   Section        0  lora.o(i.lora_check_cmd)
    i.lora_send_cmd                          0x08003b68   Section        0  lora.o(i.lora_send_cmd)
    i.main                                   0x08003be8   Section        0  main.o(i.main)
    i.pow                                    0x08003d18   Section        0  pow.o(i.pow)
    i.relay_init                             0x080046f0   Section        0  jdq.o(i.relay_init)
    i.relay_off                              0x08004724   Section        0  jdq.o(i.relay_off)
    i.relay_on                               0x08004738   Section        0  jdq.o(i.relay_on)
    i.sqrt                                   0x0800474c   Section        0  sqrt.o(i.sqrt)
    i.u3_printf                              0x08004798   Section        0  usart1.o(i.u3_printf)
    i.usart1_init                            0x080047e8   Section        0  usart1.o(i.usart1_init)
    i.usart1_rx                              0x080048a8   Section        0  usart1.o(i.usart1_rx)
    .constdata                               0x080048e0   Section     1520  oled.o(.constdata)
    .constdata                               0x08004ed0   Section      136  pow.o(.constdata)
    bp                                       0x08004ed0   Data          16  pow.o(.constdata)
    dp_h                                     0x08004ee0   Data          16  pow.o(.constdata)
    dp_l                                     0x08004ef0   Data          16  pow.o(.constdata)
    L                                        0x08004f00   Data          48  pow.o(.constdata)
    P                                        0x08004f30   Data          40  pow.o(.constdata)
    .constdata                               0x08004f58   Section        8  qnan.o(.constdata)
    .data                                    0x20000000   Section       20  system_stm32f10x.o(.data)
    .data                                    0x20000014   Section       20  stm32f10x_rcc.o(.data)
    APBAHBPrescTable                         0x20000014   Data          16  stm32f10x_rcc.o(.data)
    ADCPrescTable                            0x20000024   Data           4  stm32f10x_rcc.o(.data)
    .data                                    0x20000028   Section        2  dht11.o(.data)
    .data                                    0x2000002c   Section       20  lora.o(.data)
    Int_mode                                 0x2000002d   Data           1  lora.o(.data)
    .data                                    0x20000040   Section        4  delay.o(.data)
    fac_us                                   0x20000040   Data           1  delay.o(.data)
    fac_ms                                   0x20000042   Data           2  delay.o(.data)
    .data                                    0x20000044   Section       17  sensor.o(.data)
    .data                                    0x20000055   Section        3  time2.o(.data)
    .data                                    0x20000058   Section        2  usart1.o(.data)
    .data                                    0x2000005a   Section        1  time1.o(.data)
    .data                                    0x2000005c   Section        4  errno.o(.data)
    _errno                                   0x2000005c   Data           4  errno.o(.data)
    .bss                                     0x20000060   Section     1640  usart1.o(.bss)
    STACK                                    0x200006c8   Section     1024  startup_stm32f10x_md.o(STACK)

    Global Symbols

    Symbol Name                              Value     Ov Type        Size  Object(Section)

    BuildAttributes$$THM_ISAv4$P$D$K$B$S$PE$A:L22UL41UL21$X:L11$S22US41US21$IEEE1$IW$USESV6$~STKCKD$USESV7$~SHL$OTIME$ROPI$IEEEX$EBA8$MICROLIB$REQ8$PRES8$EABIv2 0x00000000   Number         0  anon$$obj.o ABSOLUTE
    __ARM_use_no_argv                        0x00000000   Number         0  main.o ABSOLUTE
    _printf_a                                0x00000000   Number         0  stubs.o ABSOLUTE
    _printf_c                                0x00000000   Number         0  stubs.o ABSOLUTE
    _printf_charcount                        0x00000000   Number         0  stubs.o ABSOLUTE
    _printf_d                                0x00000000   Number         0  stubs.o ABSOLUTE
    _printf_e                                0x00000000   Number         0  stubs.o ABSOLUTE
    _printf_f                                0x00000000   Number         0  stubs.o ABSOLUTE
    _printf_flags                            0x00000000   Number         0  stubs.o ABSOLUTE
    _printf_fp_dec                           0x00000000   Number         0  stubs.o ABSOLUTE
    _printf_fp_hex                           0x00000000   Number         0  stubs.o ABSOLUTE
    _printf_g                                0x00000000   Number         0  stubs.o ABSOLUTE
    _printf_i                                0x00000000   Number         0  stubs.o ABSOLUTE
    _printf_int_dec                          0x00000000   Number         0  stubs.o ABSOLUTE
    _printf_l                                0x00000000   Number         0  stubs.o ABSOLUTE
    _printf_lc                               0x00000000   Number         0  stubs.o ABSOLUTE
    _printf_ll                               0x00000000   Number         0  stubs.o ABSOLUTE
    _printf_lld                              0x00000000   Number         0  stubs.o ABSOLUTE
    _printf_lli                              0x00000000   Number         0  stubs.o ABSOLUTE
    _printf_llo                              0x00000000   Number         0  stubs.o ABSOLUTE
    _printf_llu                              0x00000000   Number         0  stubs.o ABSOLUTE
    _printf_llx                              0x00000000   Number         0  stubs.o ABSOLUTE
    _printf_longlong_dec                     0x00000000   Number         0  stubs.o ABSOLUTE
    _printf_longlong_hex                     0x00000000   Number         0  stubs.o ABSOLUTE
    _printf_longlong_oct                     0x00000000   Number         0  stubs.o ABSOLUTE
    _printf_ls                               0x00000000   Number         0  stubs.o ABSOLUTE
    _printf_mbtowc                           0x00000000   Number         0  stubs.o ABSOLUTE
    _printf_n                                0x00000000   Number         0  stubs.o ABSOLUTE
    _printf_o                                0x00000000   Number         0  stubs.o ABSOLUTE
    _printf_p                                0x00000000   Number         0  stubs.o ABSOLUTE
    _printf_percent                          0x00000000   Number         0  stubs.o ABSOLUTE
    _printf_pre_padding                      0x00000000   Number         0  stubs.o ABSOLUTE
    _printf_return_value                     0x00000000   Number         0  stubs.o ABSOLUTE
    _printf_s                                0x00000000   Number         0  stubs.o ABSOLUTE
    _printf_sizespec                         0x00000000   Number         0  stubs.o ABSOLUTE
    _printf_str                              0x00000000   Number         0  stubs.o ABSOLUTE
    _printf_truncate_signed                  0x00000000   Number         0  stubs.o ABSOLUTE
    _printf_truncate_unsigned                0x00000000   Number         0  stubs.o ABSOLUTE
    _printf_u                                0x00000000   Number         0  stubs.o ABSOLUTE
    _printf_wc                               0x00000000   Number         0  stubs.o ABSOLUTE
    _printf_wctomb                           0x00000000   Number         0  stubs.o ABSOLUTE
    _printf_widthprec                        0x00000000   Number         0  stubs.o ABSOLUTE
    _printf_x                                0x00000000   Number         0  stubs.o ABSOLUTE
    __arm_fini_                               - Undefined Weak Reference
    __cpp_initialize__aeabi_                  - Undefined Weak Reference
    __cxa_finalize                            - Undefined Weak Reference
    __decompress                              - Undefined Weak Reference
    _clock_init                               - Undefined Weak Reference
    _microlib_exit                            - Undefined Weak Reference
    __Vectors_Size                           0x000000ec   Number         0  startup_stm32f10x_md.o ABSOLUTE
    __Vectors                                0x08000000   Data           4  startup_stm32f10x_md.o(RESET)
    __Vectors_End                            0x080000ec   Data           0  startup_stm32f10x_md.o(RESET)
    __main                                   0x080000ed   Thumb Code     0  entry.o(.ARM.Collect$$$$00000000)
    _main_stk                                0x080000ed   Thumb Code     0  entry2.o(.ARM.Collect$$$$00000001)
    _main_scatterload                        0x080000f1   Thumb Code     0  entry5.o(.ARM.Collect$$$$00000004)
    __main_after_scatterload                 0x080000f5   Thumb Code     0  entry5.o(.ARM.Collect$$$$00000004)
    _main_clock                              0x080000f5   Thumb Code     0  entry7b.o(.ARM.Collect$$$$00000008)
    _main_cpp_init                           0x080000f5   Thumb Code     0  entry8b.o(.ARM.Collect$$$$0000000A)
    _main_init                               0x080000f5   Thumb Code     0  entry9a.o(.ARM.Collect$$$$0000000B)
    __rt_lib_shutdown_fini                   0x080000fd   Thumb Code     0  entry12b.o(.ARM.Collect$$$$0000000E)
    __rt_final_cpp                           0x08000101   Thumb Code     0  entry10a.o(.ARM.Collect$$$$0000000F)
    __rt_final_exit                          0x08000101   Thumb Code     0  entry11a.o(.ARM.Collect$$$$00000011)
    Reset_Handler                            0x08000105   Thumb Code     8  startup_stm32f10x_md.o(.text)
    ADC1_2_IRQHandler                        0x0800011f   Thumb Code     0  startup_stm32f10x_md.o(.text)
    CAN1_RX1_IRQHandler                      0x0800011f   Thumb Code     0  startup_stm32f10x_md.o(.text)
    CAN1_SCE_IRQHandler                      0x0800011f   Thumb Code     0  startup_stm32f10x_md.o(.text)
    DMA1_Channel1_IRQHandler                 0x0800011f   Thumb Code     0  startup_stm32f10x_md.o(.text)
    DMA1_Channel2_IRQHandler                 0x0800011f   Thumb Code     0  startup_stm32f10x_md.o(.text)
    DMA1_Channel3_IRQHandler                 0x0800011f   Thumb Code     0  startup_stm32f10x_md.o(.text)
    DMA1_Channel4_IRQHandler                 0x0800011f   Thumb Code     0  startup_stm32f10x_md.o(.text)
    DMA1_Channel5_IRQHandler                 0x0800011f   Thumb Code     0  startup_stm32f10x_md.o(.text)
    DMA1_Channel6_IRQHandler                 0x0800011f   Thumb Code     0  startup_stm32f10x_md.o(.text)
    DMA1_Channel7_IRQHandler                 0x0800011f   Thumb Code     0  startup_stm32f10x_md.o(.text)
    EXTI0_IRQHandler                         0x0800011f   Thumb Code     0  startup_stm32f10x_md.o(.text)
    EXTI15_10_IRQHandler                     0x0800011f   Thumb Code     0  startup_stm32f10x_md.o(.text)
    EXTI2_IRQHandler                         0x0800011f   Thumb Code     0  startup_stm32f10x_md.o(.text)
    EXTI3_IRQHandler                         0x0800011f   Thumb Code     0  startup_stm32f10x_md.o(.text)
    EXTI4_IRQHandler                         0x0800011f   Thumb Code     0  startup_stm32f10x_md.o(.text)
    EXTI9_5_IRQHandler                       0x0800011f   Thumb Code     0  startup_stm32f10x_md.o(.text)
    FLASH_IRQHandler                         0x0800011f   Thumb Code     0  startup_stm32f10x_md.o(.text)
    I2C1_ER_IRQHandler                       0x0800011f   Thumb Code     0  startup_stm32f10x_md.o(.text)
    I2C1_EV_IRQHandler                       0x0800011f   Thumb Code     0  startup_stm32f10x_md.o(.text)
    I2C2_ER_IRQHandler                       0x0800011f   Thumb Code     0  startup_stm32f10x_md.o(.text)
    I2C2_EV_IRQHandler                       0x0800011f   Thumb Code     0  startup_stm32f10x_md.o(.text)
    PVD_IRQHandler                           0x0800011f   Thumb Code     0  startup_stm32f10x_md.o(.text)
    RCC_IRQHandler                           0x0800011f   Thumb Code     0  startup_stm32f10x_md.o(.text)
    RTCAlarm_IRQHandler                      0x0800011f   Thumb Code     0  startup_stm32f10x_md.o(.text)
    RTC_IRQHandler                           0x0800011f   Thumb Code     0  startup_stm32f10x_md.o(.text)
    SPI1_IRQHandler                          0x0800011f   Thumb Code     0  startup_stm32f10x_md.o(.text)
    SPI2_IRQHandler                          0x0800011f   Thumb Code     0  startup_stm32f10x_md.o(.text)
    TAMPER_IRQHandler                        0x0800011f   Thumb Code     0  startup_stm32f10x_md.o(.text)
    TIM1_BRK_IRQHandler                      0x0800011f   Thumb Code     0  startup_stm32f10x_md.o(.text)
    TIM1_CC_IRQHandler                       0x0800011f   Thumb Code     0  startup_stm32f10x_md.o(.text)
    TIM1_TRG_COM_IRQHandler                  0x0800011f   Thumb Code     0  startup_stm32f10x_md.o(.text)
    TIM4_IRQHandler                          0x0800011f   Thumb Code     0  startup_stm32f10x_md.o(.text)
    USART2_IRQHandler                        0x0800011f   Thumb Code     0  startup_stm32f10x_md.o(.text)
    USBWakeUp_IRQHandler                     0x0800011f   Thumb Code     0  startup_stm32f10x_md.o(.text)
    USB_HP_CAN1_TX_IRQHandler                0x0800011f   Thumb Code     0  startup_stm32f10x_md.o(.text)
    USB_LP_CAN1_RX0_IRQHandler               0x0800011f   Thumb Code     0  startup_stm32f10x_md.o(.text)
    WWDG_IRQHandler                          0x0800011f   Thumb Code     0  startup_stm32f10x_md.o(.text)
    strstr                                   0x08000129   Thumb Code    36  strstr.o(.text)
    strlen                                   0x0800014d   Thumb Code    14  strlen.o(.text)
    strcpy                                   0x0800015b   Thumb Code    18  strcpy.o(.text)
    strncmp                                  0x0800016d   Thumb Code    30  strncmp.o(.text)
    __aeabi_fadd                             0x0800018b   Thumb Code   164  fadd.o(.text)
    __aeabi_fsub                             0x0800022f   Thumb Code     6  fadd.o(.text)
    __aeabi_frsub                            0x08000235   Thumb Code     6  fadd.o(.text)
    __aeabi_fmul                             0x0800023b   Thumb Code   100  fmul.o(.text)
    __aeabi_fdiv                             0x0800029f   Thumb Code   124  fdiv.o(.text)
    __aeabi_dmul                             0x0800031b   Thumb Code   228  dmul.o(.text)
    __aeabi_ddiv                             0x080003ff   Thumb Code   222  ddiv.o(.text)
    __aeabi_i2f                              0x080004dd   Thumb Code    18  fflti.o(.text)
    __aeabi_ui2f                             0x080004ef   Thumb Code    10  ffltui.o(.text)
    __aeabi_ui2d                             0x080004f9   Thumb Code    26  dfltui.o(.text)
    __aeabi_f2uiz                            0x08000513   Thumb Code    40  ffixui.o(.text)
    __aeabi_d2uiz                            0x0800053b   Thumb Code    50  dfixui.o(.text)
    __aeabi_f2d                              0x0800056d   Thumb Code    38  f2d.o(.text)
    __aeabi_d2f                              0x08000593   Thumb Code    56  d2f.o(.text)
    __aeabi_uidiv                            0x080005cb   Thumb Code     0  uidiv.o(.text)
    __aeabi_uidivmod                         0x080005cb   Thumb Code    44  uidiv.o(.text)
    __aeabi_uldivmod                         0x080005f7   Thumb Code    98  uldiv.o(.text)
    __aeabi_llsr                             0x08000659   Thumb Code    32  llushr.o(.text)
    _ll_ushift_r                             0x08000659   Thumb Code     0  llushr.o(.text)
    __I$use$fp                               0x08000679   Thumb Code     0  iusefp.o(.text)
    _float_round                             0x08000679   Thumb Code    18  fepilogue.o(.text)
    _float_epilogue                          0x0800068b   Thumb Code    92  fepilogue.o(.text)
    _double_round                            0x080006e7   Thumb Code    30  depilogue.o(.text)
    _double_epilogue                         0x08000705   Thumb Code   156  depilogue.o(.text)
    __aeabi_dadd                             0x080007a1   Thumb Code   322  dadd.o(.text)
    __aeabi_dsub                             0x080008e3   Thumb Code     6  dadd.o(.text)
    __aeabi_drsub                            0x080008e9   Thumb Code     6  dadd.o(.text)
    __ARM_scalbn                             0x080008ef   Thumb Code    46  dscalb.o(.text)
    scalbn                                   0x080008ef   Thumb Code     0  dscalb.o(.text)
    __aeabi_i2d                              0x0800091d   Thumb Code    34  dflti.o(.text)
    __aeabi_d2ulz                            0x0800093f   Thumb Code    48  dfixul.o(.text)
    __aeabi_cdrcmple                         0x08000971   Thumb Code    48  cdrcmple.o(.text)
    __scatterload                            0x080009a1   Thumb Code    28  init.o(.text)
    __scatterload_rt2                        0x080009a1   Thumb Code     0  init.o(.text)
    __aeabi_llsl                             0x080009c5   Thumb Code    30  llshl.o(.text)
    _ll_shift_l                              0x080009c5   Thumb Code     0  llshl.o(.text)
    __aeabi_lasr                             0x080009e3   Thumb Code    36  llsshr.o(.text)
    _ll_sshift_r                             0x080009e3   Thumb Code     0  llsshr.o(.text)
    _dsqrt                                   0x08000a07   Thumb Code   162  dsqrt.o(.text)
    ADC_Cmd                                  0x08000aa9   Thumb Code    22  stm32f10x_adc.o(i.ADC_Cmd)
    ADC_GetCalibrationStatus                 0x08000abf   Thumb Code    20  stm32f10x_adc.o(i.ADC_GetCalibrationStatus)
    ADC_GetConversionValue                   0x08000ad3   Thumb Code     8  stm32f10x_adc.o(i.ADC_GetConversionValue)
    ADC_GetFlagStatus                        0x08000adb   Thumb Code    18  stm32f10x_adc.o(i.ADC_GetFlagStatus)
    ADC_GetResetCalibrationStatus            0x08000aed   Thumb Code    20  stm32f10x_adc.o(i.ADC_GetResetCalibrationStatus)
    ADC_Init                                 0x08000b01   Thumb Code    70  stm32f10x_adc.o(i.ADC_Init)
    ADC_RegularChannelConfig                 0x08000b51   Thumb Code   184  stm32f10x_adc.o(i.ADC_RegularChannelConfig)
    ADC_ResetCalibration                     0x08000c09   Thumb Code    10  stm32f10x_adc.o(i.ADC_ResetCalibration)
    ADC_SoftwareStartConvCmd                 0x08000c13   Thumb Code    22  stm32f10x_adc.o(i.ADC_SoftwareStartConvCmd)
    ADC_StartCalibration                     0x08000c29   Thumb Code    10  stm32f10x_adc.o(i.ADC_StartCalibration)
    AD_Average_Data                          0x08000c33   Thumb Code    40  mq-2.o(i.AD_Average_Data)
    AD_GetValue                              0x08000c5d   Thumb Code    24  soil_sensor.o(i.AD_GetValue)
    AD_GetValue_MQ2                          0x08000c79   Thumb Code    24  mq-2.o(i.AD_GetValue_MQ2)
    Aux_Int                                  0x08000c95   Thumb Code    68  lora.o(i.Aux_Int)
    BH1750_FluxValue                         0x08000ce5   Thumb Code    44  bh1750.o(i.BH1750_FluxValue)
    BH1750_I2C_ReadByte                      0x08000d55   Thumb Code    84  bh1750.o(i.BH1750_I2C_ReadByte)
    BH1750_I2C_SendAck                       0x08000dad   Thumb Code    52  bh1750.o(i.BH1750_I2C_SendAck)
    BH1750_I2C_SendByte                      0x08000de5   Thumb Code    74  bh1750.o(i.BH1750_I2C_SendByte)
    BH1750_I2C_SendNAck                      0x08000e35   Thumb Code    52  bh1750.o(i.BH1750_I2C_SendNAck)
    BH1750_I2C_Start                         0x08000e6d   Thumb Code    62  bh1750.o(i.BH1750_I2C_Start)
    BH1750_I2C_Stop                          0x08000eb1   Thumb Code    62  bh1750.o(i.BH1750_I2C_Stop)
    BH1750_I2C_WaitAck                       0x08000ef5   Thumb Code    62  bh1750.o(i.BH1750_I2C_WaitAck)
    BH1750_Init                              0x08000f39   Thumb Code    20  bh1750.o(i.BH1750_Init)
    BH1750_ReadData                          0x08000f4d   Thumb Code    56  bh1750.o(i.BH1750_ReadData)
    BH1750_SendData                          0x08000f85   Thumb Code    56  bh1750.o(i.BH1750_SendData)
    BusFault_Handler                         0x08000fbd   Thumb Code     4  stm32f10x_it.o(i.BusFault_Handler)
    DH11_GPIOMode_INPUT                      0x08000fc1   Thumb Code    40  dht11.o(i.DH11_GPIOMode_INPUT)
    DH11_GPIOMode_OUTPUT                     0x08000fed   Thumb Code    38  dht11.o(i.DH11_GPIOMode_OUTPUT)
    DH11_ReadByte                            0x08001019   Thumb Code    78  dht11.o(i.DH11_ReadByte)
    DH11_ReadValue                           0x0800106d   Thumb Code   146  dht11.o(i.DH11_ReadValue)
    DH11_Srart                               0x0800110d   Thumb Code    62  dht11.o(i.DH11_Srart)
    DebugMon_Handler                         0x08001151   Thumb Code     2  stm32f10x_it.o(i.DebugMon_Handler)
    EXTI1_IRQHandler                         0x08001155   Thumb Code   106  lora.o(i.EXTI1_IRQHandler)
    EXTI_ClearITPendingBit                   0x080011cd   Thumb Code     6  stm32f10x_exti.o(i.EXTI_ClearITPendingBit)
    EXTI_GetITStatus                         0x080011d9   Thumb Code    34  stm32f10x_exti.o(i.EXTI_GetITStatus)
    EXTI_Init                                0x08001201   Thumb Code   142  stm32f10x_exti.o(i.EXTI_Init)
    GPIO_EXTILineConfig                      0x08001295   Thumb Code    60  stm32f10x_gpio.o(i.GPIO_EXTILineConfig)
    GPIO_Init                                0x080012d5   Thumb Code   278  stm32f10x_gpio.o(i.GPIO_Init)
    GPIO_ReadInputDataBit                    0x080013eb   Thumb Code    18  stm32f10x_gpio.o(i.GPIO_ReadInputDataBit)
    GPIO_ReadOutputDataBit                   0x080013fd   Thumb Code    18  stm32f10x_gpio.o(i.GPIO_ReadOutputDataBit)
    GPIO_ResetBits                           0x0800140f   Thumb Code     4  stm32f10x_gpio.o(i.GPIO_ResetBits)
    GPIO_SetBits                             0x08001413   Thumb Code     4  stm32f10x_gpio.o(i.GPIO_SetBits)
    GPIO_WriteBit                            0x08001417   Thumb Code    10  stm32f10x_gpio.o(i.GPIO_WriteBit)
    GetPPM                                   0x08001421   Thumb Code    92  mq-2.o(i.GetPPM)
    Get_Vol                                  0x08001491   Thumb Code    50  mq-2.o(i.Get_Vol)
    HardFault_Handler                        0x080014c9   Thumb Code     4  stm32f10x_it.o(i.HardFault_Handler)
    InitSystem                               0x080014cd   Thumb Code    24  sensor.o(i.InitSystem)
    Key_Init                                 0x080014e5   Thumb Code    40  key.o(i.Key_Init)
    LoRa_Init                                0x08001511   Thumb Code   222  lora.o(i.LoRa_Init)
    LoRa_ReceData                            0x0800160d   Thumb Code   208  lora.o(i.LoRa_ReceData)
    LoRa_SendData                            0x0800172d   Thumb Code   210  lora.o(i.LoRa_SendData)
    Lora_set                                 0x0800188d   Thumb Code   166  lora.o(i.Lora_set)
    MQ2_Init                                 0x080019a1   Thumb Code   162  mq-2.o(i.MQ2_Init)
    MY_USART3                                0x08001a4d   Thumb Code   162  usart3.o(i.MY_USART3)
    MemManage_Handler                        0x08001af9   Thumb Code     4  stm32f10x_it.o(i.MemManage_Handler)
    Motor_Init                               0x08001afd   Thumb Code    84  motor.o(i.Motor_Init)
    Motor_SetSpeed1                          0x08001b59   Thumb Code    62  motor.o(i.Motor_SetSpeed1)
    Motor_SetSpeed2                          0x08001b9d   Thumb Code    66  motor.o(i.Motor_SetSpeed2)
    NMI_Handler                              0x08001be5   Thumb Code     2  stm32f10x_it.o(i.NMI_Handler)
    NVIC_Init                                0x08001be9   Thumb Code   100  misc.o(i.NVIC_Init)
    NVIC_PriorityGroupConfig                 0x08001c59   Thumb Code    10  misc.o(i.NVIC_PriorityGroupConfig)
    OLED_Clear                               0x08001c6d   Thumb Code    42  oled.o(i.OLED_Clear)
    OLED_I2C_Init                            0x08001c99   Thumb Code    72  oled.o(i.OLED_I2C_Init)
    OLED_I2C_SendByte                        0x08001ce5   Thumb Code    74  oled.o(i.OLED_I2C_SendByte)
    OLED_I2C_Start                           0x08001d35   Thumb Code    44  oled.o(i.OLED_I2C_Start)
    OLED_I2C_Stop                            0x08001d65   Thumb Code    34  oled.o(i.OLED_I2C_Stop)
    OLED_Init                                0x08001d8d   Thumb Code   174  oled.o(i.OLED_Init)
    OLED_Pow                                 0x08001e3b   Thumb Code    20  oled.o(i.OLED_Pow)
    OLED_SetCursor                           0x08001e4f   Thumb Code    34  oled.o(i.OLED_SetCursor)
    OLED_ShowChar                            0x08001e71   Thumb Code   110  oled.o(i.OLED_ShowChar)
    OLED_ShowNum                             0x08001ee5   Thumb Code    68  oled.o(i.OLED_ShowNum)
    OLED_ShowString                          0x08001f29   Thumb Code    40  oled.o(i.OLED_ShowString)
    OLED_WriteCommand                        0x08001f51   Thumb Code    32  oled.o(i.OLED_WriteCommand)
    OLED_WriteData                           0x08001f71   Thumb Code    32  oled.o(i.OLED_WriteData)
    PWM_Init1                                0x08001f91   Thumb Code   140  pwm.o(i.PWM_Init1)
    PWM_Init2                                0x08002025   Thumb Code   140  pwm.o(i.PWM_Init2)
    PWM_SetCompare3                          0x080020b9   Thumb Code    14  pwm.o(i.PWM_SetCompare3)
    PWM_SetCompare4                          0x080020cd   Thumb Code    14  pwm.o(i.PWM_SetCompare4)
    PendSV_Handler                           0x080020e1   Thumb Code     2  stm32f10x_it.o(i.PendSV_Handler)
    RCC_ADCCLKConfig                         0x080020e5   Thumb Code    18  stm32f10x_rcc.o(i.RCC_ADCCLKConfig)
    RCC_APB1PeriphClockCmd                   0x080020fd   Thumb Code    26  stm32f10x_rcc.o(i.RCC_APB1PeriphClockCmd)
    RCC_APB1PeriphResetCmd                   0x0800211d   Thumb Code    26  stm32f10x_rcc.o(i.RCC_APB1PeriphResetCmd)
    RCC_APB2PeriphClockCmd                   0x0800213d   Thumb Code    26  stm32f10x_rcc.o(i.RCC_APB2PeriphClockCmd)
    RCC_APB2PeriphResetCmd                   0x0800215d   Thumb Code    26  stm32f10x_rcc.o(i.RCC_APB2PeriphResetCmd)
    RCC_GetClocksFreq                        0x0800217d   Thumb Code   192  stm32f10x_rcc.o(i.RCC_GetClocksFreq)
    ReadSGP30Data                            0x08002251   Thumb Code    40  sensor.o(i.ReadSGP30Data)
    SDA_IN                                   0x08002285   Thumb Code    32  sgp30.o(i.SDA_IN)
    SDA_OUT                                  0x080022a9   Thumb Code    32  sgp30.o(i.SDA_OUT)
    SGP30_GPIO_Init                          0x080022cd   Thumb Code    56  sgp30.o(i.SGP30_GPIO_Init)
    SGP30_IIC_Ack                            0x08002309   Thumb Code    48  sgp30.o(i.SGP30_IIC_Ack)
    SGP30_IIC_NAck                           0x08002341   Thumb Code    48  sgp30.o(i.SGP30_IIC_NAck)
    SGP30_IIC_Read_Byte                      0x08002379   Thumb Code    88  sgp30.o(i.SGP30_IIC_Read_Byte)
    SGP30_IIC_Send_Byte                      0x080023dd   Thumb Code    92  sgp30.o(i.SGP30_IIC_Send_Byte)
    SGP30_IIC_Start                          0x08002441   Thumb Code    46  sgp30.o(i.SGP30_IIC_Start)
    SGP30_IIC_Stop                           0x08002479   Thumb Code    44  sgp30.o(i.SGP30_IIC_Stop)
    SGP30_IIC_Wait_Ack                       0x080024ad   Thumb Code    76  sgp30.o(i.SGP30_IIC_Wait_Ack)
    SGP30_Init                               0x08002505   Thumb Code    16  sgp30.o(i.SGP30_Init)
    SGP30_Read                               0x08002515   Thumb Code    72  sgp30.o(i.SGP30_Read)
    SGP30_Write                              0x0800255d   Thumb Code    52  sgp30.o(i.SGP30_Write)
    SVC_Handler                              0x08002591   Thumb Code     2  stm32f10x_it.o(i.SVC_Handler)
    Soil_ADValue                             0x0800267d   Thumb Code   108  soil_sensor.o(i.Soil_ADValue)
    Soil_Init                                0x080026f1   Thumb Code   154  soil_sensor.o(i.Soil_Init)
    SysTick_CLKSourceConfig                  0x08002795   Thumb Code    40  misc.o(i.SysTick_CLKSourceConfig)
    SysTick_Handler                          0x080027bd   Thumb Code     2  stm32f10x_it.o(i.SysTick_Handler)
    SystemInit                               0x080027c1   Thumb Code    78  system_stm32f10x.o(i.SystemInit)
    TIM1_Init                                0x08002821   Thumb Code    90  time1.o(i.TIM1_Init)
    TIM1_UP_IRQHandler                       0x08002881   Thumb Code    28  time1.o(i.TIM1_UP_IRQHandler)
    TIM2_IRQHandler                          0x080028a5   Thumb Code    36  time2.o(i.TIM2_IRQHandler)
    TIM2_Init                                0x080028d5   Thumb Code    90  time2.o(i.TIM2_Init)
    TIM3_IRQHandler                          0x08002931   Thumb Code    42  time3.o(i.TIM3_IRQHandler)
    TIM3_Init                                0x08002965   Thumb Code    90  time3.o(i.TIM3_Init)
    TIM_ClearITPendingBit                    0x080029c5   Thumb Code     6  stm32f10x_tim.o(i.TIM_ClearITPendingBit)
    TIM_Cmd                                  0x080029cb   Thumb Code    24  stm32f10x_tim.o(i.TIM_Cmd)
    TIM_GetITStatus                          0x080029e3   Thumb Code    34  stm32f10x_tim.o(i.TIM_GetITStatus)
    TIM_ITConfig                             0x08002a05   Thumb Code    18  stm32f10x_tim.o(i.TIM_ITConfig)
    TIM_InternalClockConfig                  0x08002a17   Thumb Code    12  stm32f10x_tim.o(i.TIM_InternalClockConfig)
    TIM_OC3Init                              0x08002a25   Thumb Code   150  stm32f10x_tim.o(i.TIM_OC3Init)
    TIM_OC4Init                              0x08002ac5   Thumb Code   114  stm32f10x_tim.o(i.TIM_OC4Init)
    TIM_OCStructInit                         0x08002b41   Thumb Code    20  stm32f10x_tim.o(i.TIM_OCStructInit)
    TIM_SetCompare3                          0x08002b55   Thumb Code     4  stm32f10x_tim.o(i.TIM_SetCompare3)
    TIM_SetCompare4                          0x08002b59   Thumb Code     6  stm32f10x_tim.o(i.TIM_SetCompare4)
    TIM_SetCounter                           0x08002b5f   Thumb Code     4  stm32f10x_tim.o(i.TIM_SetCounter)
    TIM_TimeBaseInit                         0x08002b65   Thumb Code   122  stm32f10x_tim.o(i.TIM_TimeBaseInit)
    USART1_IRQHandler                        0x08002c09   Thumb Code   100  usart1.o(i.USART1_IRQHandler)
    USART3_IRQHandler                        0x08002c81   Thumb Code    32  usart3.o(i.USART3_IRQHandler)
    USART_Cmd                                0x08002ca5   Thumb Code    24  stm32f10x_usart.o(i.USART_Cmd)
    USART_DeInit                             0x08002cbd   Thumb Code   134  stm32f10x_usart.o(i.USART_DeInit)
    USART_GetFlagStatus                      0x08002d59   Thumb Code    26  stm32f10x_usart.o(i.USART_GetFlagStatus)
    USART_GetITStatus                        0x08002d73   Thumb Code    84  stm32f10x_usart.o(i.USART_GetITStatus)
    USART_ITConfig                           0x08002dc7   Thumb Code    74  stm32f10x_usart.o(i.USART_ITConfig)
    USART_Init                               0x08002e11   Thumb Code   210  stm32f10x_usart.o(i.USART_Init)
    USART_ReceiveData                        0x08002ee9   Thumb Code    10  stm32f10x_usart.o(i.USART_ReceiveData)
    USART_SendByte                           0x08002ef3   Thumb Code    28  usart3.o(i.USART_SendByte)
    USART_SendData                           0x08002f0f   Thumb Code     8  stm32f10x_usart.o(i.USART_SendData)
    UsageFault_Handler                       0x08002f17   Thumb Code     4  stm32f10x_it.o(i.UsageFault_Handler)
    WaitForSGP30Stable                       0x08002f1d   Thumb Code   154  sensor.o(i.WaitForSGP30Stable)
    __0sprintf                               0x08002fd5   Thumb Code    34  printfa.o(i.__0sprintf)
    __1sprintf                               0x08002fd5   Thumb Code     0  printfa.o(i.__0sprintf)
    __2sprintf                               0x08002fd5   Thumb Code     0  printfa.o(i.__0sprintf)
    __c89sprintf                             0x08002fd5   Thumb Code     0  printfa.o(i.__0sprintf)
    sprintf                                  0x08002fd5   Thumb Code     0  printfa.o(i.__0sprintf)
    __0vsprintf                              0x08002ffd   Thumb Code    30  printfa.o(i.__0vsprintf)
    __1vsprintf                              0x08002ffd   Thumb Code     0  printfa.o(i.__0vsprintf)
    __2vsprintf                              0x08002ffd   Thumb Code     0  printfa.o(i.__0vsprintf)
    __c89vsprintf                            0x08002ffd   Thumb Code     0  printfa.o(i.__0vsprintf)
    vsprintf                                 0x08002ffd   Thumb Code     0  printfa.o(i.__0vsprintf)
    __ARM_fpclassify                         0x08003021   Thumb Code    40  fpclassify.o(i.__ARM_fpclassify)
    __kernel_poly                            0x08003049   Thumb Code   170  poly.o(i.__kernel_poly)
    __mathlib_dbl_divzero                    0x080030f5   Thumb Code    12  dunder.o(i.__mathlib_dbl_divzero)
    __mathlib_dbl_infnan2                    0x08003105   Thumb Code     4  dunder.o(i.__mathlib_dbl_infnan2)
    __mathlib_dbl_invalid                    0x08003109   Thumb Code    12  dunder.o(i.__mathlib_dbl_invalid)
    __mathlib_dbl_overflow                   0x08003115   Thumb Code    14  dunder.o(i.__mathlib_dbl_overflow)
    __mathlib_dbl_underflow                  0x08003125   Thumb Code    10  dunder.o(i.__mathlib_dbl_underflow)
    __scatterload_copy                       0x08003135   Thumb Code    14  handlers.o(i.__scatterload_copy)
    __scatterload_null                       0x08003143   Thumb Code     2  handlers.o(i.__scatterload_null)
    __scatterload_zeroinit                   0x08003145   Thumb Code    14  handlers.o(i.__scatterload_zeroinit)
    __set_errno                              0x08003155   Thumb Code     6  errno.o(i.__set_errno)
    buzzer_init                              0x080039f5   Thumb Code    46  buzzer.o(i.buzzer_init)
    buzzer_turn                              0x08003a29   Thumb Code    44  buzzer.o(i.buzzer_turn)
    delay_init                               0x08003a59   Thumb Code    50  delay.o(i.delay_init)
    delay_ms                                 0x08003a9d   Thumb Code    72  delay.o(i.delay_ms)
    delay_us                                 0x08003ae9   Thumb Code    72  delay.o(i.delay_us)
    lora_check_cmd                           0x08003b35   Thumb Code    44  lora.o(i.lora_check_cmd)
    lora_send_cmd                            0x08003b69   Thumb Code   110  lora.o(i.lora_send_cmd)
    main                                     0x08003be9   Thumb Code   274  main.o(i.main)
    pow                                      0x08003d19   Thumb Code  2512  pow.o(i.pow)
    relay_init                               0x080046f1   Thumb Code    48  jdq.o(i.relay_init)
    relay_off                                0x08004725   Thumb Code    14  jdq.o(i.relay_off)
    relay_on                                 0x08004739   Thumb Code    14  jdq.o(i.relay_on)
    sqrt                                     0x0800474d   Thumb Code    76  sqrt.o(i.sqrt)
    u3_printf                                0x08004799   Thumb Code    72  usart1.o(i.u3_printf)
    usart1_init                              0x080047e9   Thumb Code   172  usart1.o(i.usart1_init)
    usart1_rx                                0x080048a9   Thumb Code    46  usart1.o(i.usart1_rx)
    OLED_F8x16                               0x080048e0   Data        1520  oled.o(.constdata)
    __mathlib_zero                           0x08004f58   Data           8  qnan.o(.constdata)
    Region$$Table$$Base                      0x08004f60   Number         0  anon$$obj.o(Region$$Table)
    Region$$Table$$Limit                     0x08004f80   Number         0  anon$$obj.o(Region$$Table)
    SystemCoreClock                          0x20000000   Data           4  system_stm32f10x.o(.data)
    AHBPrescTable                            0x20000004   Data          16  system_stm32f10x.o(.data)
    DH11_Var_Humi                            0x20000028   Data           1  dht11.o(.data)
    DH11_Var_Temp                            0x20000029   Data           1  dht11.o(.data)
    Lora_mode                                0x2000002c   Data           1  lora.o(.data)
    EXTI_InitStructure                       0x20000030   Data           8  lora.o(.data)
    NVIC_InitStructure                       0x20000038   Data           4  lora.o(.data)
    speek1                                   0x2000003c   Data           2  lora.o(.data)
    speek2                                   0x2000003e   Data           2  lora.o(.data)
    KeyNum                                   0x20000044   Data           1  sensor.o(.data)
    keyPressed                               0x20000045   Data           1  sensor.o(.data)
    CO2Data                                  0x20000048   Data           4  sensor.o(.data)
    TVOCData                                 0x2000004c   Data           4  sensor.o(.data)
    sgp30_dat                                0x20000050   Data           4  sensor.o(.data)
    time                                     0x20000054   Data           1  sensor.o(.data)
    timer_flag                               0x20000055   Data           1  time2.o(.data)
    refresh_display_flag                     0x20000056   Data           1  time2.o(.data)
    timer_flag_ReceData                      0x20000057   Data           1  time2.o(.data)
    USART1_RX_STA                            0x20000058   Data           2  usart1.o(.data)
    timer1_27s_flag                          0x2000005a   Data           1  time1.o(.data)
    USART1_RX_BUF                            0x20000060   Data        1024  usart1.o(.bss)
    USART1_TX_BUF                            0x20000460   Data         600  usart1.o(.bss)
    USART_InitStructure                      0x200006b8   Data          16  usart1.o(.bss)
    __initial_sp                             0x20000ac8   Data           0  startup_stm32f10x_md.o(STACK)



==============================================================================

Memory Map of the image

  Image Entry point : 0x080000ed

  Load Region LR_IROM1 (Base: 0x08000000, Size: 0x00004fe0, Max: 0x00010000, ABSOLUTE)

    Execution Region ER_IROM1 (Exec base: 0x08000000, Load base: 0x08000000, Size: 0x00004f80, Max: 0x00010000, ABSOLUTE)

    Exec Addr    Load Addr    Size         Type   Attr      Idx    E Section Name        Object

    0x08000000   0x08000000   0x000000ec   Data   RO            3    RESET               startup_stm32f10x_md.o
    0x080000ec   0x080000ec   0x00000000   Code   RO         4167  * .ARM.Collect$$$$00000000  mc_w.l(entry.o)
    0x080000ec   0x080000ec   0x00000004   Code   RO         4490    .ARM.Collect$$$$00000001  mc_w.l(entry2.o)
    0x080000f0   0x080000f0   0x00000004   Code   RO         4493    .ARM.Collect$$$$00000004  mc_w.l(entry5.o)
    0x080000f4   0x080000f4   0x00000000   Code   RO         4495    .ARM.Collect$$$$00000008  mc_w.l(entry7b.o)
    0x080000f4   0x080000f4   0x00000000   Code   RO         4497    .ARM.Collect$$$$0000000A  mc_w.l(entry8b.o)
    0x080000f4   0x080000f4   0x00000008   Code   RO         4498    .ARM.Collect$$$$0000000B  mc_w.l(entry9a.o)
    0x080000fc   0x080000fc   0x00000004   Code   RO         4505    .ARM.Collect$$$$0000000E  mc_w.l(entry12b.o)
    0x08000100   0x08000100   0x00000000   Code   RO         4500    .ARM.Collect$$$$0000000F  mc_w.l(entry10a.o)
    0x08000100   0x08000100   0x00000000   Code   RO         4502    .ARM.Collect$$$$00000011  mc_w.l(entry11a.o)
    0x08000100   0x08000100   0x00000004   Code   RO         4491    .ARM.Collect$$$$00002712  mc_w.l(entry2.o)
    0x08000104   0x08000104   0x00000024   Code   RO            4    .text               startup_stm32f10x_md.o
    0x08000128   0x08000128   0x00000024   Code   RO         4170    .text               mc_w.l(strstr.o)
    0x0800014c   0x0800014c   0x0000000e   Code   RO         4172    .text               mc_w.l(strlen.o)
    0x0800015a   0x0800015a   0x00000012   Code   RO         4174    .text               mc_w.l(strcpy.o)
    0x0800016c   0x0800016c   0x0000001e   Code   RO         4176    .text               mc_w.l(strncmp.o)
    0x0800018a   0x0800018a   0x000000b0   Code   RO         4439    .text               mf_w.l(fadd.o)
    0x0800023a   0x0800023a   0x00000064   Code   RO         4441    .text               mf_w.l(fmul.o)
    0x0800029e   0x0800029e   0x0000007c   Code   RO         4443    .text               mf_w.l(fdiv.o)
    0x0800031a   0x0800031a   0x000000e4   Code   RO         4445    .text               mf_w.l(dmul.o)
    0x080003fe   0x080003fe   0x000000de   Code   RO         4447    .text               mf_w.l(ddiv.o)
    0x080004dc   0x080004dc   0x00000012   Code   RO         4449    .text               mf_w.l(fflti.o)
    0x080004ee   0x080004ee   0x0000000a   Code   RO         4451    .text               mf_w.l(ffltui.o)
    0x080004f8   0x080004f8   0x0000001a   Code   RO         4453    .text               mf_w.l(dfltui.o)
    0x08000512   0x08000512   0x00000028   Code   RO         4455    .text               mf_w.l(ffixui.o)
    0x0800053a   0x0800053a   0x00000032   Code   RO         4457    .text               mf_w.l(dfixui.o)
    0x0800056c   0x0800056c   0x00000026   Code   RO         4459    .text               mf_w.l(f2d.o)
    0x08000592   0x08000592   0x00000038   Code   RO         4461    .text               mf_w.l(d2f.o)
    0x080005ca   0x080005ca   0x0000002c   Code   RO         4507    .text               mc_w.l(uidiv.o)
    0x080005f6   0x080005f6   0x00000062   Code   RO         4509    .text               mc_w.l(uldiv.o)
    0x08000658   0x08000658   0x00000020   Code   RO         4511    .text               mc_w.l(llushr.o)
    0x08000678   0x08000678   0x00000000   Code   RO         4520    .text               mc_w.l(iusefp.o)
    0x08000678   0x08000678   0x0000006e   Code   RO         4521    .text               mf_w.l(fepilogue.o)
    0x080006e6   0x080006e6   0x000000ba   Code   RO         4523    .text               mf_w.l(depilogue.o)
    0x080007a0   0x080007a0   0x0000014e   Code   RO         4525    .text               mf_w.l(dadd.o)
    0x080008ee   0x080008ee   0x0000002e   Code   RO         4527    .text               mf_w.l(dscalb.o)
    0x0800091c   0x0800091c   0x00000022   Code   RO         4529    .text               mf_w.l(dflti.o)
    0x0800093e   0x0800093e   0x00000030   Code   RO         4531    .text               mf_w.l(dfixul.o)
    0x0800096e   0x0800096e   0x00000002   PAD
    0x08000970   0x08000970   0x00000030   Code   RO         4533    .text               mf_w.l(cdrcmple.o)
    0x080009a0   0x080009a0   0x00000024   Code   RO         4535    .text               mc_w.l(init.o)
    0x080009c4   0x080009c4   0x0000001e   Code   RO         4537    .text               mc_w.l(llshl.o)
    0x080009e2   0x080009e2   0x00000024   Code   RO         4539    .text               mc_w.l(llsshr.o)
    0x08000a06   0x08000a06   0x000000a2   Code   RO         4541    .text               mf_w.l(dsqrt.o)
    0x08000aa8   0x08000aa8   0x00000016   Code   RO          202    i.ADC_Cmd           stm32f10x_adc.o
    0x08000abe   0x08000abe   0x00000014   Code   RO          210    i.ADC_GetCalibrationStatus  stm32f10x_adc.o
    0x08000ad2   0x08000ad2   0x00000008   Code   RO          211    i.ADC_GetConversionValue  stm32f10x_adc.o
    0x08000ada   0x08000ada   0x00000012   Code   RO          213    i.ADC_GetFlagStatus  stm32f10x_adc.o
    0x08000aec   0x08000aec   0x00000014   Code   RO          216    i.ADC_GetResetCalibrationStatus  stm32f10x_adc.o
    0x08000b00   0x08000b00   0x00000050   Code   RO          220    i.ADC_Init          stm32f10x_adc.o
    0x08000b50   0x08000b50   0x000000b8   Code   RO          224    i.ADC_RegularChannelConfig  stm32f10x_adc.o
    0x08000c08   0x08000c08   0x0000000a   Code   RO          225    i.ADC_ResetCalibration  stm32f10x_adc.o
    0x08000c12   0x08000c12   0x00000016   Code   RO          227    i.ADC_SoftwareStartConvCmd  stm32f10x_adc.o
    0x08000c28   0x08000c28   0x0000000a   Code   RO          229    i.ADC_StartCalibration  stm32f10x_adc.o
    0x08000c32   0x08000c32   0x00000028   Code   RO         3829    i.AD_Average_Data   mq-2.o
    0x08000c5a   0x08000c5a   0x00000002   PAD
    0x08000c5c   0x08000c5c   0x0000001c   Code   RO         3805    i.AD_GetValue       soil_sensor.o
    0x08000c78   0x08000c78   0x0000001c   Code   RO         3830    i.AD_GetValue_MQ2   mq-2.o
    0x08000c94   0x08000c94   0x00000050   Code   RO         3640    i.Aux_Int           lora.o
    0x08000ce4   0x08000ce4   0x00000030   Code   RO         3476    i.BH1750_FluxValue  bh1750.o
    0x08000d14   0x08000d14   0x00000040   Code   RO         3477    i.BH1750_I2C_GPIOInit  bh1750.o
    0x08000d54   0x08000d54   0x00000058   Code   RO         3478    i.BH1750_I2C_ReadByte  bh1750.o
    0x08000dac   0x08000dac   0x00000038   Code   RO         3479    i.BH1750_I2C_SendAck  bh1750.o
    0x08000de4   0x08000de4   0x00000050   Code   RO         3480    i.BH1750_I2C_SendByte  bh1750.o
    0x08000e34   0x08000e34   0x00000038   Code   RO         3481    i.BH1750_I2C_SendNAck  bh1750.o
    0x08000e6c   0x08000e6c   0x00000044   Code   RO         3482    i.BH1750_I2C_Start  bh1750.o
    0x08000eb0   0x08000eb0   0x00000044   Code   RO         3483    i.BH1750_I2C_Stop   bh1750.o
    0x08000ef4   0x08000ef4   0x00000044   Code   RO         3484    i.BH1750_I2C_WaitAck  bh1750.o
    0x08000f38   0x08000f38   0x00000014   Code   RO         3485    i.BH1750_Init       bh1750.o
    0x08000f4c   0x08000f4c   0x00000038   Code   RO         3486    i.BH1750_ReadData   bh1750.o
    0x08000f84   0x08000f84   0x00000038   Code   RO         3487    i.BH1750_SendData   bh1750.o
    0x08000fbc   0x08000fbc   0x00000004   Code   RO         4088    i.BusFault_Handler  stm32f10x_it.o
    0x08000fc0   0x08000fc0   0x0000002c   Code   RO         3398    i.DH11_GPIOMode_INPUT  dht11.o
    0x08000fec   0x08000fec   0x0000002c   Code   RO         3399    i.DH11_GPIOMode_OUTPUT  dht11.o
    0x08001018   0x08001018   0x00000054   Code   RO         3400    i.DH11_ReadByte     dht11.o
    0x0800106c   0x0800106c   0x000000a0   Code   RO         3401    i.DH11_ReadValue    dht11.o
    0x0800110c   0x0800110c   0x00000044   Code   RO         3402    i.DH11_Srart        dht11.o
    0x08001150   0x08001150   0x00000002   Code   RO         4089    i.DebugMon_Handler  stm32f10x_it.o
    0x08001152   0x08001152   0x00000002   PAD
    0x08001154   0x08001154   0x00000078   Code   RO         3641    i.EXTI1_IRQHandler  lora.o
    0x080011cc   0x080011cc   0x0000000c   Code   RO          985    i.EXTI_ClearITPendingBit  stm32f10x_exti.o
    0x080011d8   0x080011d8   0x00000028   Code   RO          989    i.EXTI_GetITStatus  stm32f10x_exti.o
    0x08001200   0x08001200   0x00000094   Code   RO          990    i.EXTI_Init         stm32f10x_exti.o
    0x08001294   0x08001294   0x00000040   Code   RO         1344    i.GPIO_EXTILineConfig  stm32f10x_gpio.o
    0x080012d4   0x080012d4   0x00000116   Code   RO         1347    i.GPIO_Init         stm32f10x_gpio.o
    0x080013ea   0x080013ea   0x00000012   Code   RO         1351    i.GPIO_ReadInputDataBit  stm32f10x_gpio.o
    0x080013fc   0x080013fc   0x00000012   Code   RO         1353    i.GPIO_ReadOutputDataBit  stm32f10x_gpio.o
    0x0800140e   0x0800140e   0x00000004   Code   RO         1354    i.GPIO_ResetBits    stm32f10x_gpio.o
    0x08001412   0x08001412   0x00000004   Code   RO         1355    i.GPIO_SetBits      stm32f10x_gpio.o
    0x08001416   0x08001416   0x0000000a   Code   RO         1358    i.GPIO_WriteBit     stm32f10x_gpio.o
    0x08001420   0x08001420   0x00000070   Code   RO         3831    i.GetPPM            mq-2.o
    0x08001490   0x08001490   0x00000038   Code   RO         3832    i.Get_Vol           mq-2.o
    0x080014c8   0x080014c8   0x00000004   Code   RO         4090    i.HardFault_Handler  stm32f10x_it.o
    0x080014cc   0x080014cc   0x00000018   Code   RO         3932    i.InitSystem        sensor.o
    0x080014e4   0x080014e4   0x0000002c   Code   RO         3200    i.Key_Init          key.o
    0x08001510   0x08001510   0x000000fc   Code   RO         3642    i.LoRa_Init         lora.o
    0x0800160c   0x0800160c   0x00000120   Code   RO         3643    i.LoRa_ReceData     lora.o
    0x0800172c   0x0800172c   0x00000160   Code   RO         3644    i.LoRa_SendData     lora.o
    0x0800188c   0x0800188c   0x00000114   Code   RO         3645    i.Lora_set          lora.o
    0x080019a0   0x080019a0   0x000000ac   Code   RO         3833    i.MQ2_Init          mq-2.o
    0x08001a4c   0x08001a4c   0x000000ac   Code   RO         3700    i.MY_USART3         usart3.o
    0x08001af8   0x08001af8   0x00000004   Code   RO         4091    i.MemManage_Handler  stm32f10x_it.o
    0x08001afc   0x08001afc   0x0000005c   Code   RO         3748    i.Motor_Init        motor.o
    0x08001b58   0x08001b58   0x00000044   Code   RO         3749    i.Motor_SetSpeed1   motor.o
    0x08001b9c   0x08001b9c   0x00000048   Code   RO         3750    i.Motor_SetSpeed2   motor.o
    0x08001be4   0x08001be4   0x00000002   Code   RO         4092    i.NMI_Handler       stm32f10x_it.o
    0x08001be6   0x08001be6   0x00000002   PAD
    0x08001be8   0x08001be8   0x00000070   Code   RO          137    i.NVIC_Init         misc.o
    0x08001c58   0x08001c58   0x00000014   Code   RO          138    i.NVIC_PriorityGroupConfig  misc.o
    0x08001c6c   0x08001c6c   0x0000002a   Code   RO         3290    i.OLED_Clear        oled.o
    0x08001c96   0x08001c96   0x00000002   PAD
    0x08001c98   0x08001c98   0x0000004c   Code   RO         3291    i.OLED_I2C_Init     oled.o
    0x08001ce4   0x08001ce4   0x00000050   Code   RO         3292    i.OLED_I2C_SendByte  oled.o
    0x08001d34   0x08001d34   0x00000030   Code   RO         3293    i.OLED_I2C_Start    oled.o
    0x08001d64   0x08001d64   0x00000028   Code   RO         3294    i.OLED_I2C_Stop     oled.o
    0x08001d8c   0x08001d8c   0x000000ae   Code   RO         3295    i.OLED_Init         oled.o
    0x08001e3a   0x08001e3a   0x00000014   Code   RO         3296    i.OLED_Pow          oled.o
    0x08001e4e   0x08001e4e   0x00000022   Code   RO         3297    i.OLED_SetCursor    oled.o
    0x08001e70   0x08001e70   0x00000074   Code   RO         3299    i.OLED_ShowChar     oled.o
    0x08001ee4   0x08001ee4   0x00000044   Code   RO         3301    i.OLED_ShowNum      oled.o
    0x08001f28   0x08001f28   0x00000028   Code   RO         3303    i.OLED_ShowString   oled.o
    0x08001f50   0x08001f50   0x00000020   Code   RO         3304    i.OLED_WriteCommand  oled.o
    0x08001f70   0x08001f70   0x00000020   Code   RO         3305    i.OLED_WriteData    oled.o
    0x08001f90   0x08001f90   0x00000094   Code   RO         3775    i.PWM_Init1         pwm.o
    0x08002024   0x08002024   0x00000094   Code   RO         3776    i.PWM_Init2         pwm.o
    0x080020b8   0x080020b8   0x00000014   Code   RO         3777    i.PWM_SetCompare3   pwm.o
    0x080020cc   0x080020cc   0x00000014   Code   RO         3778    i.PWM_SetCompare4   pwm.o
    0x080020e0   0x080020e0   0x00000002   Code   RO         4093    i.PendSV_Handler    stm32f10x_it.o
    0x080020e2   0x080020e2   0x00000002   PAD
    0x080020e4   0x080020e4   0x00000018   Code   RO         1773    i.RCC_ADCCLKConfig  stm32f10x_rcc.o
    0x080020fc   0x080020fc   0x00000020   Code   RO         1775    i.RCC_APB1PeriphClockCmd  stm32f10x_rcc.o
    0x0800211c   0x0800211c   0x00000020   Code   RO         1776    i.RCC_APB1PeriphResetCmd  stm32f10x_rcc.o
    0x0800213c   0x0800213c   0x00000020   Code   RO         1777    i.RCC_APB2PeriphClockCmd  stm32f10x_rcc.o
    0x0800215c   0x0800215c   0x00000020   Code   RO         1778    i.RCC_APB2PeriphResetCmd  stm32f10x_rcc.o
    0x0800217c   0x0800217c   0x000000d4   Code   RO         1785    i.RCC_GetClocksFreq  stm32f10x_rcc.o
    0x08002250   0x08002250   0x00000034   Code   RO         3933    i.ReadSGP30Data     sensor.o
    0x08002284   0x08002284   0x00000024   Code   RO         3553    i.SDA_IN            sgp30.o
    0x080022a8   0x080022a8   0x00000024   Code   RO         3554    i.SDA_OUT           sgp30.o
    0x080022cc   0x080022cc   0x0000003c   Code   RO         3555    i.SGP30_GPIO_Init   sgp30.o
    0x08002308   0x08002308   0x00000038   Code   RO         3556    i.SGP30_IIC_Ack     sgp30.o
    0x08002340   0x08002340   0x00000038   Code   RO         3557    i.SGP30_IIC_NAck    sgp30.o
    0x08002378   0x08002378   0x00000064   Code   RO         3558    i.SGP30_IIC_Read_Byte  sgp30.o
    0x080023dc   0x080023dc   0x00000064   Code   RO         3559    i.SGP30_IIC_Send_Byte  sgp30.o
    0x08002440   0x08002440   0x00000038   Code   RO         3560    i.SGP30_IIC_Start   sgp30.o
    0x08002478   0x08002478   0x00000034   Code   RO         3561    i.SGP30_IIC_Stop    sgp30.o
    0x080024ac   0x080024ac   0x00000058   Code   RO         3562    i.SGP30_IIC_Wait_Ack  sgp30.o
    0x08002504   0x08002504   0x00000010   Code   RO         3563    i.SGP30_Init        sgp30.o
    0x08002514   0x08002514   0x00000048   Code   RO         3564    i.SGP30_Read        sgp30.o
    0x0800255c   0x0800255c   0x00000034   Code   RO         3565    i.SGP30_Write       sgp30.o
    0x08002590   0x08002590   0x00000002   Code   RO         4094    i.SVC_Handler       stm32f10x_it.o
    0x08002592   0x08002592   0x00000008   Code   RO           24    i.SetSysClock       system_stm32f10x.o
    0x0800259a   0x0800259a   0x00000002   PAD
    0x0800259c   0x0800259c   0x000000e0   Code   RO           25    i.SetSysClockTo72   system_stm32f10x.o
    0x0800267c   0x0800267c   0x00000074   Code   RO         3806    i.Soil_ADValue      soil_sensor.o
    0x080026f0   0x080026f0   0x000000a4   Code   RO         3807    i.Soil_Init         soil_sensor.o
    0x08002794   0x08002794   0x00000028   Code   RO          141    i.SysTick_CLKSourceConfig  misc.o
    0x080027bc   0x080027bc   0x00000002   Code   RO         4095    i.SysTick_Handler   stm32f10x_it.o
    0x080027be   0x080027be   0x00000002   PAD
    0x080027c0   0x080027c0   0x00000060   Code   RO           27    i.SystemInit        system_stm32f10x.o
    0x08002820   0x08002820   0x00000060   Code   RO         4051    i.TIM1_Init         time1.o
    0x08002880   0x08002880   0x00000024   Code   RO         4052    i.TIM1_UP_IRQHandler  time1.o
    0x080028a4   0x080028a4   0x00000030   Code   RO         3967    i.TIM2_IRQHandler   time2.o
    0x080028d4   0x080028d4   0x0000005a   Code   RO         3968    i.TIM2_Init         time2.o
    0x0800292e   0x0800292e   0x00000002   PAD
    0x08002930   0x08002930   0x00000034   Code   RO         4033    i.TIM3_IRQHandler   time3.o
    0x08002964   0x08002964   0x00000060   Code   RO         4034    i.TIM3_Init         time3.o
    0x080029c4   0x080029c4   0x00000006   Code   RO         2416    i.TIM_ClearITPendingBit  stm32f10x_tim.o
    0x080029ca   0x080029ca   0x00000018   Code   RO         2421    i.TIM_Cmd           stm32f10x_tim.o
    0x080029e2   0x080029e2   0x00000022   Code   RO         2442    i.TIM_GetITStatus   stm32f10x_tim.o
    0x08002a04   0x08002a04   0x00000012   Code   RO         2446    i.TIM_ITConfig      stm32f10x_tim.o
    0x08002a16   0x08002a16   0x0000000c   Code   RO         2448    i.TIM_InternalClockConfig  stm32f10x_tim.o
    0x08002a22   0x08002a22   0x00000002   PAD
    0x08002a24   0x08002a24   0x000000a0   Code   RO         2460    i.TIM_OC3Init       stm32f10x_tim.o
    0x08002ac4   0x08002ac4   0x0000007c   Code   RO         2465    i.TIM_OC4Init       stm32f10x_tim.o
    0x08002b40   0x08002b40   0x00000014   Code   RO         2468    i.TIM_OCStructInit  stm32f10x_tim.o
    0x08002b54   0x08002b54   0x00000004   Code   RO         2484    i.TIM_SetCompare3   stm32f10x_tim.o
    0x08002b58   0x08002b58   0x00000006   Code   RO         2485    i.TIM_SetCompare4   stm32f10x_tim.o
    0x08002b5e   0x08002b5e   0x00000004   Code   RO         2486    i.TIM_SetCounter    stm32f10x_tim.o
    0x08002b62   0x08002b62   0x00000002   PAD
    0x08002b64   0x08002b64   0x000000a4   Code   RO         2492    i.TIM_TimeBaseInit  stm32f10x_tim.o
    0x08002c08   0x08002c08   0x00000078   Code   RO         3988    i.USART1_IRQHandler  usart1.o
    0x08002c80   0x08002c80   0x00000024   Code   RO         3701    i.USART3_IRQHandler  usart3.o
    0x08002ca4   0x08002ca4   0x00000018   Code   RO         2960    i.USART_Cmd         stm32f10x_usart.o
    0x08002cbc   0x08002cbc   0x0000009c   Code   RO         2962    i.USART_DeInit      stm32f10x_usart.o
    0x08002d58   0x08002d58   0x0000001a   Code   RO         2963    i.USART_GetFlagStatus  stm32f10x_usart.o
    0x08002d72   0x08002d72   0x00000054   Code   RO         2964    i.USART_GetITStatus  stm32f10x_usart.o
    0x08002dc6   0x08002dc6   0x0000004a   Code   RO         2966    i.USART_ITConfig    stm32f10x_usart.o
    0x08002e10   0x08002e10   0x000000d8   Code   RO         2967    i.USART_Init        stm32f10x_usart.o
    0x08002ee8   0x08002ee8   0x0000000a   Code   RO         2974    i.USART_ReceiveData  stm32f10x_usart.o
    0x08002ef2   0x08002ef2   0x0000001c   Code   RO         3703    i.USART_SendByte    usart3.o
    0x08002f0e   0x08002f0e   0x00000008   Code   RO         2977    i.USART_SendData    stm32f10x_usart.o
    0x08002f16   0x08002f16   0x00000004   Code   RO         4096    i.UsageFault_Handler  stm32f10x_it.o
    0x08002f1a   0x08002f1a   0x00000002   PAD
    0x08002f1c   0x08002f1c   0x000000b8   Code   RO         3934    i.WaitForSGP30Stable  sensor.o
    0x08002fd4   0x08002fd4   0x00000028   Code   RO         4413    i.__0sprintf        mc_w.l(printfa.o)
    0x08002ffc   0x08002ffc   0x00000024   Code   RO         4417    i.__0vsprintf       mc_w.l(printfa.o)
    0x08003020   0x08003020   0x00000028   Code   RO         4477    i.__ARM_fpclassify  m_ws.l(fpclassify.o)
    0x08003048   0x08003048   0x000000aa   Code   RO         4479    i.__kernel_poly     m_ws.l(poly.o)
    0x080030f2   0x080030f2   0x00000002   PAD
    0x080030f4   0x080030f4   0x00000010   Code   RO         4463    i.__mathlib_dbl_divzero  m_ws.l(dunder.o)
    0x08003104   0x08003104   0x00000004   Code   RO         4465    i.__mathlib_dbl_infnan2  m_ws.l(dunder.o)
    0x08003108   0x08003108   0x0000000c   Code   RO         4466    i.__mathlib_dbl_invalid  m_ws.l(dunder.o)
    0x08003114   0x08003114   0x0000000e   Code   RO         4467    i.__mathlib_dbl_overflow  m_ws.l(dunder.o)
    0x08003122   0x08003122   0x00000002   PAD
    0x08003124   0x08003124   0x00000010   Code   RO         4469    i.__mathlib_dbl_underflow  m_ws.l(dunder.o)
    0x08003134   0x08003134   0x0000000e   Code   RO         4547    i.__scatterload_copy  mc_w.l(handlers.o)
    0x08003142   0x08003142   0x00000002   Code   RO         4548    i.__scatterload_null  mc_w.l(handlers.o)
    0x08003144   0x08003144   0x0000000e   Code   RO         4549    i.__scatterload_zeroinit  mc_w.l(handlers.o)
    0x08003152   0x08003152   0x00000002   PAD
    0x08003154   0x08003154   0x0000000c   Code   RO         4515    i.__set_errno       mc_w.l(errno.o)
    0x08003160   0x08003160   0x00000184   Code   RO         4418    i._fp_digits        mc_w.l(printfa.o)
    0x080032e4   0x080032e4   0x000006b4   Code   RO         4419    i._printf_core      mc_w.l(printfa.o)
    0x08003998   0x08003998   0x00000024   Code   RO         4420    i._printf_post_padding  mc_w.l(printfa.o)
    0x080039bc   0x080039bc   0x0000002e   Code   RO         4421    i._printf_pre_padding  mc_w.l(printfa.o)
    0x080039ea   0x080039ea   0x0000000a   Code   RO         4423    i._sputc            mc_w.l(printfa.o)
    0x080039f4   0x080039f4   0x00000034   Code   RO         3872    i.buzzer_init       buzzer.o
    0x08003a28   0x08003a28   0x00000030   Code   RO         3875    i.buzzer_turn       buzzer.o
    0x08003a58   0x08003a58   0x00000044   Code   RO         3902    i.delay_init        delay.o
    0x08003a9c   0x08003a9c   0x0000004c   Code   RO         3903    i.delay_ms          delay.o
    0x08003ae8   0x08003ae8   0x0000004c   Code   RO         3904    i.delay_us          delay.o
    0x08003b34   0x08003b34   0x00000034   Code   RO         3646    i.lora_check_cmd    lora.o
    0x08003b68   0x08003b68   0x00000080   Code   RO         3647    i.lora_send_cmd     lora.o
    0x08003be8   0x08003be8   0x00000130   Code   RO         4072    i.main              main.o
    0x08003d18   0x08003d18   0x000009d8   Code   RO         4158    i.pow               m_ws.l(pow.o)
    0x080046f0   0x080046f0   0x00000034   Code   RO         3443    i.relay_init        jdq.o
    0x08004724   0x08004724   0x00000014   Code   RO         3444    i.relay_off         jdq.o
    0x08004738   0x08004738   0x00000014   Code   RO         3445    i.relay_on          jdq.o
    0x0800474c   0x0800474c   0x0000004c   Code   RO         4483    i.sqrt              m_ws.l(sqrt.o)
    0x08004798   0x08004798   0x00000050   Code   RO         3989    i.u3_printf         usart1.o
    0x080047e8   0x080047e8   0x000000c0   Code   RO         3990    i.usart1_init       usart1.o
    0x080048a8   0x080048a8   0x00000038   Code   RO         3991    i.usart1_rx         usart1.o
    0x080048e0   0x080048e0   0x000005f0   Data   RO         3306    .constdata          oled.o
    0x08004ed0   0x08004ed0   0x00000088   Data   RO         4159    .constdata          m_ws.l(pow.o)
    0x08004f58   0x08004f58   0x00000008   Data   RO         4481    .constdata          m_ws.l(qnan.o)
    0x08004f60   0x08004f60   0x00000020   Data   RO         4545    Region$$Table       anon$$obj.o


    Execution Region RW_IRAM1 (Exec base: 0x20000000, Load base: 0x08004f80, Size: 0x00000ac8, Max: 0x00005000, ABSOLUTE)

    Exec Addr    Load Addr    Size         Type   Attr      Idx    E Section Name        Object

    0x20000000   0x08004f80   0x00000014   Data   RW           28    .data               system_stm32f10x.o
    0x20000014   0x08004f94   0x00000014   Data   RW         1805    .data               stm32f10x_rcc.o
    0x20000028   0x08004fa8   0x00000002   Data   RW         3403    .data               dht11.o
    0x2000002a   0x08004faa   0x00000002   PAD
    0x2000002c   0x08004fac   0x00000014   Data   RW         3648    .data               lora.o
    0x20000040   0x08004fc0   0x00000004   Data   RW         3905    .data               delay.o
    0x20000044   0x08004fc4   0x00000011   Data   RW         3935    .data               sensor.o
    0x20000055   0x08004fd5   0x00000003   Data   RW         3969    .data               time2.o
    0x20000058   0x08004fd8   0x00000002   Data   RW         3993    .data               usart1.o
    0x2000005a   0x08004fda   0x00000001   Data   RW         4053    .data               time1.o
    0x2000005b   0x08004fdb   0x00000001   PAD
    0x2000005c   0x08004fdc   0x00000004   Data   RW         4516    .data               mc_w.l(errno.o)
    0x20000060        -       0x00000668   Zero   RW         3992    .bss                usart1.o
    0x200006c8        -       0x00000400   Zero   RW            1    STACK               startup_stm32f10x_md.o


==============================================================================

Image component sizes


      Code (inc. data)   RO Data    RW Data    ZI Data      Debug   Object Name

       728         46          0          0          0       6114   bh1750.o
       100         10          0          0          0        912   buzzer.o
         0          0          0          0          0       4500   core_cm3.o
       220         26          0          4          0       1615   delay.o
       400         36          0          2          0       2953   dht11.o
        92         16          0          0          0       1296   jdq.o
        44          4          0          0          0        455   key.o
      1548        414          0         20          0       5469   lora.o
       304         30          0          0          0        607   main.o
       172         22          0          0          0     216369   misc.o
       232         20          0          0          0       1513   motor.o
       408         40          0          0          0       2618   mq-2.o
       802         26       1520          0          0       7493   oled.o
       336         28          0          0          0       2192   pwm.o
       260         42          0         17          0       1770   sensor.o
       780         78          0          0          0       6506   sgp30.o
       308         22          0          0          0       1729   soil_sensor.o
        36          8        236          0       1024        796   startup_stm32f10x_md.o
       394         10          0          0          0      18245   stm32f10x_adc.o
       200         18          0          0          0       4076   stm32f10x_exti.o
       396          4          0          0          0      13467   stm32f10x_gpio.o
        26          0          0          0          0       3702   stm32f10x_it.o
       364         50          0         20          0      14523   stm32f10x_rcc.o
       576         62          0          0          0      27380   stm32f10x_tim.o
       598         28          0          0          0      12404   stm32f10x_usart.o
       328         28          0         20          0      45461   system_stm32f10x.o
       132         14          0          1          0       1535   time1.o
       138         12          0          3          0       1648   time2.o
       148         16          0          0          0       1058   time3.o
       448         58          0          2       1640       3498   usart1.o
       236         14          0          0          0       1909   usart3.o

    ----------------------------------------------------------------------
     10776       1182       1788         92       2664     413813   Object Totals
         0          0         32          0          0          0   (incl. Generated)
        22          0          0          3          0          0   (incl. Padding)

    ----------------------------------------------------------------------

      Code (inc. data)   RO Data    RW Data    ZI Data      Debug   Library Member Name

        62         10          0          0          0        340   dunder.o
        40          0          0          0          0         68   fpclassify.o
       170          0          0          0          0         96   poly.o
      2520        190        136          0          0        324   pow.o
         0          0          8          0          0          0   qnan.o
        76          0          0          0          0         84   sqrt.o
         0          0          0          0          0          0   entry.o
         0          0          0          0          0          0   entry10a.o
         0          0          0          0          0          0   entry11a.o
         4          0          0          0          0          0   entry12b.o
         8          4          0          0          0          0   entry2.o
         4          0          0          0          0          0   entry5.o
         0          0          0          0          0          0   entry7b.o
         0          0          0          0          0          0   entry8b.o
         8          4          0          0          0          0   entry9a.o
        12          6          0          4          0         68   errno.o
        30          0          0          0          0          0   handlers.o
        36          8          0          0          0         68   init.o
         0          0          0          0          0          0   iusefp.o
        30          0          0          0          0         68   llshl.o
        36          0          0          0          0         68   llsshr.o
        32          0          0          0          0         68   llushr.o
      2272         92          0          0          0        612   printfa.o
        18          0          0          0          0         68   strcpy.o
        14          0          0          0          0         68   strlen.o
        30          0          0          0          0         80   strncmp.o
        36          0          0          0          0         80   strstr.o
        44          0          0          0          0         80   uidiv.o
        98          0          0          0          0         92   uldiv.o
        48          0          0          0          0         68   cdrcmple.o
        56          0          0          0          0         88   d2f.o
       334          0          0          0          0        148   dadd.o
       222          0          0          0          0        100   ddiv.o
       186          0          0          0          0        176   depilogue.o
        50          0          0          0          0         76   dfixui.o
        48          0          0          0          0         68   dfixul.o
        34          0          0          0          0         76   dflti.o
        26          0          0          0          0         76   dfltui.o
       228          0          0          0          0         96   dmul.o
        46          0          0          0          0         80   dscalb.o
       162          0          0          0          0        100   dsqrt.o
        38          0          0          0          0         68   f2d.o
       176          0          0          0          0        140   fadd.o
       124          0          0          0          0         88   fdiv.o
       110          0          0          0          0        168   fepilogue.o
        40          0          0          0          0         68   ffixui.o
        18          0          0          0          0         68   fflti.o
        10          0          0          0          0         68   ffltui.o
       100          0          0          0          0         76   fmul.o

    ----------------------------------------------------------------------
      7644        314        144          4          0       4228   Library Totals
         8          0          0          0          0          0   (incl. Padding)

    ----------------------------------------------------------------------

      Code (inc. data)   RO Data    RW Data    ZI Data      Debug   Library Name

      2868        200        144          0          0        912   m_ws.l
      2712        114          0          4          0       1420   mc_w.l
      2056          0          0          0          0       1896   mf_w.l

    ----------------------------------------------------------------------
      7644        314        144          4          0       4228   Library Totals

    ----------------------------------------------------------------------

==============================================================================


      Code (inc. data)   RO Data    RW Data    ZI Data      Debug   

     18420       1496       1932         96       2664     408105   Grand Totals
     18420       1496       1932         96       2664     408105   ELF Image Totals
     18420       1496       1932         96          0          0   ROM Totals

==============================================================================

    Total RO  Size (Code + RO Data)                20352 (  19.88kB)
    Total RW  Size (RW Data + ZI Data)              2760 (   2.70kB)
    Total ROM Size (Code + RO Data + RW Data)      20448 (  19.97kB)

==============================================================================

