Component: ARM Compiler 5.06 update 7 (build 960) Tool: armlink [4d3601]

==============================================================================

Section Cross References

    startup_stm32f10x_md.o(RESET) refers to startup_stm32f10x_md.o(STACK) for __initial_sp
    startup_stm32f10x_md.o(RESET) refers to startup_stm32f10x_md.o(.text) for Reset_Handler
    startup_stm32f10x_md.o(RESET) refers to stm32f10x_it.o(i.NMI_Handler) for NMI_Handler
    startup_stm32f10x_md.o(RESET) refers to stm32f10x_it.o(i.HardFault_Handler) for HardFault_Handler
    startup_stm32f10x_md.o(RESET) refers to stm32f10x_it.o(i.MemManage_Handler) for MemManage_Handler
    startup_stm32f10x_md.o(RESET) refers to stm32f10x_it.o(i.BusFault_Handler) for BusFault_Handler
    startup_stm32f10x_md.o(RESET) refers to stm32f10x_it.o(i.UsageFault_Handler) for UsageFault_Handler
    startup_stm32f10x_md.o(RESET) refers to stm32f10x_it.o(i.SVC_Handler) for SVC_Handler
    startup_stm32f10x_md.o(RESET) refers to stm32f10x_it.o(i.DebugMon_Handler) for DebugMon_Handler
    startup_stm32f10x_md.o(RESET) refers to stm32f10x_it.o(i.PendSV_Handler) for PendSV_Handler
    startup_stm32f10x_md.o(RESET) refers to stm32f10x_it.o(i.SysTick_Handler) for SysTick_Handler
    startup_stm32f10x_md.o(RESET) refers to lora.o(i.EXTI1_IRQHandler) for EXTI1_IRQHandler
    startup_stm32f10x_md.o(RESET) refers to time1.o(i.TIM1_UP_IRQHandler) for TIM1_UP_IRQHandler
    startup_stm32f10x_md.o(RESET) refers to time2.o(i.TIM2_IRQHandler) for TIM2_IRQHandler
    startup_stm32f10x_md.o(RESET) refers to time3.o(i.TIM3_IRQHandler) for TIM3_IRQHandler
    startup_stm32f10x_md.o(RESET) refers to usart1.o(i.USART1_IRQHandler) for USART1_IRQHandler
    startup_stm32f10x_md.o(RESET) refers to usart2.o(i.USART2_IRQHandler) for USART2_IRQHandler
    startup_stm32f10x_md.o(RESET) refers to usart3.o(i.USART3_IRQHandler) for USART3_IRQHandler
    startup_stm32f10x_md.o(RESET) refers to key.o(i.EXTI15_10_IRQHandler) for EXTI15_10_IRQHandler
    startup_stm32f10x_md.o(.text) refers to system_stm32f10x.o(i.SystemInit) for SystemInit
    startup_stm32f10x_md.o(.text) refers to entry.o(.ARM.Collect$$$$00000000) for __main
    system_stm32f10x.o(i.SetSysClock) refers to system_stm32f10x.o(i.SetSysClockTo72) for SetSysClockTo72
    system_stm32f10x.o(i.SystemCoreClockUpdate) refers to system_stm32f10x.o(.data) for SystemCoreClock
    system_stm32f10x.o(i.SystemInit) refers to system_stm32f10x.o(i.SetSysClock) for SetSysClock
    stm32f10x_adc.o(i.ADC_DeInit) refers to stm32f10x_rcc.o(i.RCC_APB2PeriphResetCmd) for RCC_APB2PeriphResetCmd
    stm32f10x_bkp.o(i.BKP_DeInit) refers to stm32f10x_rcc.o(i.RCC_BackupResetCmd) for RCC_BackupResetCmd
    stm32f10x_can.o(i.CAN_DeInit) refers to stm32f10x_rcc.o(i.RCC_APB1PeriphResetCmd) for RCC_APB1PeriphResetCmd
    stm32f10x_can.o(i.CAN_GetITStatus) refers to stm32f10x_can.o(i.CheckITStatus) for CheckITStatus
    stm32f10x_cec.o(i.CEC_DeInit) refers to stm32f10x_rcc.o(i.RCC_APB1PeriphResetCmd) for RCC_APB1PeriphResetCmd
    stm32f10x_dac.o(i.DAC_DeInit) refers to stm32f10x_rcc.o(i.RCC_APB1PeriphResetCmd) for RCC_APB1PeriphResetCmd
    stm32f10x_flash.o(i.FLASH_EnableWriteProtection) refers to stm32f10x_flash.o(i.FLASH_WaitForLastOperation) for FLASH_WaitForLastOperation
    stm32f10x_flash.o(i.FLASH_EraseAllBank1Pages) refers to stm32f10x_flash.o(i.FLASH_WaitForLastBank1Operation) for FLASH_WaitForLastBank1Operation
    stm32f10x_flash.o(i.FLASH_EraseAllPages) refers to stm32f10x_flash.o(i.FLASH_WaitForLastOperation) for FLASH_WaitForLastOperation
    stm32f10x_flash.o(i.FLASH_EraseOptionBytes) refers to stm32f10x_flash.o(i.FLASH_GetReadOutProtectionStatus) for FLASH_GetReadOutProtectionStatus
    stm32f10x_flash.o(i.FLASH_EraseOptionBytes) refers to stm32f10x_flash.o(i.FLASH_WaitForLastOperation) for FLASH_WaitForLastOperation
    stm32f10x_flash.o(i.FLASH_ErasePage) refers to stm32f10x_flash.o(i.FLASH_WaitForLastOperation) for FLASH_WaitForLastOperation
    stm32f10x_flash.o(i.FLASH_ProgramHalfWord) refers to stm32f10x_flash.o(i.FLASH_WaitForLastOperation) for FLASH_WaitForLastOperation
    stm32f10x_flash.o(i.FLASH_ProgramOptionByteData) refers to stm32f10x_flash.o(i.FLASH_WaitForLastOperation) for FLASH_WaitForLastOperation
    stm32f10x_flash.o(i.FLASH_ProgramWord) refers to stm32f10x_flash.o(i.FLASH_WaitForLastOperation) for FLASH_WaitForLastOperation
    stm32f10x_flash.o(i.FLASH_ReadOutProtection) refers to stm32f10x_flash.o(i.FLASH_WaitForLastOperation) for FLASH_WaitForLastOperation
    stm32f10x_flash.o(i.FLASH_UserOptionByteConfig) refers to stm32f10x_flash.o(i.FLASH_WaitForLastOperation) for FLASH_WaitForLastOperation
    stm32f10x_flash.o(i.FLASH_WaitForLastBank1Operation) refers to stm32f10x_flash.o(i.FLASH_GetBank1Status) for FLASH_GetBank1Status
    stm32f10x_flash.o(i.FLASH_WaitForLastOperation) refers to stm32f10x_flash.o(i.FLASH_GetBank1Status) for FLASH_GetBank1Status
[...]
    Removing stm32f10x_tim.o(i.TIM_SetClockDivision), (18 bytes).
    Removing stm32f10x_tim.o(i.TIM_SetCompare1), (4 bytes).
    Removing stm32f10x_tim.o(i.TIM_SetCompare2), (4 bytes).
    Removing stm32f10x_tim.o(i.TIM_SetCompare3), (4 bytes).
    Removing stm32f10x_tim.o(i.TIM_SetCompare4), (6 bytes).
    Removing stm32f10x_tim.o(i.TIM_SetIC1Prescaler), (18 bytes).
    Removing stm32f10x_tim.o(i.TIM_SetIC2Prescaler), (26 bytes).
    Removing stm32f10x_tim.o(i.TIM_SetIC3Prescaler), (18 bytes).
    Removing stm32f10x_tim.o(i.TIM_SetIC4Prescaler), (26 bytes).
    Removing stm32f10x_tim.o(i.TIM_TIxExternalClockConfig), (62 bytes).
    Removing stm32f10x_tim.o(i.TIM_TimeBaseStructInit), (18 bytes).
    Removing stm32f10x_tim.o(i.TIM_UpdateDisableConfig), (24 bytes).
    Removing stm32f10x_tim.o(i.TIM_UpdateRequestConfig), (24 bytes).
    Removing stm32f10x_usart.o(i.USART_ClearFlag), (18 bytes).
    Removing stm32f10x_usart.o(i.USART_ClockInit), (34 bytes).
    Removing stm32f10x_usart.o(i.USART_ClockStructInit), (12 bytes).
    Removing stm32f10x_usart.o(i.USART_DMACmd), (18 bytes).
    Removing stm32f10x_usart.o(i.USART_HalfDuplexCmd), (24 bytes).
    Removing stm32f10x_usart.o(i.USART_IrDACmd), (24 bytes).
    Removing stm32f10x_usart.o(i.USART_IrDAConfig), (18 bytes).
    Removing stm32f10x_usart.o(i.USART_LINBreakDetectLengthConfig), (18 bytes).
    Removing stm32f10x_usart.o(i.USART_LINCmd), (24 bytes).
    Removing stm32f10x_usart.o(i.USART_OneBitMethodCmd), (24 bytes).
    Removing stm32f10x_usart.o(i.USART_OverSampling8Cmd), (22 bytes).
    Removing stm32f10x_usart.o(i.USART_ReceiverWakeUpCmd), (24 bytes).
    Removing stm32f10x_usart.o(i.USART_SendBreak), (10 bytes).
    Removing stm32f10x_usart.o(i.USART_SetAddress), (18 bytes).
    Removing stm32f10x_usart.o(i.USART_SetGuardTime), (16 bytes).
    Removing stm32f10x_usart.o(i.USART_SetPrescaler), (16 bytes).
    Removing stm32f10x_usart.o(i.USART_SmartCardCmd), (24 bytes).
    Removing stm32f10x_usart.o(i.USART_SmartCardNACKCmd), (24 bytes).
    Removing stm32f10x_usart.o(i.USART_StructInit), (24 bytes).
    Removing stm32f10x_usart.o(i.USART_WakeUpConfig), (18 bytes).
    Removing stm32f10x_wwdg.o(i.WWDG_ClearFlag), (12 bytes).
    Removing stm32f10x_wwdg.o(i.WWDG_DeInit), (22 bytes).
    Removing stm32f10x_wwdg.o(i.WWDG_Enable), (16 bytes).
    Removing stm32f10x_wwdg.o(i.WWDG_EnableIT), (12 bytes).
    Removing stm32f10x_wwdg.o(i.WWDG_GetFlagStatus), (12 bytes).
    Removing stm32f10x_wwdg.o(i.WWDG_SetCounter), (16 bytes).
    Removing stm32f10x_wwdg.o(i.WWDG_SetPrescaler), (24 bytes).
    Removing stm32f10x_wwdg.o(i.WWDG_SetWindowValue), (40 bytes).
    Removing led.o(i.LED1_Turn), (56 bytes).
    Removing oled.o(i.OLED_ShowBinNum), (62 bytes).
    Removing oled.o(i.OLED_ShowHexNum), (84 bytes).
    Removing oled.o(i.OLED_ShowSignedNum), (102 bytes).
    Removing delay.o(i.delay_us), (76 bytes).
    Removing usart3.o(i.USART3_SendCmd), (56 bytes).
    Removing usart3.o(.bss), (10 bytes).
    Removing time1.o(i.TIM1_Init), (136 bytes).
    Removing main.o(.data), (2 bytes).

452 unused section(s) (total 18500 bytes) removed from the image.

==============================================================================

Image Symbol Table

    Local Symbols

    Symbol Name                              Value     Ov Type        Size  Object(Section)

    ../clib/../cmprslib/zerorunl2.c          0x00000000   Number         0  __dczerorl2.o ABSOLUTE
    ../clib/microlib/ctype/ctype.c           0x00000000   Number         0  ctype_c.o ABSOLUTE
    ../clib/microlib/ctype/ctype.c           0x00000000   Number         0  isspace_c.o ABSOLUTE
    ../clib/microlib/division.c              0x00000000   Number         0  uldiv.o ABSOLUTE
    ../clib/microlib/division.c              0x00000000   Number         0  uidiv.o ABSOLUTE
    ../clib/microlib/init/entry.s            0x00000000   Number         0  entry2.o ABSOLUTE
    ../clib/microlib/init/entry.s            0x00000000   Number         0  entry7a.o ABSOLUTE
    ../clib/microlib/init/entry.s            0x00000000   Number         0  entry8b.o ABSOLUTE
    ../clib/microlib/init/entry.s            0x00000000   Number         0  entry5.o ABSOLUTE
    ../clib/microlib/init/entry.s            0x00000000   Number         0  entry9b.o ABSOLUTE
    ../clib/microlib/init/entry.s            0x00000000   Number         0  entry10a.o ABSOLUTE
    ../clib/microlib/init/entry.s            0x00000000   Number         0  entry10b.o ABSOLUTE
    ../clib/microlib/init/entry.s            0x00000000   Number         0  entry11b.o ABSOLUTE
    ../clib/microlib/init/entry.s            0x00000000   Number         0  entry12a.o ABSOLUTE
    ../clib/microlib/init/entry.s            0x00000000   Number         0  entry12b.o ABSOLUTE
    ../clib/microlib/init/entry.s            0x00000000   Number         0  entry7b.o ABSOLUTE
    ../clib/microlib/init/entry.s            0x00000000   Number         0  entry11a.o ABSOLUTE
    ../clib/microlib/init/entry.s            0x00000000   Number         0  entry.o ABSOLUTE
    ../clib/microlib/init/entry.s            0x00000000   Number         0  entry8a.o ABSOLUTE
    ../clib/microlib/init/entry.s            0x00000000   Number         0  entry9a.o ABSOLUTE
    ../clib/microlib/longlong.c              0x00000000   Number         0  llshl.o ABSOLUTE
    ../clib/microlib/longlong.c              0x00000000   Number         0  llushr.o ABSOLUTE
    ../clib/microlib/longlong.c              0x00000000   Number         0  llsshr.o ABSOLUTE
    ../clib/microlib/printf/printf.c         0x00000000   Number         0  printf5.o ABSOLUTE
    ../clib/microlib/printf/printf.c         0x00000000   Number         0  printf0.o ABSOLUTE
    ../clib/microlib/printf/printf.c         0x00000000   Number         0  printfb.o ABSOLUTE
    ../clib/microlib/printf/printf.c         0x00000000   Number         0  printf2.o ABSOLUTE
    ../clib/microlib/printf/printf.c         0x00000000   Number         0  printf6.o ABSOLUTE
    ../clib/microlib/printf/printf.c         0x00000000   Number         0  printf7.o ABSOLUTE
    ../clib/microlib/printf/printf.c         0x00000000   Number         0  printfa.o ABSOLUTE
    ../clib/microlib/printf/printf.c         0x00000000   Number         0  printf8.o ABSOLUTE
    ../clib/microlib/printf/printf.c         0x00000000   Number         0  printf3.o ABSOLUTE
    ../clib/microlib/printf/printf.c         0x00000000   Number         0  printf4.o ABSOLUTE
    ../clib/microlib/printf/printf.c         0x00000000   Number         0  printf1.o ABSOLUTE
    ../clib/microlib/printf/stubs.s          0x00000000   Number         0  stubs.o ABSOLUTE
    ../clib/microlib/stdio/streams.c         0x00000000   Number         0  stdout.o ABSOLUTE
    ../clib/microlib/string/memset.c         0x00000000   Number         0  memseta.o ABSOLUTE
    ../clib/microlib/string/strchr.c         0x00000000   Number         0  strchr.o ABSOLUTE
    ../clib/microlib/string/strcmp.c         0x00000000   Number         0  strcmp.o ABSOLUTE
    ../clib/microlib/string/strlen.c         0x00000000   Number         0  strlen.o ABSOLUTE
    ../clib/microlib/string/strncpy.c        0x00000000   Number         0  strncpy.o ABSOLUTE
    ../clib/microlib/string/strstr.c         0x00000000   Number         0  strstr.o ABSOLUTE
    ../clib/microlib/stubs.s                 0x00000000   Number         0  iusefp.o ABSOLUTE
    ../clib/scanf.c                          0x00000000   Number         0  _sgetc.o ABSOLUTE
    ../clib/scanf.c                          0x00000000   Number         0  scanf_char.o ABSOLUTE
    ../clib/scanf.c                          0x00000000   Number         0  scanf_fp.o ABSOLUTE
    ../clib/scanf.c                          0x00000000   Number         0  _chval.o ABSOLUTE
    ../clib/scanf.c                          0x00000000   Number         0  _scanf.o ABSOLUTE
    ../clib/scanf.c                          0x00000000   Number         0  __0sscanf.o ABSOLUTE
    ../clib/scanf.c                          0x00000000   Number         0  _scanf_int.o ABSOLUTE
    ../fplib/microlib/d2f.c                  0x00000000   Number         0  d2f.o ABSOLUTE
    ../fplib/microlib/fpadd.c                0x00000000   Number         0  dadd.o ABSOLUTE
    ../fplib/microlib/fpdiv.c                0x00000000   Number         0  ddiv.o ABSOLUTE
    ../fplib/microlib/fpdiv.c                0x00000000   Number         0  fdiv.o ABSOLUTE
    ../fplib/microlib/fpepilogue.c           0x00000000   Number         0  depilogue.o ABSOLUTE
    ../fplib/microlib/fpepilogue.c           0x00000000   Number         0  fepilogue.o ABSOLUTE
    ../fplib/microlib/fpfix.c                0x00000000   Number         0  dfixul.o ABSOLUTE
    ../fplib/microlib/fpflt.c                0x00000000   Number         0  dfltul.o ABSOLUTE
    ../fplib/microlib/fpmul.c                0x00000000   Number         0  dmul.o ABSOLUTE
    ../fplib/microlib/fpmul.c                0x00000000   Number         0  fmul.o ABSOLUTE
    Hardware\Key.c                           0x00000000   Number         0  key.o ABSOLUTE
    Hardware\LED.c                           0x00000000   Number         0  led.o ABSOLUTE
    Hardware\OLED.c                          0x00000000   Number         0  oled.o ABSOLUTE
    Hardware\iot.c                           0x00000000   Number         0  iot.o ABSOLUTE
    Hardware\lora.c                          0x00000000   Number         0  lora.o ABSOLUTE
    Hardware\oled_menu.c                     0x00000000   Number         0  oled_menu.o ABSOLUTE
    Hardware\usart2.c                        0x00000000   Number         0  usart2.o ABSOLUTE
    Library\misc.c                           0x00000000   Number         0  misc.o ABSOLUTE
    Library\stm32f10x_adc.c                  0x00000000   Number         0  stm32f10x_adc.o ABSOLUTE
    Library\stm32f10x_bkp.c                  0x00000000   Number         0  stm32f10x_bkp.o ABSOLUTE
    Library\stm32f10x_can.c                  0x00000000   Number         0  stm32f10x_can.o ABSOLUTE
    Library\stm32f10x_cec.c                  0x00000000   Number         0  stm32f10x_cec.o ABSOLUTE
    Library\stm32f10x_crc.c                  0x00000000   Number         0  stm32f10x_crc.o ABSOLUTE
    Library\stm32f10x_dac.c                  0x00000000   Number         0  stm32f10x_dac.o ABSOLUTE
    Library\stm32f10x_dbgmcu.c               0x00000000   Number         0  stm32f10x_dbgmcu.o ABSOLUTE
    Library\stm32f10x_dma.c                  0x00000000   Number         0  stm32f10x_dma.o ABSOLUTE
    Library\stm32f10x_exti.c                 0x00000000   Number         0  stm32f10x_exti.o ABSOLUTE
    Library\stm32f10x_flash.c                0x00000000   Number         0  stm32f10x_flash.o ABSOLUTE
    Library\stm32f10x_fsmc.c                 0x00000000   Number         0  stm32f10x_fsmc.o ABSOLUTE
    Library\stm32f10x_gpio.c                 0x00000000   Number         0  stm32f10x_gpio.o ABSOLUTE
    Library\stm32f10x_i2c.c                  0x00000000   Number         0  stm32f10x_i2c.o ABSOLUTE
    Library\stm32f10x_iwdg.c                 0x00000000   Number         0  stm32f10x_iwdg.o ABSOLUTE
    Library\stm32f10x_pwr.c                  0x00000000   Number         0  stm32f10x_pwr.o ABSOLUTE
    Library\stm32f10x_rcc.c                  0x00000000   Number         0  stm32f10x_rcc.o ABSOLUTE
    Library\stm32f10x_rtc.c                  0x00000000   Number         0  stm32f10x_rtc.o ABSOLUTE
    Library\stm32f10x_sdio.c                 0x00000000   Number         0  stm32f10x_sdio.o ABSOLUTE
    Library\stm32f10x_spi.c                  0x00000000   Number         0  stm32f10x_spi.o ABSOLUTE
    Library\stm32f10x_tim.c                  0x00000000   Number         0  stm32f10x_tim.o ABSOLUTE
    Library\stm32f10x_usart.c                0x00000000   Number         0  stm32f10x_usart.o ABSOLUTE
    Library\stm32f10x_wwdg.c                 0x00000000   Number         0  stm32f10x_wwdg.o ABSOLUTE
    Start\\core_cm3.c                        0x00000000   Number         0  core_cm3.o ABSOLUTE
    Start\core_cm3.c                         0x00000000   Number         0  core_cm3.o ABSOLUTE
    Start\startup_stm32f10x_md.s             0x00000000   Number         0  startup_stm32f10x_md.o ABSOLUTE
    Start\system_stm32f10x.c                 0x00000000   Number         0  system_stm32f10x.o ABSOLUTE
    System\Delay.c                           0x00000000   Number         0  delay.o ABSOLUTE
    System\time1.c                           0x00000000   Number         0  time1.o ABSOLUTE
    System\time2.c                           0x00000000   Number         0  time2.o ABSOLUTE
    System\time3.c                           0x00000000   Number         0  time3.o ABSOLUTE
    System\usart1.c                          0x00000000   Number         0  usart1.o ABSOLUTE
    System\usart3.c                          0x00000000   Number         0  usart3.o ABSOLUTE
    User\main.c                              0x00000000   Number         0  main.o ABSOLUTE
    User\stm32f10x_it.c                      0x00000000   Number         0  stm32f10x_it.o ABSOLUTE
    User\sys.c                               0x00000000   Number         0  sys.o ABSOLUTE
    cdrcmple.s                               0x00000000   Number         0  cdrcmple.o ABSOLUTE
    cfcmple.s                                0x00000000   Number         0  cfcmple.o ABSOLUTE
    cfrcmple.s                               0x00000000   Number         0  cfrcmple.o ABSOLUTE
    dc.s                                     0x00000000   Number         0  dc.o ABSOLUTE
    handlers.s                               0x00000000   Number         0  handlers.o ABSOLUTE
    init.s                                   0x00000000   Number         0  init.o ABSOLUTE
    RESET                                    0x08000000   Section      236  startup_stm32f10x_md.o(RESET)
    .ARM.Collect$$$$00000000                 0x080000ec   Section        0  entry.o(.ARM.Collect$$$$00000000)
    .ARM.Collect$$$$00000001                 0x080000ec   Section        4  entry2.o(.ARM.Collect$$$$00000001)
    .ARM.Collect$$$$00000004                 0x080000f0   Section        4  entry5.o(.ARM.Collect$$$$00000004)
    .ARM.Collect$$$$00000008                 0x080000f4   Section        0  entry7b.o(.ARM.Collect$$$$00000008)
    .ARM.Collect$$$$0000000A                 0x080000f4   Section        0  entry8b.o(.ARM.Collect$$$$0000000A)
    .ARM.Collect$$$$0000000B                 0x080000f4   Section        8  entry9a.o(.ARM.Collect$$$$0000000B)
    .ARM.Collect$$$$0000000E                 0x080000fc   Section        4  entry12b.o(.ARM.Collect$$$$0000000E)
    .ARM.Collect$$$$0000000F                 0x08000100   Section        0  entry10a.o(.ARM.Collect$$$$0000000F)
    .ARM.Collect$$$$00000011                 0x08000100   Section        0  entry11a.o(.ARM.Collect$$$$00000011)
    .ARM.Collect$$$$00002712                 0x08000100   Section        4  entry2.o(.ARM.Collect$$$$00002712)
    __lit__00000000                          0x08000100   Data           4  entry2.o(.ARM.Collect$$$$00002712)
    .text                                    0x08000104   Section       36  startup_stm32f10x_md.o(.text)
    .text                                    0x08000128   Section        0  memseta.o(.text)
    .text                                    0x0800014c   Section        0  strstr.o(.text)
    .text                                    0x08000170   Section        0  strncpy.o(.text)
    .text                                    0x08000188   Section        0  strchr.o(.text)
    .text                                    0x0800019c   Section        0  strlen.o(.text)
    .text                                    0x080001aa   Section        0  strcmp.o(.text)
    .text                                    0x080001c8   Section        0  __0sscanf.o(.text)
    .text                                    0x08000200   Section        0  _scanf_int.o(.text)
    .text                                    0x0800034c   Section        0  scanf_fp.o(.text)
    _fp_value                                0x0800034d   Thumb Code   296  scanf_fp.o(.text)
    .text                                    0x080006ac   Section        0  fmul.o(.text)
    .text                                    0x08000710   Section        0  fdiv.o(.text)
    .text                                    0x0800078c   Section       20  cfcmple.o(.text)
    .text                                    0x080007a0   Section       20  cfrcmple.o(.text)
    .text                                    0x080007b4   Section        0  uidiv.o(.text)
    .text                                    0x080007e0   Section        0  uldiv.o(.text)
    .text                                    0x08000842   Section        0  _chval.o(.text)
    .text                                    0x08000860   Section        0  scanf_char.o(.text)
    _scanf_char_input                        0x08000861   Thumb Code    12  scanf_char.o(.text)
    .text                                    0x08000888   Section        0  _sgetc.o(.text)
    .text                                    0x080008c8   Section        0  iusefp.o(.text)
    .text                                    0x080008c8   Section        0  fepilogue.o(.text)
    .text                                    0x08000936   Section        0  dadd.o(.text)
    .text                                    0x08000a84   Section        0  dmul.o(.text)
    .text                                    0x08000b68   Section        0  ddiv.o(.text)
    .text                                    0x08000c46   Section        0  dfltul.o(.text)
    .text                                    0x08000c5e   Section        0  dfixul.o(.text)
    .text                                    0x08000c90   Section       48  cdrcmple.o(.text)
    .text                                    0x08000cc0   Section        0  d2f.o(.text)
    .text                                    0x08000cf8   Section       36  init.o(.text)
    .text                                    0x08000d1c   Section        0  llshl.o(.text)
    .text                                    0x08000d3a   Section        0  llushr.o(.text)
    .text                                    0x08000d5a   Section        0  llsshr.o(.text)
    .text                                    0x08000d7e   Section        0  isspace_c.o(.text)
    .text                                    0x08000d88   Section        0  _scanf.o(.text)
    .text                                    0x080010b8   Section        0  depilogue.o(.text)
    .text                                    0x08001174   Section        0  ctype_c.o(.text)
    .text                                    0x0800119c   Section        0  __dczerorl2.o(.text)
    i.AT_write                               0x080011f4   Section        0  iot.o(i.AT_write)
    i.Aux_Int                                0x08001230   Section        0  lora.o(i.Aux_Int)
    i.BusFault_Handler                       0x08001280   Section        0  stm32f10x_it.o(i.BusFault_Handler)
    i.DebugMon_Handler                       0x08001284   Section        0  stm32f10x_it.o(i.DebugMon_Handler)
    i.EXTI15_10_IRQHandler                   0x08001288   Section        0  key.o(i.EXTI15_10_IRQHandler)
    i.EXTI1_IRQHandler                       0x08001318   Section        0  lora.o(i.EXTI1_IRQHandler)
    i.EXTI_ClearITPendingBit                 0x08001390   Section        0  stm32f10x_exti.o(i.EXTI_ClearITPendingBit)
    i.EXTI_GetITStatus                       0x0800139c   Section        0  stm32f10x_exti.o(i.EXTI_GetITStatus)
    i.EXTI_Init                              0x080013c4   Section        0  stm32f10x_exti.o(i.EXTI_Init)
    i.GPIO_EXTILineConfig                    0x08001458   Section        0  stm32f10x_gpio.o(i.GPIO_EXTILineConfig)
    i.GPIO_Init                              0x08001498   Section        0  stm32f10x_gpio.o(i.GPIO_Init)
    i.GPIO_ReadInputDataBit                  0x080015ae   Section        0  stm32f10x_gpio.o(i.GPIO_ReadInputDataBit)
    i.GPIO_ResetBits                         0x080015c0   Section        0  stm32f10x_gpio.o(i.GPIO_ResetBits)
    i.GPIO_SetBits                           0x080015c4   Section        0  stm32f10x_gpio.o(i.GPIO_SetBits)
    i.GPIO_WriteBit                          0x080015c8   Section        0  stm32f10x_gpio.o(i.GPIO_WriteBit)
    i.HardFault_Handler                      0x080015d2   Section        0  stm32f10x_it.o(i.HardFault_Handler)
    i.HuaweiIot_DevDate_String_publish       0x080015d8   Section        0  iot.o(i.HuaweiIot_DevDate_String_publish)
    i.HuaweiIot_DevDate_publish              0x08001624   Section        0  iot.o(i.HuaweiIot_DevDate_publish)
    i.HuaweiIot_SentData                     0x08001670   Section        0  iot.o(i.HuaweiIot_SentData)
    i.HuaweiIot_init                         0x08001790   Section        0  iot.o(i.HuaweiIot_init)
    i.Key_GetNum                             0x08001a74   Section        0  key.o(i.Key_GetNum)
    i.Key_Init                               0x08001a84   Section        0  key.o(i.Key_Init)
    i.LED1_OFF                               0x08001b04   Section        0  led.o(i.LED1_OFF)
    i.LED1_ON                                0x08001b18   Section        0  led.o(i.LED1_ON)
    i.LED_Init                               0x08001b2c   Section        0  led.o(i.LED_Init)
    i.LoRa_Init                              0x08001b60   Section        0  lora.o(i.LoRa_Init)
    i.LoRa_ReceData                          0x08001c5c   Section        0  lora.o(i.LoRa_ReceData)
    i.LoRa_SendData                          0x08001d08   Section        0  lora.o(i.LoRa_SendData)
    i.Lora_set                               0x08001d38   Section        0  lora.o(i.Lora_set)
    i.MemManage_Handler                      0x08001e38   Section        0  stm32f10x_it.o(i.MemManage_Handler)
    i.MyUSART_Init                           0x08001e3c   Section        0  usart2.o(i.MyUSART_Init)
    i.NMI_Handler                            0x08001ef4   Section        0  stm32f10x_it.o(i.NMI_Handler)
    i.NVIC_Init                              0x08001ef8   Section        0  misc.o(i.NVIC_Init)
    i.NVIC_PriorityGroupConfig               0x08001f68   Section        0  misc.o(i.NVIC_PriorityGroupConfig)
    i.OLED_Clear                             0x08001f7c   Section        0  oled.o(i.OLED_Clear)
    i.OLED_I2C_Init                          0x08001fa8   Section        0  oled.o(i.OLED_I2C_Init)
    i.OLED_I2C_SendByte                      0x08001ff4   Section        0  oled.o(i.OLED_I2C_SendByte)
    i.OLED_I2C_Start                         0x08002044   Section        0  oled.o(i.OLED_I2C_Start)
    i.OLED_I2C_Stop                          0x08002074   Section        0  oled.o(i.OLED_I2C_Stop)
    i.OLED_Init                              0x0800209c   Section        0  oled.o(i.OLED_Init)
    i.OLED_Pow                               0x0800214a   Section        0  oled.o(i.OLED_Pow)
    i.OLED_SetCursor                         0x0800215e   Section        0  oled.o(i.OLED_SetCursor)
    i.OLED_ShowCN                            0x08002180   Section        0  oled.o(i.OLED_ShowCN)
    i.OLED_ShowChar                          0x080021f4   Section        0  oled.o(i.OLED_ShowChar)
    i.OLED_ShowNum                           0x08002268   Section        0  oled.o(i.OLED_ShowNum)
    i.OLED_ShowString                        0x080022ac   Section        0  oled.o(i.OLED_ShowString)
    i.OLED_WriteCommand                      0x080022d4   Section        0  oled.o(i.OLED_WriteCommand)
    i.OLED_WriteData                         0x080022f4   Section        0  oled.o(i.OLED_WriteData)
    i.PendSV_Handler                         0x08002314   Section        0  stm32f10x_it.o(i.PendSV_Handler)
    i.Process_USART3_Command                 0x08002318   Section        0  usart3.o(i.Process_USART3_Command)
    i.RCC_APB1PeriphClockCmd                 0x080024c4   Section        0  stm32f10x_rcc.o(i.RCC_APB1PeriphClockCmd)
    i.RCC_APB1PeriphResetCmd                 0x080024e4   Section        0  stm32f10x_rcc.o(i.RCC_APB1PeriphResetCmd)
    i.RCC_APB2PeriphClockCmd                 0x08002504   Section        0  stm32f10x_rcc.o(i.RCC_APB2PeriphClockCmd)
    i.RCC_APB2PeriphResetCmd                 0x08002524   Section        0  stm32f10x_rcc.o(i.RCC_APB2PeriphResetCmd)
    i.RCC_GetClocksFreq                      0x08002544   Section        0  stm32f10x_rcc.o(i.RCC_GetClocksFreq)
    i.SVC_Handler                            0x08002618   Section        0  stm32f10x_it.o(i.SVC_Handler)
    i.SetSysClock                            0x0800261a   Section        0  system_stm32f10x.o(i.SetSysClock)
    SetSysClock                              0x0800261b   Thumb Code     8  system_stm32f10x.o(i.SetSysClock)
    i.SetSysClockTo72                        0x08002624   Section        0  system_stm32f10x.o(i.SetSysClockTo72)
    SetSysClockTo72                          0x08002625   Thumb Code   214  system_stm32f10x.o(i.SetSysClockTo72)
    i.Start_up                               0x08002704   Section        0  oled_menu.o(i.Start_up)
    i.SysTick_CLKSourceConfig                0x08002758   Section        0  misc.o(i.SysTick_CLKSourceConfig)
    i.SysTick_Handler                        0x08002780   Section        0  stm32f10x_it.o(i.SysTick_Handler)
    i.SystemInit                             0x08002784   Section        0  system_stm32f10x.o(i.SystemInit)
    i.TIM1_UP_IRQHandler                     0x080027e4   Section        0  time1.o(i.TIM1_UP_IRQHandler)
    i.TIM2_IRQHandler                        0x08002808   Section        0  time2.o(i.TIM2_IRQHandler)
    i.TIM2_Init                              0x08002830   Section        0  time2.o(i.TIM2_Init)
    i.TIM3_IRQHandler                        0x0800288c   Section        0  time3.o(i.TIM3_IRQHandler)
    i.TIM3_Init                              0x080028c0   Section        0  time3.o(i.TIM3_Init)
    i.TIM_ClearITPendingBit                  0x08002920   Section        0  stm32f10x_tim.o(i.TIM_ClearITPendingBit)
    i.TIM_Cmd                                0x08002926   Section        0  stm32f10x_tim.o(i.TIM_Cmd)
    i.TIM_GetITStatus                        0x0800293e   Section        0  stm32f10x_tim.o(i.TIM_GetITStatus)
    i.TIM_ITConfig                           0x08002960   Section        0  stm32f10x_tim.o(i.TIM_ITConfig)
    i.TIM_SetCounter                         0x08002972   Section        0  stm32f10x_tim.o(i.TIM_SetCounter)
    i.TIM_TimeBaseInit                       0x08002978   Section        0  stm32f10x_tim.o(i.TIM_TimeBaseInit)
    i.USART1_IRQHandler                      0x08002a1c   Section        0  usart1.o(i.USART1_IRQHandler)
    i.USART2_IRQHandler                      0x08002a94   Section        0  usart2.o(i.USART2_IRQHandler)
    i.USART3_IRQHandler                      0x08002e60   Section        0  usart3.o(i.USART3_IRQHandler)
    i.USART3_Init                            0x08002ebc   Section        0  usart3.o(i.USART3_Init)
    i.USART3_SendByte                        0x08002f6c   Section        0  usart3.o(i.USART3_SendByte)
    i.USART3_SendString                      0x08002f9c   Section        0  usart3.o(i.USART3_SendString)
    i.USART3_SendTemperature                 0x08002fb2   Section        0  usart3.o(i.USART3_SendTemperature)
    i.USART_ClearITPendingBit                0x08002ffe   Section        0  stm32f10x_usart.o(i.USART_ClearITPendingBit)
    i.USART_Cmd                              0x0800301c   Section        0  stm32f10x_usart.o(i.USART_Cmd)
    i.USART_DeInit                           0x08003034   Section        0  stm32f10x_usart.o(i.USART_DeInit)
    i.USART_GetFlagStatus                    0x080030d0   Section        0  stm32f10x_usart.o(i.USART_GetFlagStatus)
    i.USART_GetITStatus                      0x080030ea   Section        0  stm32f10x_usart.o(i.USART_GetITStatus)
    i.USART_ITConfig                         0x0800313e   Section        0  stm32f10x_usart.o(i.USART_ITConfig)
    i.USART_Init                             0x08003188   Section        0  stm32f10x_usart.o(i.USART_Init)
    i.USART_ReceiveData                      0x08003260   Section        0  stm32f10x_usart.o(i.USART_ReceiveData)
    i.USART_SendData                         0x0800326a   Section        0  stm32f10x_usart.o(i.USART_SendData)
    i.UsageFault_Handler                     0x08003272   Section        0  stm32f10x_it.o(i.UsageFault_Handler)
    i.__0printf                              0x08003278   Section        0  printfa.o(i.__0printf)
    i.__0sprintf                             0x08003298   Section        0  printfa.o(i.__0sprintf)
    i.__0vsprintf                            0x080032c0   Section        0  printfa.o(i.__0vsprintf)
    i.__scatterload_copy                     0x080032e4   Section       14  handlers.o(i.__scatterload_copy)
    i.__scatterload_null                     0x080032f2   Section        2  handlers.o(i.__scatterload_null)
    i.__scatterload_zeroinit                 0x080032f4   Section       14  handlers.o(i.__scatterload_zeroinit)
    i._fp_digits                             0x08003304   Section        0  printfa.o(i._fp_digits)
    _fp_digits                               0x08003305   Thumb Code   366  printfa.o(i._fp_digits)
    i._is_digit                              0x08003488   Section        0  scanf_fp.o(i._is_digit)
    i._printf_core                           0x08003498   Section        0  printfa.o(i._printf_core)
    _printf_core                             0x08003499   Thumb Code  1704  printfa.o(i._printf_core)
    i._printf_post_padding                   0x08003b4c   Section        0  printfa.o(i._printf_post_padding)
    _printf_post_padding                     0x08003b4d   Thumb Code    36  printfa.o(i._printf_post_padding)
    i._printf_pre_padding                    0x08003b70   Section        0  printfa.o(i._printf_pre_padding)
    _printf_pre_padding                      0x08003b71   Thumb Code    46  printfa.o(i._printf_pre_padding)
    i._sputc                                 0x08003b9e   Section        0  printfa.o(i._sputc)
    _sputc                                   0x08003b9f   Thumb Code    10  printfa.o(i._sputc)
    i.delay_init                             0x08003ba8   Section        0  delay.o(i.delay_init)
    i.delay_ms                               0x08003bec   Section        0  delay.o(i.delay_ms)
    i.fputc                                  0x08003c38   Section        0  usart2.o(i.fputc)
    i.light_sensor                           0x08003c5c   Section        0  oled_menu.o(i.light_sensor)
    i.lora_check_cmd                         0x08003cc8   Section        0  lora.o(i.lora_check_cmd)
    i.lora_send_cmd                          0x08003cfc   Section        0  lora.o(i.lora_send_cmd)
    i.main                                   0x08003d7c   Section        0  main.o(i.main)
    i.menu_key_set                           0x08003df8   Section        0  oled_menu.o(i.menu_key_set)
    i.soil_sensor                            0x08003e90   Section        0  oled_menu.o(i.soil_sensor)
    i.somke_sensor                           0x08003f10   Section        0  oled_menu.o(i.somke_sensor)
    i.tempHumi_sensor                        0x08003fac   Section        0  oled_menu.o(i.tempHumi_sensor)
    i.u3_printf                              0x08004050   Section        0  usart1.o(i.u3_printf)
    i.usart1_init                            0x080040a0   Section        0  usart1.o(i.usart1_init)
    i.usart1_rx                              0x08004160   Section        0  usart1.o(i.usart1_rx)
    .constdata                               0x08004198   Section     2760  oled.o(.constdata)
    .constdata                               0x08004c60   Section       64  ctype_c.o(.constdata)
    .conststring                             0x08004ca0   Section      329  iot.o(.conststring)
    .conststring                             0x08004dec   Section       75  usart2.o(.conststring)
    .data                                    0x20000000   Section       20  system_stm32f10x.o(.data)
    .data                                    0x20000014   Section       20  stm32f10x_rcc.o(.data)
    APBAHBPrescTable                         0x20000014   Data          16  stm32f10x_rcc.o(.data)
    ADCPrescTable                            0x20000024   Data           4  stm32f10x_rcc.o(.data)
    .data                                    0x20000028   Section        1  key.o(.data)
    .data                                    0x2000002c   Section       32  lora.o(.data)
    Int_mode                                 0x2000002d   Data           1  lora.o(.data)
    .data                                    0x2000004c   Section        1  iot.o(.data)
    .data                                    0x2000004e   Section        4  usart2.o(.data)
    .data                                    0x20000054   Section      408  oled_menu.o(.data)
    .data                                    0x200001ec   Section        4  delay.o(.data)
    fac_us                                   0x200001ec   Data           1  delay.o(.data)
    fac_ms                                   0x200001ee   Data           2  delay.o(.data)
    .data                                    0x200001f0   Section        2  time2.o(.data)
    .data                                    0x200001f2   Section        2  usart1.o(.data)
    .data                                    0x200001f4   Section       14  usart3.o(.data)
    .data                                    0x20000202   Section        1  time1.o(.data)
    .data                                    0x20000204   Section        4  stdout.o(.data)
    .bss                                     0x20000208   Section      662  usart2.o(.bss)
    .bss                                     0x200004a0   Section     1640  usart1.o(.bss)
    STACK                                    0x20000b08   Section     1024  startup_stm32f10x_md.o(STACK)

    Global Symbols

    Symbol Name                              Value     Ov Type        Size  Object(Section)

    BuildAttributes$$THM_ISAv4$P$D$K$B$S$PE$A:L22UL41UL21$X:L11$S22US41US21$IEEE1$IW$USESV6$~STKCKD$USESV7$~SHL$OTIME$ROPI$EBA8$MICROLIB$REQ8$PRES8$EABIv2 0x00000000   Number         0  anon$$obj.o ABSOLUTE
    __ARM_use_no_argv                        0x00000000   Number         0  main.o ABSOLUTE
    _printf_a                                0x00000000   Number         0  stubs.o ABSOLUTE
    _printf_c                                0x00000000   Number         0  stubs.o ABSOLUTE
    _printf_charcount                        0x00000000   Number         0  stubs.o ABSOLUTE
    _printf_d                                0x00000000   Number         0  stubs.o ABSOLUTE
    _printf_e                                0x00000000   Number         0  stubs.o ABSOLUTE
    _printf_f                                0x00000000   Number         0  stubs.o ABSOLUTE
    _printf_flags                            0x00000000   Number         0  stubs.o ABSOLUTE
    _printf_fp_dec                           0x00000000   Number         0  stubs.o ABSOLUTE
    _printf_fp_hex                           0x00000000   Number         0  stubs.o ABSOLUTE
    _printf_g                                0x00000000   Number         0  stubs.o ABSOLUTE
    _printf_i                                0x00000000   Number         0  stubs.o ABSOLUTE
    _printf_int_dec                          0x00000000   Number         0  stubs.o ABSOLUTE
    _printf_l                                0x00000000   Number         0  stubs.o ABSOLUTE
    _printf_lc                               0x00000000   Number         0  stubs.o ABSOLUTE
    _printf_ll                               0x00000000   Number         0  stubs.o ABSOLUTE
    _printf_lld                              0x00000000   Number         0  stubs.o ABSOLUTE
    _printf_lli                              0x00000000   Number         0  stubs.o ABSOLUTE
    _printf_llo                              0x00000000   Number         0  stubs.o ABSOLUTE
    _printf_llu                              0x00000000   Number         0  stubs.o ABSOLUTE
    _printf_llx                              0x00000000   Number         0  stubs.o ABSOLUTE
    _printf_longlong_dec                     0x00000000   Number         0  stubs.o ABSOLUTE
    _printf_longlong_hex                     0x00000000   Number         0  stubs.o ABSOLUTE
    _printf_longlong_oct                     0x00000000   Number         0  stubs.o ABSOLUTE
    _printf_ls                               0x00000000   Number         0  stubs.o ABSOLUTE
    _printf_mbtowc                           0x00000000   Number         0  stubs.o ABSOLUTE
    _printf_n                                0x00000000   Number         0  stubs.o ABSOLUTE
    _printf_o                                0x00000000   Number         0  stubs.o ABSOLUTE
    _printf_p                                0x00000000   Number         0  stubs.o ABSOLUTE
    _printf_percent                          0x00000000   Number         0  stubs.o ABSOLUTE
    _printf_pre_padding                      0x00000000   Number         0  stubs.o ABSOLUTE
    _printf_return_value                     0x00000000   Number         0  stubs.o ABSOLUTE
    _printf_s                                0x00000000   Number         0  stubs.o ABSOLUTE
    _printf_sizespec                         0x00000000   Number         0  stubs.o ABSOLUTE
    _printf_str                              0x00000000   Number         0  stubs.o ABSOLUTE
    _printf_truncate_signed                  0x00000000   Number         0  stubs.o ABSOLUTE
    _printf_truncate_unsigned                0x00000000   Number         0  stubs.o ABSOLUTE
    _printf_u                                0x00000000   Number         0  stubs.o ABSOLUTE
    _printf_wc                               0x00000000   Number         0  stubs.o ABSOLUTE
    _printf_wctomb                           0x00000000   Number         0  stubs.o ABSOLUTE
    _printf_widthprec                        0x00000000   Number         0  stubs.o ABSOLUTE
    _printf_x                                0x00000000   Number         0  stubs.o ABSOLUTE
    __arm_fini_                               - Undefined Weak Reference
    __cpp_initialize__aeabi_                  - Undefined Weak Reference
    __cxa_finalize                            - Undefined Weak Reference
    _clock_init                               - Undefined Weak Reference
    _microlib_exit                            - Undefined Weak Reference
    _scanf_longlong                           - Undefined Weak Reference
    _scanf_string                             - Undefined Weak Reference
    __Vectors_Size                           0x000000ec   Number         0  startup_stm32f10x_md.o ABSOLUTE
    __Vectors                                0x08000000   Data           4  startup_stm32f10x_md.o(RESET)
    __Vectors_End                            0x080000ec   Data           0  startup_stm32f10x_md.o(RESET)
    __main                                   0x080000ed   Thumb Code     0  entry.o(.ARM.Collect$$$$00000000)
    _main_stk                                0x080000ed   Thumb Code     0  entry2.o(.ARM.Collect$$$$00000001)
    _main_scatterload                        0x080000f1   Thumb Code     0  entry5.o(.ARM.Collect$$$$00000004)
    __main_after_scatterload                 0x080000f5   Thumb Code     0  entry5.o(.ARM.Collect$$$$00000004)
    _main_clock                              0x080000f5   Thumb Code     0  entry7b.o(.ARM.Collect$$$$00000008)
    _main_cpp_init                           0x080000f5   Thumb Code     0  entry8b.o(.ARM.Collect$$$$0000000A)
    _main_init                               0x080000f5   Thumb Code     0  entry9a.o(.ARM.Collect$$$$0000000B)
    __rt_lib_shutdown_fini                   0x080000fd   Thumb Code     0  entry12b.o(.ARM.Collect$$$$0000000E)
    __rt_final_cpp                           0x08000101   Thumb Code     0  entry10a.o(.ARM.Collect$$$$0000000F)
    __rt_final_exit                          0x08000101   Thumb Code     0  entry11a.o(.ARM.Collect$$$$00000011)
    Reset_Handler                            0x08000105   Thumb Code     8  startup_stm32f10x_md.o(.text)
    ADC1_2_IRQHandler                        0x0800011f   Thumb Code     0  startup_stm32f10x_md.o(.text)
    CAN1_RX1_IRQHandler                      0x0800011f   Thumb Code     0  startup_stm32f10x_md.o(.text)
    CAN1_SCE_IRQHandler                      0x0800011f   Thumb Code     0  startup_stm32f10x_md.o(.text)
    DMA1_Channel1_IRQHandler                 0x0800011f   Thumb Code     0  startup_stm32f10x_md.o(.text)
    DMA1_Channel2_IRQHandler                 0x0800011f   Thumb Code     0  startup_stm32f10x_md.o(.text)
    DMA1_Channel3_IRQHandler                 0x0800011f   Thumb Code     0  startup_stm32f10x_md.o(.text)
    DMA1_Channel4_IRQHandler                 0x0800011f   Thumb Code     0  startup_stm32f10x_md.o(.text)
    DMA1_Channel5_IRQHandler                 0x0800011f   Thumb Code     0  startup_stm32f10x_md.o(.text)
    DMA1_Channel6_IRQHandler                 0x0800011f   Thumb Code     0  startup_stm32f10x_md.o(.text)
    DMA1_Channel7_IRQHandler                 0x0800011f   Thumb Code     0  startup_stm32f10x_md.o(.text)
    EXTI0_IRQHandler                         0x0800011f   Thumb Code     0  startup_stm32f10x_md.o(.text)
    EXTI2_IRQHandler                         0x0800011f   Thumb Code     0  startup_stm32f10x_md.o(.text)
    EXTI3_IRQHandler                         0x0800011f   Thumb Code     0  startup_stm32f10x_md.o(.text)
    EXTI4_IRQHandler                         0x0800011f   Thumb Code     0  startup_stm32f10x_md.o(.text)
    EXTI9_5_IRQHandler                       0x0800011f   Thumb Code     0  startup_stm32f10x_md.o(.text)
    FLASH_IRQHandler                         0x0800011f   Thumb Code     0  startup_stm32f10x_md.o(.text)
    I2C1_ER_IRQHandler                       0x0800011f   Thumb Code     0  startup_stm32f10x_md.o(.text)
    I2C1_EV_IRQHandler                       0x0800011f   Thumb Code     0  startup_stm32f10x_md.o(.text)
    I2C2_ER_IRQHandler                       0x0800011f   Thumb Code     0  startup_stm32f10x_md.o(.text)
    I2C2_EV_IRQHandler                       0x0800011f   Thumb Code     0  startup_stm32f10x_md.o(.text)
    PVD_IRQHandler                           0x0800011f   Thumb Code     0  startup_stm32f10x_md.o(.text)
    RCC_IRQHandler                           0x0800011f   Thumb Code     0  startup_stm32f10x_md.o(.text)
    RTCAlarm_IRQHandler                      0x0800011f   Thumb Code     0  startup_stm32f10x_md.o(.text)
    RTC_IRQHandler                           0x0800011f   Thumb Code     0  startup_stm32f10x_md.o(.text)
    SPI1_IRQHandler                          0x0800011f   Thumb Code     0  startup_stm32f10x_md.o(.text)
    SPI2_IRQHandler                          0x0800011f   Thumb Code     0  startup_stm32f10x_md.o(.text)
    TAMPER_IRQHandler                        0x0800011f   Thumb Code     0  startup_stm32f10x_md.o(.text)
    TIM1_BRK_IRQHandler                      0x0800011f   Thumb Code     0  startup_stm32f10x_md.o(.text)
    TIM1_CC_IRQHandler                       0x0800011f   Thumb Code     0  startup_stm32f10x_md.o(.text)
    TIM1_TRG_COM_IRQHandler                  0x0800011f   Thumb Code     0  startup_stm32f10x_md.o(.text)
    TIM4_IRQHandler                          0x0800011f   Thumb Code     0  startup_stm32f10x_md.o(.text)
    USBWakeUp_IRQHandler                     0x0800011f   Thumb Code     0  startup_stm32f10x_md.o(.text)
    USB_HP_CAN1_TX_IRQHandler                0x0800011f   Thumb Code     0  startup_stm32f10x_md.o(.text)
    USB_LP_CAN1_RX0_IRQHandler               0x0800011f   Thumb Code     0  startup_stm32f10x_md.o(.text)
    WWDG_IRQHandler                          0x0800011f   Thumb Code     0  startup_stm32f10x_md.o(.text)
    __aeabi_memset                           0x08000129   Thumb Code    14  memseta.o(.text)
    __aeabi_memset4                          0x08000129   Thumb Code     0  memseta.o(.text)
    __aeabi_memset8                          0x08000129   Thumb Code     0  memseta.o(.text)
    __aeabi_memclr                           0x08000137   Thumb Code     4  memseta.o(.text)
    __aeabi_memclr4                          0x08000137   Thumb Code     0  memseta.o(.text)
    __aeabi_memclr8                          0x08000137   Thumb Code     0  memseta.o(.text)
    _memset$wrapper                          0x0800013b   Thumb Code    18  memseta.o(.text)
    strstr                                   0x0800014d   Thumb Code    36  strstr.o(.text)
    strncpy                                  0x08000171   Thumb Code    24  strncpy.o(.text)
    strchr                                   0x08000189   Thumb Code    20  strchr.o(.text)
    strlen                                   0x0800019d   Thumb Code    14  strlen.o(.text)
    strcmp                                   0x080001ab   Thumb Code    28  strcmp.o(.text)
    __0sscanf                                0x080001c9   Thumb Code    48  __0sscanf.o(.text)
    _scanf_int                               0x08000201   Thumb Code   332  _scanf_int.o(.text)
    _scanf_real                              0x08000475   Thumb Code     0  scanf_fp.o(.text)
    _scanf_really_real                       0x08000475   Thumb Code   556  scanf_fp.o(.text)
    __aeabi_fmul                             0x080006ad   Thumb Code   100  fmul.o(.text)
    __aeabi_fdiv                             0x08000711   Thumb Code   124  fdiv.o(.text)
    __aeabi_cfcmpeq                          0x0800078d   Thumb Code     0  cfcmple.o(.text)
    __aeabi_cfcmple                          0x0800078d   Thumb Code    20  cfcmple.o(.text)
    __aeabi_cfrcmple                         0x080007a1   Thumb Code    20  cfrcmple.o(.text)
    __aeabi_uidiv                            0x080007b5   Thumb Code     0  uidiv.o(.text)
    __aeabi_uidivmod                         0x080007b5   Thumb Code    44  uidiv.o(.text)
    __aeabi_uldivmod                         0x080007e1   Thumb Code    98  uldiv.o(.text)
    _chval                                   0x08000843   Thumb Code    28  _chval.o(.text)
    __vfscanf_char                           0x0800086d   Thumb Code    20  scanf_char.o(.text)
    _sgetc                                   0x08000889   Thumb Code    30  _sgetc.o(.text)
    _sbackspace                              0x080008a7   Thumb Code    34  _sgetc.o(.text)
    __I$use$fp                               0x080008c9   Thumb Code     0  iusefp.o(.text)
    _float_round                             0x080008c9   Thumb Code    18  fepilogue.o(.text)
    _float_epilogue                          0x080008db   Thumb Code    92  fepilogue.o(.text)
    __aeabi_dadd                             0x08000937   Thumb Code   322  dadd.o(.text)
    __aeabi_dsub                             0x08000a79   Thumb Code     6  dadd.o(.text)
    __aeabi_drsub                            0x08000a7f   Thumb Code     6  dadd.o(.text)
    __aeabi_dmul                             0x08000a85   Thumb Code   228  dmul.o(.text)
    __aeabi_ddiv                             0x08000b69   Thumb Code   222  ddiv.o(.text)
    __aeabi_ul2d                             0x08000c47   Thumb Code    24  dfltul.o(.text)
    __aeabi_d2ulz                            0x08000c5f   Thumb Code    48  dfixul.o(.text)
    __aeabi_cdrcmple                         0x08000c91   Thumb Code    48  cdrcmple.o(.text)
    __aeabi_d2f                              0x08000cc1   Thumb Code    56  d2f.o(.text)
    __scatterload                            0x08000cf9   Thumb Code    28  init.o(.text)
    __scatterload_rt2                        0x08000cf9   Thumb Code     0  init.o(.text)
    __aeabi_llsl                             0x08000d1d   Thumb Code    30  llshl.o(.text)
    _ll_shift_l                              0x08000d1d   Thumb Code     0  llshl.o(.text)
    __aeabi_llsr                             0x08000d3b   Thumb Code    32  llushr.o(.text)
    _ll_ushift_r                             0x08000d3b   Thumb Code     0  llushr.o(.text)
    __aeabi_lasr                             0x08000d5b   Thumb Code    36  llsshr.o(.text)
    _ll_sshift_r                             0x08000d5b   Thumb Code     0  llsshr.o(.text)
    isspace                                  0x08000d7f   Thumb Code    10  isspace_c.o(.text)
    __vfscanf                                0x08000d89   Thumb Code   810  _scanf.o(.text)
    _double_round                            0x080010b9   Thumb Code    30  depilogue.o(.text)
    _double_epilogue                         0x080010d7   Thumb Code   156  depilogue.o(.text)
    __ctype_lookup                           0x08001175   Thumb Code    34  ctype_c.o(.text)
    __decompress                             0x0800119d   Thumb Code     0  __dczerorl2.o(.text)
    __decompress1                            0x0800119d   Thumb Code    86  __dczerorl2.o(.text)
    AT_write                                 0x080011f5   Thumb Code    48  iot.o(i.AT_write)
    Aux_Int                                  0x08001231   Thumb Code    68  lora.o(i.Aux_Int)
    BusFault_Handler                         0x08001281   Thumb Code     4  stm32f10x_it.o(i.BusFault_Handler)
    DebugMon_Handler                         0x08001285   Thumb Code     2  stm32f10x_it.o(i.DebugMon_Handler)
    EXTI15_10_IRQHandler                     0x08001289   Thumb Code   136  key.o(i.EXTI15_10_IRQHandler)
    EXTI1_IRQHandler                         0x08001319   Thumb Code   106  lora.o(i.EXTI1_IRQHandler)
    EXTI_ClearITPendingBit                   0x08001391   Thumb Code     6  stm32f10x_exti.o(i.EXTI_ClearITPendingBit)
    EXTI_GetITStatus                         0x0800139d   Thumb Code    34  stm32f10x_exti.o(i.EXTI_GetITStatus)
    EXTI_Init                                0x080013c5   Thumb Code   142  stm32f10x_exti.o(i.EXTI_Init)
    GPIO_EXTILineConfig                      0x08001459   Thumb Code    60  stm32f10x_gpio.o(i.GPIO_EXTILineConfig)
    GPIO_Init                                0x08001499   Thumb Code   278  stm32f10x_gpio.o(i.GPIO_Init)
    GPIO_ReadInputDataBit                    0x080015af   Thumb Code    18  stm32f10x_gpio.o(i.GPIO_ReadInputDataBit)
    GPIO_ResetBits                           0x080015c1   Thumb Code     4  stm32f10x_gpio.o(i.GPIO_ResetBits)
    GPIO_SetBits                             0x080015c5   Thumb Code     4  stm32f10x_gpio.o(i.GPIO_SetBits)
    GPIO_WriteBit                            0x080015c9   Thumb Code    10  stm32f10x_gpio.o(i.GPIO_WriteBit)
    HardFault_Handler                        0x080015d3   Thumb Code     4  stm32f10x_it.o(i.HardFault_Handler)
    HuaweiIot_DevDate_String_publish         0x080015d9   Thumb Code    22  iot.o(i.HuaweiIot_DevDate_String_publish)
    HuaweiIot_DevDate_publish                0x08001625   Thumb Code    22  iot.o(i.HuaweiIot_DevDate_publish)
    HuaweiIot_SentData                       0x08001671   Thumb Code   164  iot.o(i.HuaweiIot_SentData)
    HuaweiIot_init                           0x08001791   Thumb Code   218  iot.o(i.HuaweiIot_init)
    Key_GetNum                               0x08001a75   Thumb Code    12  key.o(i.Key_GetNum)
    Key_Init                                 0x08001a85   Thumb Code   122  key.o(i.Key_Init)
    LED1_OFF                                 0x08001b05   Thumb Code    14  led.o(i.LED1_OFF)
    LED1_ON                                  0x08001b19   Thumb Code    14  led.o(i.LED1_ON)
    LED_Init                                 0x08001b2d   Thumb Code    48  led.o(i.LED_Init)
    LoRa_Init                                0x08001b61   Thumb Code   222  lora.o(i.LoRa_Init)
    LoRa_ReceData                            0x08001c5d   Thumb Code    70  lora.o(i.LoRa_ReceData)
    LoRa_SendData                            0x08001d09   Thumb Code    36  lora.o(i.LoRa_SendData)
    Lora_set                                 0x08001d39   Thumb Code   146  lora.o(i.Lora_set)
    MemManage_Handler                        0x08001e39   Thumb Code     4  stm32f10x_it.o(i.MemManage_Handler)
    MyUSART_Init                             0x08001e3d   Thumb Code   174  usart2.o(i.MyUSART_Init)
    NMI_Handler                              0x08001ef5   Thumb Code     2  stm32f10x_it.o(i.NMI_Handler)
    NVIC_Init                                0x08001ef9   Thumb Code   100  misc.o(i.NVIC_Init)
    NVIC_PriorityGroupConfig                 0x08001f69   Thumb Code    10  misc.o(i.NVIC_PriorityGroupConfig)
    OLED_Clear                               0x08001f7d   Thumb Code    42  oled.o(i.OLED_Clear)
    OLED_I2C_Init                            0x08001fa9   Thumb Code    72  oled.o(i.OLED_I2C_Init)
    OLED_I2C_SendByte                        0x08001ff5   Thumb Code    74  oled.o(i.OLED_I2C_SendByte)
    OLED_I2C_Start                           0x08002045   Thumb Code    44  oled.o(i.OLED_I2C_Start)
    OLED_I2C_Stop                            0x08002075   Thumb Code    34  oled.o(i.OLED_I2C_Stop)
    OLED_Init                                0x0800209d   Thumb Code   174  oled.o(i.OLED_Init)
    OLED_Pow                                 0x0800214b   Thumb Code    20  oled.o(i.OLED_Pow)
    OLED_SetCursor                           0x0800215f   Thumb Code    34  oled.o(i.OLED_SetCursor)
    OLED_ShowCN                              0x08002181   Thumb Code   110  oled.o(i.OLED_ShowCN)
    OLED_ShowChar                            0x080021f5   Thumb Code   110  oled.o(i.OLED_ShowChar)
    OLED_ShowNum                             0x08002269   Thumb Code    68  oled.o(i.OLED_ShowNum)
    OLED_ShowString                          0x080022ad   Thumb Code    40  oled.o(i.OLED_ShowString)
    OLED_WriteCommand                        0x080022d5   Thumb Code    32  oled.o(i.OLED_WriteCommand)
    OLED_WriteData                           0x080022f5   Thumb Code    32  oled.o(i.OLED_WriteData)
    PendSV_Handler                           0x08002315   Thumb Code     2  stm32f10x_it.o(i.PendSV_Handler)
    Process_USART3_Command                   0x08002319   Thumb Code   316  usart3.o(i.Process_USART3_Command)
    RCC_APB1PeriphClockCmd                   0x080024c5   Thumb Code    26  stm32f10x_rcc.o(i.RCC_APB1PeriphClockCmd)
    RCC_APB1PeriphResetCmd                   0x080024e5   Thumb Code    26  stm32f10x_rcc.o(i.RCC_APB1PeriphResetCmd)
    RCC_APB2PeriphClockCmd                   0x08002505   Thumb Code    26  stm32f10x_rcc.o(i.RCC_APB2PeriphClockCmd)
    RCC_APB2PeriphResetCmd                   0x08002525   Thumb Code    26  stm32f10x_rcc.o(i.RCC_APB2PeriphResetCmd)
    RCC_GetClocksFreq                        0x08002545   Thumb Code   192  stm32f10x_rcc.o(i.RCC_GetClocksFreq)
    SVC_Handler                              0x08002619   Thumb Code     2  stm32f10x_it.o(i.SVC_Handler)
    Start_up                                 0x08002705   Thumb Code    74  oled_menu.o(i.Start_up)
    SysTick_CLKSourceConfig                  0x08002759   Thumb Code    40  misc.o(i.SysTick_CLKSourceConfig)
    SysTick_Handler                          0x08002781   Thumb Code     2  stm32f10x_it.o(i.SysTick_Handler)
    SystemInit                               0x08002785   Thumb Code    78  system_stm32f10x.o(i.SystemInit)
    TIM1_UP_IRQHandler                       0x080027e5   Thumb Code    28  time1.o(i.TIM1_UP_IRQHandler)
    TIM2_IRQHandler                          0x08002809   Thumb Code    32  time2.o(i.TIM2_IRQHandler)
    TIM2_Init                                0x08002831   Thumb Code    90  time2.o(i.TIM2_Init)
    TIM3_IRQHandler                          0x0800288d   Thumb Code    42  time3.o(i.TIM3_IRQHandler)
    TIM3_Init                                0x080028c1   Thumb Code    90  time3.o(i.TIM3_Init)
    TIM_ClearITPendingBit                    0x08002921   Thumb Code     6  stm32f10x_tim.o(i.TIM_ClearITPendingBit)
    TIM_Cmd                                  0x08002927   Thumb Code    24  stm32f10x_tim.o(i.TIM_Cmd)
    TIM_GetITStatus                          0x0800293f   Thumb Code    34  stm32f10x_tim.o(i.TIM_GetITStatus)
    TIM_ITConfig                             0x08002961   Thumb Code    18  stm32f10x_tim.o(i.TIM_ITConfig)
    TIM_SetCounter                           0x08002973   Thumb Code     4  stm32f10x_tim.o(i.TIM_SetCounter)
    TIM_TimeBaseInit                         0x08002979   Thumb Code   122  stm32f10x_tim.o(i.TIM_TimeBaseInit)
    USART1_IRQHandler                        0x08002a1d   Thumb Code   100  usart1.o(i.USART1_IRQHandler)
    USART2_IRQHandler                        0x08002a95   Thumb Code   634  usart2.o(i.USART2_IRQHandler)
    USART3_IRQHandler                        0x08002e61   Thumb Code    80  usart3.o(i.USART3_IRQHandler)
    USART3_Init                              0x08002ebd   Thumb Code   168  usart3.o(i.USART3_Init)
    USART3_SendByte                          0x08002f6d   Thumb Code    42  usart3.o(i.USART3_SendByte)
    USART3_SendString                        0x08002f9d   Thumb Code    22  usart3.o(i.USART3_SendString)
    USART3_SendTemperature                   0x08002fb3   Thumb Code    76  usart3.o(i.USART3_SendTemperature)
    USART_ClearITPendingBit                  0x08002fff   Thumb Code    30  stm32f10x_usart.o(i.USART_ClearITPendingBit)
    USART_Cmd                                0x0800301d   Thumb Code    24  stm32f10x_usart.o(i.USART_Cmd)
    USART_DeInit                             0x08003035   Thumb Code   134  stm32f10x_usart.o(i.USART_DeInit)
    USART_GetFlagStatus                      0x080030d1   Thumb Code    26  stm32f10x_usart.o(i.USART_GetFlagStatus)
    USART_GetITStatus                        0x080030eb   Thumb Code    84  stm32f10x_usart.o(i.USART_GetITStatus)
    USART_ITConfig                           0x0800313f   Thumb Code    74  stm32f10x_usart.o(i.USART_ITConfig)
    USART_Init                               0x08003189   Thumb Code   210  stm32f10x_usart.o(i.USART_Init)
    USART_ReceiveData                        0x08003261   Thumb Code    10  stm32f10x_usart.o(i.USART_ReceiveData)
    USART_SendData                           0x0800326b   Thumb Code     8  stm32f10x_usart.o(i.USART_SendData)
    UsageFault_Handler                       0x08003273   Thumb Code     4  stm32f10x_it.o(i.UsageFault_Handler)
    __0printf                                0x08003279   Thumb Code    22  printfa.o(i.__0printf)
    __1printf                                0x08003279   Thumb Code     0  printfa.o(i.__0printf)
    __2printf                                0x08003279   Thumb Code     0  printfa.o(i.__0printf)
    __c89printf                              0x08003279   Thumb Code     0  printfa.o(i.__0printf)
    printf                                   0x08003279   Thumb Code     0  printfa.o(i.__0printf)
    __0sprintf                               0x08003299   Thumb Code    34  printfa.o(i.__0sprintf)
    __1sprintf                               0x08003299   Thumb Code     0  printfa.o(i.__0sprintf)
    __2sprintf                               0x08003299   Thumb Code     0  printfa.o(i.__0sprintf)
    __c89sprintf                             0x08003299   Thumb Code     0  printfa.o(i.__0sprintf)
    sprintf                                  0x08003299   Thumb Code     0  printfa.o(i.__0sprintf)
    __0vsprintf                              0x080032c1   Thumb Code    30  printfa.o(i.__0vsprintf)
    __1vsprintf                              0x080032c1   Thumb Code     0  printfa.o(i.__0vsprintf)
    __2vsprintf                              0x080032c1   Thumb Code     0  printfa.o(i.__0vsprintf)
    __c89vsprintf                            0x080032c1   Thumb Code     0  printfa.o(i.__0vsprintf)
    vsprintf                                 0x080032c1   Thumb Code     0  printfa.o(i.__0vsprintf)
    __scatterload_copy                       0x080032e5   Thumb Code    14  handlers.o(i.__scatterload_copy)
    __scatterload_null                       0x080032f3   Thumb Code     2  handlers.o(i.__scatterload_null)
    __scatterload_zeroinit                   0x080032f5   Thumb Code    14  handlers.o(i.__scatterload_zeroinit)
    _is_digit                                0x08003489   Thumb Code    14  scanf_fp.o(i._is_digit)
    delay_init                               0x08003ba9   Thumb Code    50  delay.o(i.delay_init)
    delay_ms                                 0x08003bed   Thumb Code    72  delay.o(i.delay_ms)
    fputc                                    0x08003c39   Thumb Code    32  usart2.o(i.fputc)
    light_sensor                             0x08003c5d   Thumb Code    98  oled_menu.o(i.light_sensor)
    lora_check_cmd                           0x08003cc9   Thumb Code    44  lora.o(i.lora_check_cmd)
    lora_send_cmd                            0x08003cfd   Thumb Code   110  lora.o(i.lora_send_cmd)
    main                                     0x08003d7d   Thumb Code   106  main.o(i.main)
    menu_key_set                             0x08003df9   Thumb Code   124  oled_menu.o(i.menu_key_set)
    soil_sensor                              0x08003e91   Thumb Code   118  oled_menu.o(i.soil_sensor)
    somke_sensor                             0x08003f11   Thumb Code   148  oled_menu.o(i.somke_sensor)
    tempHumi_sensor                          0x08003fad   Thumb Code   152  oled_menu.o(i.tempHumi_sensor)
    u3_printf                                0x08004051   Thumb Code    72  usart1.o(i.u3_printf)
    usart1_init                              0x080040a1   Thumb Code   172  usart1.o(i.usart1_init)
    usart1_rx                                0x08004161   Thumb Code    46  usart1.o(i.usart1_rx)
    OLED_F8x16                               0x08004198   Data        1520  oled.o(.constdata)
    OLED_F10x16                              0x08004788   Data        1240  oled.o(.constdata)
    __ctype_categories                       0x08004c60   Data          64  ctype_c.o(.constdata)
    Region$$Table$$Base                      0x08004e38   Number         0  anon$$obj.o(Region$$Table)
    Region$$Table$$Limit                     0x08004e58   Number         0  anon$$obj.o(Region$$Table)
    SystemCoreClock                          0x20000000   Data           4  system_stm32f10x.o(.data)
    AHBPrescTable                            0x20000004   Data          16  system_stm32f10x.o(.data)
    lastKeyPressed                           0x20000028   Data           1  key.o(.data)
    Lora_mode                                0x2000002c   Data           1  lora.o(.data)
    EXTI_InitStructure                       0x20000030   Data           8  lora.o(.data)
    NVIC_InitStructure                       0x20000038   Data           4  lora.o(.data)
    CO2                                      0x2000003c   Data           2  lora.o(.data)
    TVOC                                     0x2000003e   Data           2  lora.o(.data)
    light                                    0x20000040   Data           2  lora.o(.data)
    temp                                     0x20000042   Data           2  lora.o(.data)
    humi                                     0x20000044   Data           2  lora.o(.data)
    soil                                     0x20000046   Data           2  lora.o(.data)
    mqppm                                    0x20000048   Data           4  lora.o(.data)
    atok_rec_flag                            0x2000004c   Data           1  iot.o(.data)
    uart2_rec_i                              0x2000004e   Data           1  usart2.o(.data)
    uart2_recdata                            0x2000004f   Data           1  usart2.o(.data)
    speed_flag                               0x20000050   Data           2  usart2.o(.data)
    current_operation                        0x20000054   Data           4  oled_menu.o(.data)
    func_index                               0x20000058   Data           1  oled_menu.o(.data)
    key                                      0x20000059   Data           1  oled_menu.o(.data)
    count_key2                               0x2000005a   Data           1  oled_menu.o(.data)
    table                                    0x2000005c   Data         400  oled_menu.o(.data)
    timer_flag                               0x200001f0   Data           1  time2.o(.data)
    refresh_display_flag                     0x200001f1   Data           1  time2.o(.data)
    USART1_RX_STA                            0x200001f2   Data           2  usart1.o(.data)
    USART3_RX_STA                            0x200001f4   Data           1  usart3.o(.data)
    USART3_RX_CMD                            0x200001f5   Data           1  usart3.o(.data)
    RxBuffer                                 0x200001f6   Data           6  usart3.o(.data)
    rxCount                                  0x200001fc   Data           1  usart3.o(.data)
    RxBufferHead                             0x200001fe   Data           2  usart3.o(.data)
    RxBufferTail                             0x20000200   Data           2  usart3.o(.data)
    timer1_27s_flag                          0x20000202   Data           1  time1.o(.data)
    __stdout                                 0x20000204   Data           4  stdout.o(.data)
    uart2_recstring                          0x20000208   Data         256  usart2.o(.bss)
    sub_string                               0x20000308   Data         150  usart2.o(.bss)
    analysis_Str                             0x2000039e   Data         256  usart2.o(.bss)
    USART1_RX_BUF                            0x200004a0   Data        1024  usart1.o(.bss)
    USART1_TX_BUF                            0x200008a0   Data         600  usart1.o(.bss)
    USART_InitStructure                      0x20000af8   Data          16  usart1.o(.bss)
    __initial_sp                             0x20000f08   Data           0  startup_stm32f10x_md.o(STACK)



==============================================================================

Memory Map of the image

  Image Entry point : 0x080000ed

  Load Region LR_IROM1 (Base: 0x08000000, Size: 0x00005060, Max: 0x00010000, ABSOLUTE, COMPRESSED[0x00004e9c])

    Execution Region ER_IROM1 (Exec base: 0x08000000, Load base: 0x08000000, Size: 0x00004e58, Max: 0x00010000, ABSOLUTE)

    Exec Addr    Load Addr    Size         Type   Attr      Idx    E Section Name        Object

    0x08000000   0x08000000   0x000000ec   Data   RO            3    RESET               startup_stm32f10x_md.o
    0x080000ec   0x080000ec   0x00000000   Code   RO         3900  * .ARM.Collect$$$$00000000  mc_w.l(entry.o)
    0x080000ec   0x080000ec   0x00000004   Code   RO         4192    .ARM.Collect$$$$00000001  mc_w.l(entry2.o)
    0x080000f0   0x080000f0   0x00000004   Code   RO         4195    .ARM.Collect$$$$00000004  mc_w.l(entry5.o)
    0x080000f4   0x080000f4   0x00000000   Code   RO         4197    .ARM.Collect$$$$00000008  mc_w.l(entry7b.o)
    0x080000f4   0x080000f4   0x00000000   Code   RO         4199    .ARM.Collect$$$$0000000A  mc_w.l(entry8b.o)
    0x080000f4   0x080000f4   0x00000008   Code   RO         4200    .ARM.Collect$$$$0000000B  mc_w.l(entry9a.o)
    0x080000fc   0x080000fc   0x00000004   Code   RO         4207    .ARM.Collect$$$$0000000E  mc_w.l(entry12b.o)
    0x08000100   0x08000100   0x00000000   Code   RO         4202    .ARM.Collect$$$$0000000F  mc_w.l(entry10a.o)
    0x08000100   0x08000100   0x00000000   Code   RO         4204    .ARM.Collect$$$$00000011  mc_w.l(entry11a.o)
    0x08000100   0x08000100   0x00000004   Code   RO         4193    .ARM.Collect$$$$00002712  mc_w.l(entry2.o)
    0x08000104   0x08000104   0x00000024   Code   RO            4    .text               startup_stm32f10x_md.o
    0x08000128   0x08000128   0x00000024   Code   RO         3903    .text               mc_w.l(memseta.o)
    0x0800014c   0x0800014c   0x00000024   Code   RO         3905    .text               mc_w.l(strstr.o)
    0x08000170   0x08000170   0x00000018   Code   RO         3907    .text               mc_w.l(strncpy.o)
    0x08000188   0x08000188   0x00000014   Code   RO         3909    .text               mc_w.l(strchr.o)
    0x0800019c   0x0800019c   0x0000000e   Code   RO         3911    .text               mc_w.l(strlen.o)
    0x080001aa   0x080001aa   0x0000001c   Code   RO         3913    .text               mc_w.l(strcmp.o)
    0x080001c6   0x080001c6   0x00000002   PAD
    0x080001c8   0x080001c8   0x00000038   Code   RO         4176    .text               mc_w.l(__0sscanf.o)
    0x08000200   0x08000200   0x0000014c   Code   RO         4178    .text               mc_w.l(_scanf_int.o)
    0x0800034c   0x0800034c   0x00000360   Code   RO         4180    .text               mc_w.l(scanf_fp.o)
    0x080006ac   0x080006ac   0x00000064   Code   RO         4184    .text               mf_w.l(fmul.o)
    0x08000710   0x08000710   0x0000007c   Code   RO         4186    .text               mf_w.l(fdiv.o)
    0x0800078c   0x0800078c   0x00000014   Code   RO         4188    .text               mf_w.l(cfcmple.o)
    0x080007a0   0x080007a0   0x00000014   Code   RO         4190    .text               mf_w.l(cfrcmple.o)
    0x080007b4   0x080007b4   0x0000002c   Code   RO         4209    .text               mc_w.l(uidiv.o)
    0x080007e0   0x080007e0   0x00000062   Code   RO         4211    .text               mc_w.l(uldiv.o)
    0x08000842   0x08000842   0x0000001c   Code   RO         4213    .text               mc_w.l(_chval.o)
    0x0800085e   0x0800085e   0x00000002   PAD
    0x08000860   0x08000860   0x00000028   Code   RO         4215    .text               mc_w.l(scanf_char.o)
    0x08000888   0x08000888   0x00000040   Code   RO         4217    .text               mc_w.l(_sgetc.o)
    0x080008c8   0x080008c8   0x00000000   Code   RO         4219    .text               mc_w.l(iusefp.o)
    0x080008c8   0x080008c8   0x0000006e   Code   RO         4220    .text               mf_w.l(fepilogue.o)
    0x08000936   0x08000936   0x0000014e   Code   RO         4222    .text               mf_w.l(dadd.o)
    0x08000a84   0x08000a84   0x000000e4   Code   RO         4224    .text               mf_w.l(dmul.o)
    0x08000b68   0x08000b68   0x000000de   Code   RO         4226    .text               mf_w.l(ddiv.o)
    0x08000c46   0x08000c46   0x00000018   Code   RO         4228    .text               mf_w.l(dfltul.o)
    0x08000c5e   0x08000c5e   0x00000030   Code   RO         4230    .text               mf_w.l(dfixul.o)
    0x08000c8e   0x08000c8e   0x00000002   PAD
    0x08000c90   0x08000c90   0x00000030   Code   RO         4232    .text               mf_w.l(cdrcmple.o)
    0x08000cc0   0x08000cc0   0x00000038   Code   RO         4234    .text               mf_w.l(d2f.o)
    0x08000cf8   0x08000cf8   0x00000024   Code   RO         4236    .text               mc_w.l(init.o)
    0x08000d1c   0x08000d1c   0x0000001e   Code   RO         4238    .text               mc_w.l(llshl.o)
    0x08000d3a   0x08000d3a   0x00000020   Code   RO         4240    .text               mc_w.l(llushr.o)
    0x08000d5a   0x08000d5a   0x00000024   Code   RO         4242    .text               mc_w.l(llsshr.o)
    0x08000d7e   0x08000d7e   0x0000000a   Code   RO         4244    .text               mc_w.l(isspace_c.o)
    0x08000d88   0x08000d88   0x00000330   Code   RO         4246    .text               mc_w.l(_scanf.o)
    0x080010b8   0x080010b8   0x000000ba   Code   RO         4248    .text               mf_w.l(depilogue.o)
    0x08001172   0x08001172   0x00000002   PAD
    0x08001174   0x08001174   0x00000028   Code   RO         4250    .text               mc_w.l(ctype_c.o)
    0x0800119c   0x0800119c   0x00000056   Code   RO         4261    .text               mc_w.l(__dczerorl2.o)
    0x080011f2   0x080011f2   0x00000002   PAD
    0x080011f4   0x080011f4   0x0000003c   Code   RO         3485    i.AT_write          iot.o
    0x08001230   0x08001230   0x00000050   Code   RO         3422    i.Aux_Int           lora.o
    0x08001280   0x08001280   0x00000004   Code   RO         3831    i.BusFault_Handler  stm32f10x_it.o
    0x08001284   0x08001284   0x00000002   Code   RO         3832    i.DebugMon_Handler  stm32f10x_it.o
    0x08001286   0x08001286   0x00000002   PAD
    0x08001288   0x08001288   0x00000090   Code   RO         3226    i.EXTI15_10_IRQHandler  key.o
    0x08001318   0x08001318   0x00000078   Code   RO         3423    i.EXTI1_IRQHandler  lora.o
    0x08001390   0x08001390   0x0000000c   Code   RO          985    i.EXTI_ClearITPendingBit  stm32f10x_exti.o
    0x0800139c   0x0800139c   0x00000028   Code   RO          989    i.EXTI_GetITStatus  stm32f10x_exti.o
    0x080013c4   0x080013c4   0x00000094   Code   RO          990    i.EXTI_Init         stm32f10x_exti.o
    0x08001458   0x08001458   0x00000040   Code   RO         1344    i.GPIO_EXTILineConfig  stm32f10x_gpio.o
    0x08001498   0x08001498   0x00000116   Code   RO         1347    i.GPIO_Init         stm32f10x_gpio.o
    0x080015ae   0x080015ae   0x00000012   Code   RO         1351    i.GPIO_ReadInputDataBit  stm32f10x_gpio.o
    0x080015c0   0x080015c0   0x00000004   Code   RO         1354    i.GPIO_ResetBits    stm32f10x_gpio.o
    0x080015c4   0x080015c4   0x00000004   Code   RO         1355    i.GPIO_SetBits      stm32f10x_gpio.o
    0x080015c8   0x080015c8   0x0000000a   Code   RO         1358    i.GPIO_WriteBit     stm32f10x_gpio.o
    0x080015d2   0x080015d2   0x00000004   Code   RO         3833    i.HardFault_Handler  stm32f10x_it.o
    0x080015d6   0x080015d6   0x00000002   PAD
    0x080015d8   0x080015d8   0x0000004c   Code   RO         3486    i.HuaweiIot_DevDate_String_publish  iot.o
    0x08001624   0x08001624   0x0000004c   Code   RO         3487    i.HuaweiIot_DevDate_publish  iot.o
    0x08001670   0x08001670   0x00000120   Code   RO         3488    i.HuaweiIot_SentData  iot.o
    0x08001790   0x08001790   0x000002e4   Code   RO         3489    i.HuaweiIot_init    iot.o
    0x08001a74   0x08001a74   0x00000010   Code   RO         3227    i.Key_GetNum        key.o
    0x08001a84   0x08001a84   0x00000080   Code   RO         3228    i.Key_Init          key.o
    0x08001b04   0x08001b04   0x00000014   Code   RO         3196    i.LED1_OFF          led.o
    0x08001b18   0x08001b18   0x00000014   Code   RO         3197    i.LED1_ON           led.o
    0x08001b2c   0x08001b2c   0x00000034   Code   RO         3199    i.LED_Init          led.o
    0x08001b60   0x08001b60   0x000000fc   Code   RO         3424    i.LoRa_Init         lora.o
    0x08001c5c   0x08001c5c   0x000000ac   Code   RO         3425    i.LoRa_ReceData     lora.o
    0x08001d08   0x08001d08   0x00000030   Code   RO         3426    i.LoRa_SendData     lora.o
    0x08001d38   0x08001d38   0x00000100   Code   RO         3427    i.Lora_set          lora.o
    0x08001e38   0x08001e38   0x00000004   Code   RO         3834    i.MemManage_Handler  stm32f10x_it.o
    0x08001e3c   0x08001e3c   0x000000b8   Code   RO         3531    i.MyUSART_Init      usart2.o
    0x08001ef4   0x08001ef4   0x00000002   Code   RO         3835    i.NMI_Handler       stm32f10x_it.o
    0x08001ef6   0x08001ef6   0x00000002   PAD
    0x08001ef8   0x08001ef8   0x00000070   Code   RO          137    i.NVIC_Init         misc.o
    0x08001f68   0x08001f68   0x00000014   Code   RO          138    i.NVIC_PriorityGroupConfig  misc.o
    0x08001f7c   0x08001f7c   0x0000002a   Code   RO         3308    i.OLED_Clear        oled.o
    0x08001fa6   0x08001fa6   0x00000002   PAD
    0x08001fa8   0x08001fa8   0x0000004c   Code   RO         3309    i.OLED_I2C_Init     oled.o
    0x08001ff4   0x08001ff4   0x00000050   Code   RO         3310    i.OLED_I2C_SendByte  oled.o
    0x08002044   0x08002044   0x00000030   Code   RO         3311    i.OLED_I2C_Start    oled.o
    0x08002074   0x08002074   0x00000028   Code   RO         3312    i.OLED_I2C_Stop     oled.o
    0x0800209c   0x0800209c   0x000000ae   Code   RO         3313    i.OLED_Init         oled.o
    0x0800214a   0x0800214a   0x00000014   Code   RO         3314    i.OLED_Pow          oled.o
    0x0800215e   0x0800215e   0x00000022   Code   RO         3315    i.OLED_SetCursor    oled.o
    0x08002180   0x08002180   0x00000074   Code   RO         3317    i.OLED_ShowCN       oled.o
    0x080021f4   0x080021f4   0x00000074   Code   RO         3318    i.OLED_ShowChar     oled.o
    0x08002268   0x08002268   0x00000044   Code   RO         3320    i.OLED_ShowNum      oled.o
    0x080022ac   0x080022ac   0x00000028   Code   RO         3322    i.OLED_ShowString   oled.o
    0x080022d4   0x080022d4   0x00000020   Code   RO         3323    i.OLED_WriteCommand  oled.o
    0x080022f4   0x080022f4   0x00000020   Code   RO         3324    i.OLED_WriteData    oled.o
    0x08002314   0x08002314   0x00000002   Code   RO         3836    i.PendSV_Handler    stm32f10x_it.o
    0x08002316   0x08002316   0x00000002   PAD
    0x08002318   0x08002318   0x000001ac   Code   RO         3728    i.Process_USART3_Command  usart3.o
    0x080024c4   0x080024c4   0x00000020   Code   RO         1775    i.RCC_APB1PeriphClockCmd  stm32f10x_rcc.o
    0x080024e4   0x080024e4   0x00000020   Code   RO         1776    i.RCC_APB1PeriphResetCmd  stm32f10x_rcc.o
    0x08002504   0x08002504   0x00000020   Code   RO         1777    i.RCC_APB2PeriphClockCmd  stm32f10x_rcc.o
    0x08002524   0x08002524   0x00000020   Code   RO         1778    i.RCC_APB2PeriphResetCmd  stm32f10x_rcc.o
    0x08002544   0x08002544   0x000000d4   Code   RO         1785    i.RCC_GetClocksFreq  stm32f10x_rcc.o
    0x08002618   0x08002618   0x00000002   Code   RO         3837    i.SVC_Handler       stm32f10x_it.o
    0x0800261a   0x0800261a   0x00000008   Code   RO           24    i.SetSysClock       system_stm32f10x.o
    0x08002622   0x08002622   0x00000002   PAD
    0x08002624   0x08002624   0x000000e0   Code   RO           25    i.SetSysClockTo72   system_stm32f10x.o
    0x08002704   0x08002704   0x00000054   Code   RO         3561    i.Start_up          oled_menu.o
    0x08002758   0x08002758   0x00000028   Code   RO          141    i.SysTick_CLKSourceConfig  misc.o
    0x08002780   0x08002780   0x00000002   Code   RO         3838    i.SysTick_Handler   stm32f10x_it.o
    0x08002782   0x08002782   0x00000002   PAD
    0x08002784   0x08002784   0x00000060   Code   RO           27    i.SystemInit        system_stm32f10x.o
    0x080027e4   0x080027e4   0x00000024   Code   RO         3792    i.TIM1_UP_IRQHandler  time1.o
    0x08002808   0x08002808   0x00000028   Code   RO         3644    i.TIM2_IRQHandler   time2.o
    0x08002830   0x08002830   0x0000005a   Code   RO         3645    i.TIM2_Init         time2.o
    0x0800288a   0x0800288a   0x00000002   PAD
    0x0800288c   0x0800288c   0x00000034   Code   RO         3710    i.TIM3_IRQHandler   time3.o
    0x080028c0   0x080028c0   0x00000060   Code   RO         3711    i.TIM3_Init         time3.o
    0x08002920   0x08002920   0x00000006   Code   RO         2416    i.TIM_ClearITPendingBit  stm32f10x_tim.o
    0x08002926   0x08002926   0x00000018   Code   RO         2421    i.TIM_Cmd           stm32f10x_tim.o
    0x0800293e   0x0800293e   0x00000022   Code   RO         2442    i.TIM_GetITStatus   stm32f10x_tim.o
    0x08002960   0x08002960   0x00000012   Code   RO         2446    i.TIM_ITConfig      stm32f10x_tim.o
    0x08002972   0x08002972   0x00000004   Code   RO         2486    i.TIM_SetCounter    stm32f10x_tim.o
    0x08002976   0x08002976   0x00000002   PAD
    0x08002978   0x08002978   0x000000a4   Code   RO         2492    i.TIM_TimeBaseInit  stm32f10x_tim.o
    0x08002a1c   0x08002a1c   0x00000078   Code   RO         3665    i.USART1_IRQHandler  usart1.o
    0x08002a94   0x08002a94   0x000003cc   Code   RO         3532    i.USART2_IRQHandler  usart2.o
    0x08002e60   0x08002e60   0x0000005c   Code   RO         3729    i.USART3_IRQHandler  usart3.o
    0x08002ebc   0x08002ebc   0x000000b0   Code   RO         3730    i.USART3_Init       usart3.o
    0x08002f6c   0x08002f6c   0x00000030   Code   RO         3731    i.USART3_SendByte   usart3.o
    0x08002f9c   0x08002f9c   0x00000016   Code   RO         3733    i.USART3_SendString  usart3.o
    0x08002fb2   0x08002fb2   0x0000004c   Code   RO         3734    i.USART3_SendTemperature  usart3.o
    0x08002ffe   0x08002ffe   0x0000001e   Code   RO         2957    i.USART_ClearITPendingBit  stm32f10x_usart.o
    0x0800301c   0x0800301c   0x00000018   Code   RO         2960    i.USART_Cmd         stm32f10x_usart.o
    0x08003034   0x08003034   0x0000009c   Code   RO         2962    i.USART_DeInit      stm32f10x_usart.o
    0x080030d0   0x080030d0   0x0000001a   Code   RO         2963    i.USART_GetFlagStatus  stm32f10x_usart.o
    0x080030ea   0x080030ea   0x00000054   Code   RO         2964    i.USART_GetITStatus  stm32f10x_usart.o
    0x0800313e   0x0800313e   0x0000004a   Code   RO         2966    i.USART_ITConfig    stm32f10x_usart.o
    0x08003188   0x08003188   0x000000d8   Code   RO         2967    i.USART_Init        stm32f10x_usart.o
    0x08003260   0x08003260   0x0000000a   Code   RO         2974    i.USART_ReceiveData  stm32f10x_usart.o
    0x0800326a   0x0800326a   0x00000008   Code   RO         2977    i.USART_SendData    stm32f10x_usart.o
    0x08003272   0x08003272   0x00000004   Code   RO         3839    i.UsageFault_Handler  stm32f10x_it.o
    0x08003276   0x08003276   0x00000002   PAD
    0x08003278   0x08003278   0x00000020   Code   RO         4148    i.__0printf         mc_w.l(printfa.o)
    0x08003298   0x08003298   0x00000028   Code   RO         4150    i.__0sprintf        mc_w.l(printfa.o)
    0x080032c0   0x080032c0   0x00000024   Code   RO         4154    i.__0vsprintf       mc_w.l(printfa.o)
    0x080032e4   0x080032e4   0x0000000e   Code   RO         4255    i.__scatterload_copy  mc_w.l(handlers.o)
    0x080032f2   0x080032f2   0x00000002   Code   RO         4256    i.__scatterload_null  mc_w.l(handlers.o)
    0x080032f4   0x080032f4   0x0000000e   Code   RO         4257    i.__scatterload_zeroinit  mc_w.l(handlers.o)
    0x08003302   0x08003302   0x00000002   PAD
    0x08003304   0x08003304   0x00000184   Code   RO         4155    i._fp_digits        mc_w.l(printfa.o)
    0x08003488   0x08003488   0x0000000e   Code   RO         4182    i._is_digit         mc_w.l(scanf_fp.o)
    0x08003496   0x08003496   0x00000002   PAD
    0x08003498   0x08003498   0x000006b4   Code   RO         4156    i._printf_core      mc_w.l(printfa.o)
    0x08003b4c   0x08003b4c   0x00000024   Code   RO         4157    i._printf_post_padding  mc_w.l(printfa.o)
    0x08003b70   0x08003b70   0x0000002e   Code   RO         4158    i._printf_pre_padding  mc_w.l(printfa.o)
    0x08003b9e   0x08003b9e   0x0000000a   Code   RO         4160    i._sputc            mc_w.l(printfa.o)
    0x08003ba8   0x08003ba8   0x00000044   Code   RO         3615    i.delay_init        delay.o
    0x08003bec   0x08003bec   0x0000004c   Code   RO         3616    i.delay_ms          delay.o
    0x08003c38   0x08003c38   0x00000024   Code   RO         3533    i.fputc             usart2.o
    0x08003c5c   0x08003c5c   0x0000006c   Code   RO         3562    i.light_sensor      oled_menu.o
    0x08003cc8   0x08003cc8   0x00000034   Code   RO         3428    i.lora_check_cmd    lora.o
    0x08003cfc   0x08003cfc   0x00000080   Code   RO         3429    i.lora_send_cmd     lora.o
    0x08003d7c   0x08003d7c   0x0000007c   Code   RO         3812    i.main              main.o
    0x08003df8   0x08003df8   0x00000098   Code   RO         3563    i.menu_key_set      oled_menu.o
    0x08003e90   0x08003e90   0x00000080   Code   RO         3564    i.soil_sensor       oled_menu.o
    0x08003f10   0x08003f10   0x0000009c   Code   RO         3565    i.somke_sensor      oled_menu.o
    0x08003fac   0x08003fac   0x000000a4   Code   RO         3566    i.tempHumi_sensor   oled_menu.o
    0x08004050   0x08004050   0x00000050   Code   RO         3666    i.u3_printf         usart1.o
    0x080040a0   0x080040a0   0x000000c0   Code   RO         3667    i.usart1_init       usart1.o
    0x08004160   0x08004160   0x00000038   Code   RO         3668    i.usart1_rx         usart1.o
    0x08004198   0x08004198   0x00000ac8   Data   RO         3325    .constdata          oled.o
    0x08004c60   0x08004c60   0x00000040   Data   RO         4251    .constdata          mc_w.l(ctype_c.o)
    0x08004ca0   0x08004ca0   0x00000149   Data   RO         3490    .conststring        iot.o
    0x08004de9   0x08004de9   0x00000003   PAD
    0x08004dec   0x08004dec   0x0000004b   Data   RO         3535    .conststring        usart2.o
    0x08004e37   0x08004e37   0x00000001   PAD
    0x08004e38   0x08004e38   0x00000020   Data   RO         4253    Region$$Table       anon$$obj.o


    Execution Region RW_IRAM1 (Exec base: 0x20000000, Load base: 0x08004e58, Size: 0x00000f08, Max: 0x00005000, ABSOLUTE, COMPRESSED[0x00000044])

    Exec Addr    Load Addr    Size         Type   Attr      Idx    E Section Name        Object

    0x20000000   COMPRESSED   0x00000014   Data   RW           28    .data               system_stm32f10x.o
    0x20000014   COMPRESSED   0x00000014   Data   RW         1805    .data               stm32f10x_rcc.o
    0x20000028   COMPRESSED   0x00000001   Data   RW         3229    .data               key.o
    0x20000029   COMPRESSED   0x00000003   PAD
    0x2000002c   COMPRESSED   0x00000020   Data   RW         3430    .data               lora.o
    0x2000004c   COMPRESSED   0x00000001   Data   RW         3491    .data               iot.o
    0x2000004d   COMPRESSED   0x00000001   PAD
    0x2000004e   COMPRESSED   0x00000004   Data   RW         3536    .data               usart2.o
    0x20000052   COMPRESSED   0x00000002   PAD
    0x20000054   COMPRESSED   0x00000198   Data   RW         3567    .data               oled_menu.o
    0x200001ec   COMPRESSED   0x00000004   Data   RW         3618    .data               delay.o
    0x200001f0   COMPRESSED   0x00000002   Data   RW         3646    .data               time2.o
    0x200001f2   COMPRESSED   0x00000002   Data   RW         3670    .data               usart1.o
    0x200001f4   COMPRESSED   0x0000000e   Data   RW         3736    .data               usart3.o
    0x20000202   COMPRESSED   0x00000001   Data   RW         3793    .data               time1.o
    0x20000203   COMPRESSED   0x00000001   PAD
    0x20000204   COMPRESSED   0x00000004   Data   RW         4208    .data               mc_w.l(stdout.o)
    0x20000208        -       0x00000296   Zero   RW         3534    .bss                usart2.o
    0x2000049e   COMPRESSED   0x00000002   PAD
    0x200004a0        -       0x00000668   Zero   RW         3669    .bss                usart1.o
    0x20000b08        -       0x00000400   Zero   RW            1    STACK               startup_stm32f10x_md.o


==============================================================================

Image component sizes


      Code (inc. data)   RO Data    RW Data    ZI Data      Debug   Object Name

         0          0          0          0          0       4500   core_cm3.o
       144         22          0          4          0       1160   delay.o
      1240        766        329          1          0       3152   iot.o
       288         18          0          1          0       3856   key.o
        92         16          0          0          0       1324   led.o
      1108        306          0         32          0       5455   lora.o
       124         18          0          0          0        503   main.o
       172         22          0          0          0     207441   misc.o
       918         32       2760          0          0       8411   oled.o
       792         78          0        408          0       4144   oled_menu.o
        36          8        236          0       1024        808   startup_stm32f10x_md.o
         0          0          0          0          0       1668   stm32f10x_adc.o
       200         18          0          0          0       4136   stm32f10x_exti.o
       378          4          0          0          0      12990   stm32f10x_gpio.o
        26          0          0          0          0       3818   stm32f10x_it.o
       340         44          0         20          0      14112   stm32f10x_rcc.o
       250         42          0          0          0      24211   stm32f10x_tim.o
       628         28          0          0          0      13158   stm32f10x_usart.o
       328         28          0         20          0      45581   system_stm32f10x.o
        36          8          0          1          0        959   time1.o
       130          8          0          2          0       1628   time2.o
       148         16          0          0          0       1082   time3.o
       448         58          0          2       1640       3578   usart1.o
      1192        352         75          4        662       3230   usart2.o
       842        162          0         14          0       4575   usart3.o

    ----------------------------------------------------------------------
      9880       2054       3436        516       3328     375480   Object Totals
         0          0         32          0          0          0   (incl. Generated)
        20          0          4          7          2          0   (incl. Padding)

    ----------------------------------------------------------------------

      Code (inc. data)   RO Data    RW Data    ZI Data      Debug   Library Member Name

        56          8          0          0          0         84   __0sscanf.o
        86          0          0          0          0          0   __dczerorl2.o
        28          0          0          0          0         68   _chval.o
       816          6          0          0          0        112   _scanf.o
       332          0          0          0          0         96   _scanf_int.o
        64          0          0          0          0         84   _sgetc.o
        40          6         64          0          0         68   ctype_c.o
         0          0          0          0          0          0   entry.o
         0          0          0          0          0          0   entry10a.o
         0          0          0          0          0          0   entry11a.o
         4          0          0          0          0          0   entry12b.o
         8          4          0          0          0          0   entry2.o
         4          0          0          0          0          0   entry5.o
         0          0          0          0          0          0   entry7b.o
         0          0          0          0          0          0   entry8b.o
         8          4          0          0          0          0   entry9a.o
        30          0          0          0          0          0   handlers.o
        36          8          0          0          0         68   init.o
        10          0          0          0          0         68   isspace_c.o
         0          0          0          0          0          0   iusefp.o
        30          0          0          0          0         68   llshl.o
        36          0          0          0          0         68   llsshr.o
        32          0          0          0          0         68   llushr.o
        36          0          0          0          0        108   memseta.o
      2304        102          0          0          0        696   printfa.o
        40          8          0          0          0         84   scanf_char.o
       878         12          0          0          0        216   scanf_fp.o
         0          0          0          4          0          0   stdout.o
        20          0          0          0          0         68   strchr.o
        28          0          0          0          0         76   strcmp.o
        14          0          0          0          0         68   strlen.o
        24          0          0          0          0         76   strncpy.o
        36          0          0          0          0         80   strstr.o
        44          0          0          0          0         80   uidiv.o
        98          0          0          0          0         92   uldiv.o
        48          0          0          0          0         68   cdrcmple.o
        20          0          0          0          0         68   cfcmple.o
        20          0          0          0          0         68   cfrcmple.o
        56          0          0          0          0         88   d2f.o
       334          0          0          0          0        148   dadd.o
       222          0          0          0          0        100   ddiv.o
       186          0          0          0          0        176   depilogue.o
        48          0          0          0          0         68   dfixul.o
        24          0          0          0          0         76   dfltul.o
       228          0          0          0          0         96   dmul.o
       124          0          0          0          0         88   fdiv.o
       110          0          0          0          0        168   fepilogue.o
       100          0          0          0          0         76   fmul.o

    ----------------------------------------------------------------------
      6676        158         64          4          0       3784   Library Totals
        14          0          0          0          0          0   (incl. Padding)

    ----------------------------------------------------------------------

      Code (inc. data)   RO Data    RW Data    ZI Data      Debug   Library Name

      5142        158         64          4          0       2496   mc_w.l
      1520          0          0          0          0       1288   mf_w.l

    ----------------------------------------------------------------------
      6676        158         64          4          0       3784   Library Totals

    ----------------------------------------------------------------------

==============================================================================


      Code (inc. data)   RO Data    RW Data    ZI Data      Debug   

     16556       2212       3500        520       3328     372164   Grand Totals
     16556       2212       3500         68       3328     372164   ELF Image Totals (compressed)
     16556       2212       3500         68          0          0   ROM Totals

==============================================================================

    Total RO  Size (Code + RO Data)                20056 (  19.59kB)
    Total RW  Size (RW Data + ZI Data)              3848 (   3.76kB)
    Total ROM Size (Code + RO Data + RW Data)      20124 (  19.65kB)

==============================================================================

